/home/ezenere/Documents/Faculdade/TCC/src/compress/export_onnx.py:33: DeprecationWarning: You are using the legacy TorchScript-based ONNX export. Starting in PyTorch 2.9, the new torch.export-based ONNX exporter has become the default. Learn more about the new export logic: https://docs.pytorch.org/docs/stable/onnx_export.html. For exporting control flow: https://pytorch.org/tutorials/beginner/onnx/export_control_flow_model_to_onnx_tutorial.html
  torch.onnx.export(
densenet121: runs/eixo1_densenet121_s1/model.onnx (27.0 MiB, 372 nós, opset 17) | paridade ORT-CPU vs PyTorch em 64 imgs: max|Δ| = 3.81e-06, argmax divergentes = 0 -> OK | ORT 143.1 img/s vs PyTorch 77.1 img/s
WARNING:root:Axis 1 is out-of-range for weight 'features.denseblock1.denselayer1.norm1.weight' with rank 1
WARNING:root:Axis 1 is out-of-range for weight 'features.denseblock1.denselayer2.norm1.weight' with rank 1
WARNING:root:Axis 1 is out-of-range for weight 'features.denseblock1.denselayer3.norm1.weight' with rank 1
WARNING:root:Axis 1 is out-of-range for weight 'features.denseblock1.denselayer4.norm1.weight' with rank 1
WARNING:root:Axis 1 is out-of-range for weight 'features.denseblock1.denselayer5.norm1.weight' with rank 1
WARNING:root:Axis 1 is out-of-range for weight 'features.denseblock1.denselayer6.norm1.weight' with rank 1
WARNING:root:Axis 1 is out-of-range for weight 'features.transition1.norm.weight' with rank 1
WARNING:root:Axis 1 is out-of-range for weight 'features.denseblock2.denselayer1.norm1.weight' with rank 1
WARNING:root:Axis 1 is out-of-range for weight 'features.denseblock2.denselayer2.norm1.weight' with rank 1
WARNING:root:Axis 1 is out-of-range for weight 'features.denseblock2.denselayer3.norm1.weight' with rank 1
WARNING:root:Axis 1 is out-of-range for weight 'features.denseblock2.denselayer4.norm1.weight' with rank 1
WARNING:root:Axis 1 is out-of-range for weight 'features.denseblock2.denselayer5.norm1.weight' with rank 1
WARNING:root:Axis 1 is out-of-range for weight 'features.denseblock2.denselayer6.norm1.weight' with rank 1
WARNING:root:Axis 1 is out-of-range for weight 'features.denseblock2.denselayer7.norm1.weight' with rank 1
WARNING:root:Axis 1 is out-of-range for weight 'features.denseblock2.denselayer8.norm1.weight' with rank 1
WARNING:root:Axis 1 is out-of-range for weight 'features.denseblock2.denselayer9.norm1.weight' with rank 1
WARNING:root:Axis 1 is out-of-range for weight 'features.denseblock2.denselayer10.norm1.weight' with rank 1
WARNING:root:Axis 1 is out-of-range for weight 'features.denseblock2.denselayer11.norm1.weight' with rank 1
WARNING:root:Axis 1 is out-of-range for weight 'features.denseblock2.denselayer12.norm1.weight' with rank 1
WARNING:root:Axis 1 is out-of-range for weight 'features.transition2.norm.weight' with rank 1
WARNING:root:Axis 1 is out-of-range for weight 'features.denseblock3.denselayer1.norm1.weight' with rank 1
WARNING:root:Axis 1 is out-of-range for weight 'features.denseblock3.denselayer2.norm1.weight' with rank 1
WARNING:root:Axis 1 is out-of-range for weight 'features.denseblock3.denselayer3.norm1.weight' with rank 1
WARNING:root:Axis 1 is out-of-range for weight 'features.denseblock3.denselayer4.norm1.weight' with rank 1
WARNING:root:Axis 1 is out-of-range for weight 'features.denseblock3.denselayer5.norm1.weight' with rank 1
WARNING:root:Axis 1 is out-of-range for weight 'features.denseblock3.denselayer6.norm1.weight' with rank 1
WARNING:root:Axis 1 is out-of-range for weight 'features.denseblock3.denselayer7.norm1.weight' with rank 1
WARNING:root:Axis 1 is out-of-range for weight 'features.denseblock3.denselayer8.norm1.weight' with rank 1
WARNING:root:Axis 1 is out-of-range for weight 'features.denseblock3.denselayer9.norm1.weight' with rank 1
WARNING:root:Axis 1 is out-of-range for weight 'features.denseblock3.denselayer10.norm1.weight' with rank 1
WARNING:root:Axis 1 is out-of-range for weight 'features.denseblock3.denselayer11.norm1.weight' with rank 1
WARNING:root:Axis 1 is out-of-range for weight 'features.denseblock3.denselayer12.norm1.weight' with rank 1
WARNING:root:Axis 1 is out-of-range for weight 'features.denseblock3.denselayer13.norm1.weight' with rank 1
WARNING:root:Axis 1 is out-of-range for weight 'features.denseblock3.denselayer14.norm1.weight' with rank 1
WARNING:root:Axis 1 is out-of-range for weight 'features.denseblock3.denselayer15.norm1.weight' with rank 1
WARNING:root:Axis 1 is out-of-range for weight 'features.denseblock3.denselayer16.norm1.weight' with rank 1
WARNING:root:Axis 1 is out-of-range for weight 'features.denseblock3.denselayer17.norm1.weight' with rank 1
WARNING:root:Axis 1 is out-of-range for weight 'features.denseblock3.denselayer18.norm1.weight' with rank 1
WARNING:root:Axis 1 is out-of-range for weight 'features.denseblock3.denselayer19.norm1.weight' with rank 1
WARNING:root:Axis 1 is out-of-range for weight 'features.denseblock3.denselayer20.norm1.weight' with rank 1
WARNING:root:Axis 1 is out-of-range for weight 'features.denseblock3.denselayer21.norm1.weight' with rank 1
WARNING:root:Axis 1 is out-of-range for weight 'features.denseblock3.denselayer22.norm1.weight' with rank 1
WARNING:root:Axis 1 is out-of-range for weight 'features.denseblock3.denselayer23.norm1.weight' with rank 1
WARNING:root:Axis 1 is out-of-range for weight 'features.denseblock3.denselayer24.norm1.weight' with rank 1
WARNING:root:Axis 1 is out-of-range for weight 'features.transition3.norm.weight' with rank 1
WARNING:root:Axis 1 is out-of-range for weight 'features.denseblock4.denselayer1.norm1.weight' with rank 1
WARNING:root:Axis 1 is out-of-range for weight 'features.denseblock4.denselayer2.norm1.weight' with rank 1
WARNING:root:Axis 1 is out-of-range for weight 'features.denseblock4.denselayer3.norm1.weight' with rank 1
WARNING:root:Axis 1 is out-of-range for weight 'features.denseblock4.denselayer4.norm1.weight' with rank 1
WARNING:root:Axis 1 is out-of-range for weight 'features.denseblock4.denselayer5.norm1.weight' with rank 1
WARNING:root:Axis 1 is out-of-range for weight 'features.denseblock4.denselayer6.norm1.weight' with rank 1
WARNING:root:Axis 1 is out-of-range for weight 'features.denseblock4.denselayer7.norm1.weight' with rank 1
WARNING:root:Axis 1 is out-of-range for weight 'features.denseblock4.denselayer8.norm1.weight' with rank 1
WARNING:root:Axis 1 is out-of-range for weight 'features.denseblock4.denselayer9.norm1.weight' with rank 1
WARNING:root:Axis 1 is out-of-range for weight 'features.denseblock4.denselayer10.norm1.weight' with rank 1
WARNING:root:Axis 1 is out-of-range for weight 'features.denseblock4.denselayer11.norm1.weight' with rank 1
WARNING:root:Axis 1 is out-of-range for weight 'features.denseblock4.denselayer12.norm1.weight' with rank 1
WARNING:root:Axis 1 is out-of-range for weight 'features.denseblock4.denselayer13.norm1.weight' with rank 1
WARNING:root:Axis 1 is out-of-range for weight 'features.denseblock4.denselayer14.norm1.weight' with rank 1
WARNING:root:Axis 1 is out-of-range for weight 'features.denseblock4.denselayer15.norm1.weight' with rank 1
WARNING:root:Axis 1 is out-of-range for weight 'features.denseblock4.denselayer16.norm1.weight' with rank 1
WARNING:root:Axis 1 is out-of-range for weight 'features.norm5.weight' with rank 1
Collecting tensor data and making histogram ...
Collecting tensor data and making histogram ...
Collecting tensor data and making histogram ...
Collecting tensor data and making histogram ...
Collecting tensor data and making histogram ...
Collecting tensor data and making histogram ...
Collecting tensor data and making histogram ...
Collecting tensor data and making histogram ...
Collecting tensor data and making histogram ...
Collecting tensor data and making histogram ...
Collecting tensor data and making histogram ...
Collecting tensor data and making histogram ...
Collecting tensor data and making histogram ...
Collecting tensor data and making histogram ...
Collecting tensor data and making histogram ...
Collecting tensor data and making histogram ...
Collecting tensor data and making histogram ...
Collecting tensor data and making histogram ...
Collecting tensor data and making histogram ...
Collecting tensor data and making histogram ...
Collecting tensor data and making histogram ...
Collecting tensor data and making histogram ...
Collecting tensor data and making histogram ...
Collecting tensor data and making histogram ...
Collecting tensor data and making histogram ...
Collecting tensor data and making histogram ...
Collecting tensor data and making histogram ...
Collecting tensor data and making histogram ...
Collecting tensor data and making histogram ...
Collecting tensor data and making histogram ...
Collecting tensor data and making histogram ...
Collecting tensor data and making histogram ...
Collecting tensor data and making histogram ...
Collecting tensor data and making histogram ...
Collecting tensor data and making histogram ...
Collecting tensor data and making histogram ...
Collecting tensor data and making histogram ...
Collecting tensor data and making histogram ...
Collecting tensor data and making histogram ...
Collecting tensor data and making histogram ...
Collecting tensor data and making histogram ...
Collecting tensor data and making histogram ...
Collecting tensor data and making histogram ...
Collecting tensor data and making histogram ...
Collecting tensor data and making histogram ...
Collecting tensor data and making histogram ...
Collecting tensor data and making histogram ...
Collecting tensor data and making histogram ...
Collecting tensor data and making histogram ...
Collecting tensor data and making histogram ...
Collecting tensor data and making histogram ...
Collecting tensor data and making histogram ...
Collecting tensor data and making histogram ...
Collecting tensor data and making histogram ...
Collecting tensor data and making histogram ...
Collecting tensor data and making histogram ...
Collecting tensor data and making histogram ...
Collecting tensor data and making histogram ...
Collecting tensor data and making histogram ...
Collecting tensor data and making histogram ...
Collecting tensor data and making histogram ...
Collecting tensor data and making histogram ...
Collecting tensor data and making histogram ...
Collecting tensor data and making histogram ...
Finding optimal threshold for each tensor using 'entropy' algorithm ...
Number of tensors : 373
Number of histogram bins : 128 (The number may increase depends on the data it collects)
Number of quantized bins : 128
densenet121: runs/eixo1_densenet121_s1/model_qdq_int8.onnx (7.7 MiB, 370 QuantizeLinear, 168s) | smoke val n=256: acc qdq 0.9961 vs fp32 0.9961
/home/ezenere/miniconda3/envs/tcc/lib/python3.11/site-packages/onnxconverter_common/float16.py:52: UserWarning: the float32 number 5.3481830075696735e-11 will be truncated to 1e-07
  warnings.warn(
/home/ezenere/miniconda3/envs/tcc/lib/python3.11/site-packages/onnxconverter_common/float16.py:70: UserWarning: the float32 number -2.6305695399742035e-09 will be truncated to -1e-07
  warnings.warn(
/home/ezenere/miniconda3/envs/tcc/lib/python3.11/site-packages/onnxconverter_common/float16.py:52: UserWarning: the float32 number 5.605193857299268e-45 will be truncated to 1e-07
  warnings.warn(
/home/ezenere/miniconda3/envs/tcc/lib/python3.11/site-packages/onnxconverter_common/float16.py:52: UserWarning: the float32 number 8.669567108654519e-08 will be truncated to 1e-07
  warnings.warn(
/home/ezenere/miniconda3/envs/tcc/lib/python3.11/site-packages/onnxconverter_common/float16.py:70: UserWarning: the float32 number -1.0751167955902474e-08 will be truncated to -1e-07
  warnings.warn(
/home/ezenere/miniconda3/envs/tcc/lib/python3.11/site-packages/onnxconverter_common/float16.py:52: UserWarning: the float32 number 1.1098236996076594e-08 will be truncated to 1e-07
  warnings.warn(
/home/ezenere/miniconda3/envs/tcc/lib/python3.11/site-packages/onnxconverter_common/float16.py:52: UserWarning: the float32 number 5.008388814786713e-09 will be truncated to 1e-07
  warnings.warn(
/home/ezenere/miniconda3/envs/tcc/lib/python3.11/site-packages/onnxconverter_common/float16.py:70: UserWarning: the float32 number -1.2928277115520359e-08 will be truncated to -1e-07
  warnings.warn(
/home/ezenere/miniconda3/envs/tcc/lib/python3.11/site-packages/onnxconverter_common/float16.py:70: UserWarning: the float32 number -2.3368649237909267e-08 will be truncated to -1e-07
  warnings.warn(
/home/ezenere/miniconda3/envs/tcc/lib/python3.11/site-packages/onnxconverter_common/float16.py:52: UserWarning: the float32 number 4.551116081219497e-11 will be truncated to 1e-07
  warnings.warn(
/home/ezenere/miniconda3/envs/tcc/lib/python3.11/site-packages/onnxconverter_common/float16.py:70: UserWarning: the float32 number -1.0610885503581358e-09 will be truncated to -1e-07
  warnings.warn(
/home/ezenere/miniconda3/envs/tcc/lib/python3.11/site-packages/onnxconverter_common/float16.py:70: UserWarning: the float32 number -8.694600950320819e-08 will be truncated to -1e-07
  warnings.warn(
/home/ezenere/miniconda3/envs/tcc/lib/python3.11/site-packages/onnxconverter_common/float16.py:52: UserWarning: the float32 number 8.208152213473596e-11 will be truncated to 1e-07
  warnings.warn(
/home/ezenere/miniconda3/envs/tcc/lib/python3.11/site-packages/onnxconverter_common/float16.py:70: UserWarning: the float32 number -3.8657813061782065e-10 will be truncated to -1e-07
  warnings.warn(
/home/ezenere/miniconda3/envs/tcc/lib/python3.11/site-packages/onnxconverter_common/float16.py:70: UserWarning: the float32 number -2.5282820281802287e-09 will be truncated to -1e-07
  warnings.warn(
/home/ezenere/miniconda3/envs/tcc/lib/python3.11/site-packages/onnxconverter_common/float16.py:52: UserWarning: the float32 number 3.67260388767221e-10 will be truncated to 1e-07
  warnings.warn(
/home/ezenere/miniconda3/envs/tcc/lib/python3.11/site-packages/onnxconverter_common/float16.py:70: UserWarning: the float32 number -9.907198617042923e-09 will be truncated to -1e-07
  warnings.warn(
/home/ezenere/miniconda3/envs/tcc/lib/python3.11/site-packages/onnxconverter_common/float16.py:52: UserWarning: the float32 number 1.8303802917785106e-11 will be truncated to 1e-07
  warnings.warn(
/home/ezenere/miniconda3/envs/tcc/lib/python3.11/site-packages/onnxconverter_common/float16.py:70: UserWarning: the float32 number -3.4356805594937256e-11 will be truncated to -1e-07
  warnings.warn(
/home/ezenere/miniconda3/envs/tcc/lib/python3.11/site-packages/onnxconverter_common/float16.py:70: UserWarning: the float32 number -1.3456795677768696e-09 will be truncated to -1e-07
  warnings.warn(
/home/ezenere/miniconda3/envs/tcc/lib/python3.11/site-packages/onnxconverter_common/float16.py:52: UserWarning: the float32 number 2.1271442385284445e-09 will be truncated to 1e-07
  warnings.warn(
/home/ezenere/miniconda3/envs/tcc/lib/python3.11/site-packages/onnxconverter_common/float16.py:70: UserWarning: the float32 number -3.251838265327933e-08 will be truncated to -1e-07
  warnings.warn(
/home/ezenere/miniconda3/envs/tcc/lib/python3.11/site-packages/onnxconverter_common/float16.py:52: UserWarning: the float32 number 5.819232682530151e-12 will be truncated to 1e-07
  warnings.warn(
/home/ezenere/miniconda3/envs/tcc/lib/python3.11/site-packages/onnxconverter_common/float16.py:70: UserWarning: the float32 number -9.416474544554632e-12 will be truncated to -1e-07
  warnings.warn(
/home/ezenere/miniconda3/envs/tcc/lib/python3.11/site-packages/onnxconverter_common/float16.py:52: UserWarning: the float32 number 8.72983574318198e-10 will be truncated to 1e-07
  warnings.warn(
/home/ezenere/miniconda3/envs/tcc/lib/python3.11/site-packages/onnxconverter_common/float16.py:70: UserWarning: the float32 number -4.492016536516985e-09 will be truncated to -1e-07
  warnings.warn(
/home/ezenere/miniconda3/envs/tcc/lib/python3.11/site-packages/onnxconverter_common/float16.py:52: UserWarning: the float32 number 1.2996530074360635e-08 will be truncated to 1e-07
  warnings.warn(
/home/ezenere/miniconda3/envs/tcc/lib/python3.11/site-packages/onnxconverter_common/float16.py:52: UserWarning: the float32 number 1.3297486445296158e-09 will be truncated to 1e-07
  warnings.warn(
/home/ezenere/miniconda3/envs/tcc/lib/python3.11/site-packages/onnxconverter_common/float16.py:70: UserWarning: the float32 number -6.098105842511359e-08 will be truncated to -1e-07
  warnings.warn(
/home/ezenere/miniconda3/envs/tcc/lib/python3.11/site-packages/onnxconverter_common/float16.py:70: UserWarning: the float32 number -1.4226596789512769e-08 will be truncated to -1e-07
  warnings.warn(
/home/ezenere/miniconda3/envs/tcc/lib/python3.11/site-packages/onnxconverter_common/float16.py:52: UserWarning: the float32 number 3.0529057060135756e-09 will be truncated to 1e-07
  warnings.warn(
/home/ezenere/miniconda3/envs/tcc/lib/python3.11/site-packages/onnxconverter_common/float16.py:70: UserWarning: the float32 number -3.709279283725664e-08 will be truncated to -1e-07
  warnings.warn(
/home/ezenere/miniconda3/envs/tcc/lib/python3.11/site-packages/onnxconverter_common/float16.py:52: UserWarning: the float32 number 3.983775809235368e-10 will be truncated to 1e-07
  warnings.warn(
/home/ezenere/miniconda3/envs/tcc/lib/python3.11/site-packages/onnxconverter_common/float16.py:70: UserWarning: the float32 number -6.320082679422967e-09 will be truncated to -1e-07
  warnings.warn(
/home/ezenere/miniconda3/envs/tcc/lib/python3.11/site-packages/onnxconverter_common/float16.py:70: UserWarning: the float32 number -6.3926313131901225e-09 will be truncated to -1e-07
  warnings.warn(
/home/ezenere/miniconda3/envs/tcc/lib/python3.11/site-packages/onnxconverter_common/float16.py:52: UserWarning: the float32 number 3.0356688274224553e-09 will be truncated to 1e-07
  warnings.warn(
/home/ezenere/miniconda3/envs/tcc/lib/python3.11/site-packages/onnxconverter_common/float16.py:70: UserWarning: the float32 number -1.0321878463059875e-08 will be truncated to -1e-07
  warnings.warn(
/home/ezenere/miniconda3/envs/tcc/lib/python3.11/site-packages/onnxconverter_common/float16.py:70: UserWarning: the float32 number -1.7869334456577235e-08 will be truncated to -1e-07
  warnings.warn(
/home/ezenere/miniconda3/envs/tcc/lib/python3.11/site-packages/onnxconverter_common/float16.py:52: UserWarning: the float32 number 1.5675399867021156e-10 will be truncated to 1e-07
  warnings.warn(
/home/ezenere/miniconda3/envs/tcc/lib/python3.11/site-packages/onnxconverter_common/float16.py:70: UserWarning: the float32 number -4.195744196522355e-09 will be truncated to -1e-07
  warnings.warn(
/home/ezenere/miniconda3/envs/tcc/lib/python3.11/site-packages/onnxconverter_common/float16.py:52: UserWarning: the float32 number 6.09155503816794e-11 will be truncated to 1e-07
  warnings.warn(
/home/ezenere/miniconda3/envs/tcc/lib/python3.11/site-packages/onnxconverter_common/float16.py:70: UserWarning: the float32 number -1.634347546186632e-09 will be truncated to -1e-07
  warnings.warn(
/home/ezenere/miniconda3/envs/tcc/lib/python3.11/site-packages/onnxconverter_common/float16.py:70: UserWarning: the float32 number -9.582523219364703e-09 will be truncated to -1e-07
  warnings.warn(
/home/ezenere/miniconda3/envs/tcc/lib/python3.11/site-packages/onnxconverter_common/float16.py:52: UserWarning: the float32 number 1.4557303140705358e-09 will be truncated to 1e-07
  warnings.warn(
/home/ezenere/miniconda3/envs/tcc/lib/python3.11/site-packages/onnxconverter_common/float16.py:70: UserWarning: the float32 number -1.870820298677245e-08 will be truncated to -1e-07
  warnings.warn(
/home/ezenere/miniconda3/envs/tcc/lib/python3.11/site-packages/onnxconverter_common/float16.py:70: UserWarning: the float32 number -9.469191653010967e-09 will be truncated to -1e-07
  warnings.warn(
/home/ezenere/miniconda3/envs/tcc/lib/python3.11/site-packages/onnxconverter_common/float16.py:52: UserWarning: the float32 number 2.2205078054060579e-10 will be truncated to 1e-07
  warnings.warn(
/home/ezenere/miniconda3/envs/tcc/lib/python3.11/site-packages/onnxconverter_common/float16.py:70: UserWarning: the float32 number -5.032059213760931e-09 will be truncated to -1e-07
  warnings.warn(
/home/ezenere/miniconda3/envs/tcc/lib/python3.11/site-packages/onnxconverter_common/float16.py:52: UserWarning: the float32 number 4.946157372565096e-10 will be truncated to 1e-07
  warnings.warn(
/home/ezenere/miniconda3/envs/tcc/lib/python3.11/site-packages/onnxconverter_common/float16.py:70: UserWarning: the float32 number -7.324621353888006e-09 will be truncated to -1e-07
  warnings.warn(
/home/ezenere/miniconda3/envs/tcc/lib/python3.11/site-packages/onnxconverter_common/float16.py:52: UserWarning: the float32 number 2.0203170247867774e-09 will be truncated to 1e-07
  warnings.warn(
/home/ezenere/miniconda3/envs/tcc/lib/python3.11/site-packages/onnxconverter_common/float16.py:70: UserWarning: the float32 number -3.690203143058568e-10 will be truncated to -1e-07
  warnings.warn(
/home/ezenere/miniconda3/envs/tcc/lib/python3.11/site-packages/onnxconverter_common/float16.py:70: UserWarning: the float32 number -6.5045853148149035e-09 will be truncated to -1e-07
  warnings.warn(
/home/ezenere/miniconda3/envs/tcc/lib/python3.11/site-packages/onnxconverter_common/float16.py:52: UserWarning: the float32 number 2.3606581578405894e-08 will be truncated to 1e-07
  warnings.warn(
/home/ezenere/miniconda3/envs/tcc/lib/python3.11/site-packages/onnxconverter_common/float16.py:70: UserWarning: the float32 number -8.329940470730435e-08 will be truncated to -1e-07
  warnings.warn(
/home/ezenere/miniconda3/envs/tcc/lib/python3.11/site-packages/onnxconverter_common/float16.py:52: UserWarning: the float32 number 1.109533021015352e-09 will be truncated to 1e-07
  warnings.warn(
/home/ezenere/miniconda3/envs/tcc/lib/python3.11/site-packages/onnxconverter_common/float16.py:70: UserWarning: the float32 number -7.301940163628728e-10 will be truncated to -1e-07
  warnings.warn(
/home/ezenere/miniconda3/envs/tcc/lib/python3.11/site-packages/onnxconverter_common/float16.py:70: UserWarning: the float32 number -6.077165437545773e-08 will be truncated to -1e-07
  warnings.warn(
/home/ezenere/miniconda3/envs/tcc/lib/python3.11/site-packages/onnxconverter_common/float16.py:52: UserWarning: the float32 number 7.0988326328347284e-09 will be truncated to 1e-07
  warnings.warn(
/home/ezenere/miniconda3/envs/tcc/lib/python3.11/site-packages/onnxconverter_common/float16.py:70: UserWarning: the float32 number -6.036469812897849e-08 will be truncated to -1e-07
  warnings.warn(
/home/ezenere/miniconda3/envs/tcc/lib/python3.11/site-packages/onnxconverter_common/float16.py:52: UserWarning: the float32 number 3.1531286026620364e-08 will be truncated to 1e-07
  warnings.warn(
/home/ezenere/miniconda3/envs/tcc/lib/python3.11/site-packages/onnxconverter_common/float16.py:70: UserWarning: the float32 number -4.256651031653291e-09 will be truncated to -1e-07
  warnings.warn(
/home/ezenere/miniconda3/envs/tcc/lib/python3.11/site-packages/onnxconverter_common/float16.py:70: UserWarning: the float32 number -5.143095549442478e-08 will be truncated to -1e-07
  warnings.warn(
/home/ezenere/miniconda3/envs/tcc/lib/python3.11/site-packages/onnxconverter_common/float16.py:52: UserWarning: the float32 number 5.958964877095241e-08 will be truncated to 1e-07
  warnings.warn(
/home/ezenere/miniconda3/envs/tcc/lib/python3.11/site-packages/onnxconverter_common/float16.py:52: UserWarning: the float32 number 1.1641556607600023e-09 will be truncated to 1e-07
  warnings.warn(
/home/ezenere/miniconda3/envs/tcc/lib/python3.11/site-packages/onnxconverter_common/float16.py:70: UserWarning: the float32 number -7.573177640551876e-08 will be truncated to -1e-07
  warnings.warn(
/home/ezenere/miniconda3/envs/tcc/lib/python3.11/site-packages/onnxconverter_common/float16.py:70: UserWarning: the float32 number -1.632362511827523e-08 will be truncated to -1e-07
  warnings.warn(
/home/ezenere/miniconda3/envs/tcc/lib/python3.11/site-packages/onnxconverter_common/float16.py:52: UserWarning: the float32 number 2.1673598027405205e-08 will be truncated to 1e-07
  warnings.warn(
/home/ezenere/miniconda3/envs/tcc/lib/python3.11/site-packages/onnxconverter_common/float16.py:52: UserWarning: the float32 number 3.6471530240334005e-09 will be truncated to 1e-07
  warnings.warn(
/home/ezenere/miniconda3/envs/tcc/lib/python3.11/site-packages/onnxconverter_common/float16.py:70: UserWarning: the float32 number -5.648869816354818e-08 will be truncated to -1e-07
  warnings.warn(
/home/ezenere/miniconda3/envs/tcc/lib/python3.11/site-packages/onnxconverter_common/float16.py:52: UserWarning: the float32 number 3.711905094405665e-08 will be truncated to 1e-07
  warnings.warn(
/home/ezenere/miniconda3/envs/tcc/lib/python3.11/site-packages/onnxconverter_common/float16.py:52: UserWarning: the float32 number 7.458494621914724e-08 will be truncated to 1e-07
  warnings.warn(
/home/ezenere/miniconda3/envs/tcc/lib/python3.11/site-packages/onnxconverter_common/float16.py:52: UserWarning: the float32 number 2.3774433532963712e-09 will be truncated to 1e-07
  warnings.warn(
/home/ezenere/miniconda3/envs/tcc/lib/python3.11/site-packages/onnxconverter_common/float16.py:70: UserWarning: the float32 number -1.9656335586981655e-11 will be truncated to -1e-07
  warnings.warn(
/home/ezenere/miniconda3/envs/tcc/lib/python3.11/site-packages/onnxconverter_common/float16.py:70: UserWarning: the float32 number -2.322285697076154e-09 will be truncated to -1e-07
  warnings.warn(
/home/ezenere/miniconda3/envs/tcc/lib/python3.11/site-packages/onnxconverter_common/float16.py:52: UserWarning: the float32 number 4.8583550515957086e-09 will be truncated to 1e-07
  warnings.warn(
/home/ezenere/miniconda3/envs/tcc/lib/python3.11/site-packages/onnxconverter_common/float16.py:70: UserWarning: the float32 number -3.933323711180492e-08 will be truncated to -1e-07
  warnings.warn(
/home/ezenere/miniconda3/envs/tcc/lib/python3.11/site-packages/onnxconverter_common/float16.py:70: UserWarning: the float32 number -4.816238963201158e-09 will be truncated to -1e-07
  warnings.warn(
/home/ezenere/miniconda3/envs/tcc/lib/python3.11/site-packages/onnxconverter_common/float16.py:52: UserWarning: the float32 number 8.039750198918227e-09 will be truncated to 1e-07
  warnings.warn(
/home/ezenere/miniconda3/envs/tcc/lib/python3.11/site-packages/onnxconverter_common/float16.py:70: UserWarning: the float32 number -6.337139524248414e-08 will be truncated to -1e-07
  warnings.warn(
/home/ezenere/miniconda3/envs/tcc/lib/python3.11/site-packages/onnxconverter_common/float16.py:52: UserWarning: the float32 number 1.041394437351073e-08 will be truncated to 1e-07
  warnings.warn(
/home/ezenere/miniconda3/envs/tcc/lib/python3.11/site-packages/onnxconverter_common/float16.py:70: UserWarning: the float32 number -5.32425268318093e-08 will be truncated to -1e-07
  warnings.warn(
/home/ezenere/miniconda3/envs/tcc/lib/python3.11/site-packages/onnxconverter_common/float16.py:52: UserWarning: the float32 number 2.034100221592894e-09 will be truncated to 1e-07
  warnings.warn(
/home/ezenere/miniconda3/envs/tcc/lib/python3.11/site-packages/onnxconverter_common/float16.py:70: UserWarning: the float32 number -2.5290937344379927e-08 will be truncated to -1e-07
  warnings.warn(
/home/ezenere/miniconda3/envs/tcc/lib/python3.11/site-packages/onnxconverter_common/float16.py:52: UserWarning: the float32 number 1.6572405669990076e-08 will be truncated to 1e-07
  warnings.warn(
/home/ezenere/miniconda3/envs/tcc/lib/python3.11/site-packages/onnxconverter_common/float16.py:52: UserWarning: the float32 number 2.117217956509876e-09 will be truncated to 1e-07
  warnings.warn(
/home/ezenere/miniconda3/envs/tcc/lib/python3.11/site-packages/onnxconverter_common/float16.py:70: UserWarning: the float32 number -1.703115515283571e-08 will be truncated to -1e-07
  warnings.warn(
/home/ezenere/miniconda3/envs/tcc/lib/python3.11/site-packages/onnxconverter_common/float16.py:52: UserWarning: the float32 number 2.212907856957713e-09 will be truncated to 1e-07
  warnings.warn(
/home/ezenere/miniconda3/envs/tcc/lib/python3.11/site-packages/onnxconverter_common/float16.py:70: UserWarning: the float32 number -3.0044741805568265e-08 will be truncated to -1e-07
  warnings.warn(
/home/ezenere/miniconda3/envs/tcc/lib/python3.11/site-packages/onnxconverter_common/float16.py:52: UserWarning: the float32 number 5.929743918109409e-10 will be truncated to 1e-07
  warnings.warn(
/home/ezenere/miniconda3/envs/tcc/lib/python3.11/site-packages/onnxconverter_common/float16.py:70: UserWarning: the float32 number -6.9383396805733355e-09 will be truncated to -1e-07
  warnings.warn(
/home/ezenere/miniconda3/envs/tcc/lib/python3.11/site-packages/onnxconverter_common/float16.py:52: UserWarning: the float32 number 9.427903080450051e-08 will be truncated to 1e-07
  warnings.warn(
/home/ezenere/miniconda3/envs/tcc/lib/python3.11/site-packages/onnxconverter_common/float16.py:52: UserWarning: the float32 number 1.689896222956122e-09 will be truncated to 1e-07
  warnings.warn(
/home/ezenere/miniconda3/envs/tcc/lib/python3.11/site-packages/onnxconverter_common/float16.py:70: UserWarning: the float32 number -1.0332091848752611e-09 will be truncated to -1e-07
  warnings.warn(
/home/ezenere/miniconda3/envs/tcc/lib/python3.11/site-packages/onnxconverter_common/float16.py:70: UserWarning: the float32 number -1.4243487278520206e-08 will be truncated to -1e-07
  warnings.warn(
/home/ezenere/miniconda3/envs/tcc/lib/python3.11/site-packages/onnxconverter_common/float16.py:52: UserWarning: the float32 number 4.18996677353789e-08 will be truncated to 1e-07
  warnings.warn(
/home/ezenere/miniconda3/envs/tcc/lib/python3.11/site-packages/onnxconverter_common/float16.py:52: UserWarning: the float32 number 1.9587340083226934e-10 will be truncated to 1e-07
  warnings.warn(
/home/ezenere/miniconda3/envs/tcc/lib/python3.11/site-packages/onnxconverter_common/float16.py:70: UserWarning: the float32 number -2.0043406934178165e-08 will be truncated to -1e-07
  warnings.warn(
/home/ezenere/miniconda3/envs/tcc/lib/python3.11/site-packages/onnxconverter_common/float16.py:70: UserWarning: the float32 number -6.484668801931548e-09 will be truncated to -1e-07
  warnings.warn(
/home/ezenere/miniconda3/envs/tcc/lib/python3.11/site-packages/onnxconverter_common/float16.py:52: UserWarning: the float32 number 1.3889572825220853e-09 will be truncated to 1e-07
  warnings.warn(
/home/ezenere/miniconda3/envs/tcc/lib/python3.11/site-packages/onnxconverter_common/float16.py:70: UserWarning: the float32 number -7.23776816258237e-09 will be truncated to -1e-07
  warnings.warn(
/home/ezenere/miniconda3/envs/tcc/lib/python3.11/site-packages/onnxconverter_common/float16.py:70: UserWarning: the float32 number -1.5280214427093597e-08 will be truncated to -1e-07
  warnings.warn(
/home/ezenere/miniconda3/envs/tcc/lib/python3.11/site-packages/onnxconverter_common/float16.py:52: UserWarning: the float32 number 3.1494828078848514e-08 will be truncated to 1e-07
  warnings.warn(
/home/ezenere/miniconda3/envs/tcc/lib/python3.11/site-packages/onnxconverter_common/float16.py:70: UserWarning: the float32 number -7.734176854512498e-09 will be truncated to -1e-07
  warnings.warn(
/home/ezenere/miniconda3/envs/tcc/lib/python3.11/site-packages/onnxconverter_common/float16.py:52: UserWarning: the float32 number 2.1424413354509397e-09 will be truncated to 1e-07
  warnings.warn(
/home/ezenere/miniconda3/envs/tcc/lib/python3.11/site-packages/onnxconverter_common/float16.py:70: UserWarning: the float32 number -3.554407612682553e-08 will be truncated to -1e-07
  warnings.warn(
/home/ezenere/miniconda3/envs/tcc/lib/python3.11/site-packages/onnxconverter_common/float16.py:70: UserWarning: the float32 number -3.039871643295555e-08 will be truncated to -1e-07
  warnings.warn(
/home/ezenere/miniconda3/envs/tcc/lib/python3.11/site-packages/onnxconverter_common/float16.py:52: UserWarning: the float32 number 6.074778458042829e-09 will be truncated to 1e-07
  warnings.warn(
/home/ezenere/miniconda3/envs/tcc/lib/python3.11/site-packages/onnxconverter_common/float16.py:70: UserWarning: the float32 number -9.962553093600945e-08 will be truncated to -1e-07
  warnings.warn(
/home/ezenere/miniconda3/envs/tcc/lib/python3.11/site-packages/onnxconverter_common/float16.py:52: UserWarning: the float32 number 3.73439140721743e-10 will be truncated to 1e-07
  warnings.warn(
/home/ezenere/miniconda3/envs/tcc/lib/python3.11/site-packages/onnxconverter_common/float16.py:70: UserWarning: the float32 number -3.6202452147193753e-10 will be truncated to -1e-07
  warnings.warn(
/home/ezenere/miniconda3/envs/tcc/lib/python3.11/site-packages/onnxconverter_common/float16.py:70: UserWarning: the float32 number -7.718136352252714e-09 will be truncated to -1e-07
  warnings.warn(
/home/ezenere/miniconda3/envs/tcc/lib/python3.11/site-packages/onnxconverter_common/float16.py:52: UserWarning: the float32 number 6.010568398551186e-08 will be truncated to 1e-07
  warnings.warn(
/home/ezenere/miniconda3/envs/tcc/lib/python3.11/site-packages/onnxconverter_common/float16.py:52: UserWarning: the float32 number 6.744418218351811e-11 will be truncated to 1e-07
  warnings.warn(
/home/ezenere/miniconda3/envs/tcc/lib/python3.11/site-packages/onnxconverter_common/float16.py:70: UserWarning: the float32 number -3.4612068766648463e-10 will be truncated to -1e-07
  warnings.warn(
/home/ezenere/miniconda3/envs/tcc/lib/python3.11/site-packages/onnxconverter_common/float16.py:70: UserWarning: the float32 number -2.391971287707406e-09 will be truncated to -1e-07
  warnings.warn(
/home/ezenere/miniconda3/envs/tcc/lib/python3.11/site-packages/onnxconverter_common/float16.py:52: UserWarning: the float32 number 1.8173892391004642e-09 will be truncated to 1e-07
  warnings.warn(
/home/ezenere/miniconda3/envs/tcc/lib/python3.11/site-packages/onnxconverter_common/float16.py:70: UserWarning: the float32 number -1.3638570828256036e-10 will be truncated to -1e-07
  warnings.warn(
/home/ezenere/miniconda3/envs/tcc/lib/python3.11/site-packages/onnxconverter_common/float16.py:70: UserWarning: the float32 number -1.8123996525787334e-08 will be truncated to -1e-07
  warnings.warn(
/home/ezenere/miniconda3/envs/tcc/lib/python3.11/site-packages/onnxconverter_common/float16.py:52: UserWarning: the float32 number 7.470677722276609e-12 will be truncated to 1e-07
  warnings.warn(
/home/ezenere/miniconda3/envs/tcc/lib/python3.11/site-packages/onnxconverter_common/float16.py:70: UserWarning: the float32 number -3.3658978382256066e-10 will be truncated to -1e-07
  warnings.warn(
/home/ezenere/miniconda3/envs/tcc/lib/python3.11/site-packages/onnxconverter_common/float16.py:70: UserWarning: the float32 number -3.0217528479425937e-09 will be truncated to -1e-07
  warnings.warn(
/home/ezenere/miniconda3/envs/tcc/lib/python3.11/site-packages/onnxconverter_common/float16.py:52: UserWarning: the float32 number 7.289211595429279e-11 will be truncated to 1e-07
  warnings.warn(
/home/ezenere/miniconda3/envs/tcc/lib/python3.11/site-packages/onnxconverter_common/float16.py:70: UserWarning: the float32 number -8.322293548745918e-11 will be truncated to -1e-07
  warnings.warn(
/home/ezenere/miniconda3/envs/tcc/lib/python3.11/site-packages/onnxconverter_common/float16.py:52: UserWarning: the float32 number 2.243014385339137e-10 will be truncated to 1e-07
  warnings.warn(
/home/ezenere/miniconda3/envs/tcc/lib/python3.11/site-packages/onnxconverter_common/float16.py:70: UserWarning: the float32 number -2.579635116628509e-10 will be truncated to -1e-07
  warnings.warn(
/home/ezenere/miniconda3/envs/tcc/lib/python3.11/site-packages/onnxconverter_common/float16.py:70: UserWarning: the float32 number -2.4157651434819627e-09 will be truncated to -1e-07
  warnings.warn(
/home/ezenere/miniconda3/envs/tcc/lib/python3.11/site-packages/onnxconverter_common/float16.py:52: UserWarning: the float32 number 1.0104610204120235e-10 will be truncated to 1e-07
  warnings.warn(
/home/ezenere/miniconda3/envs/tcc/lib/python3.11/site-packages/onnxconverter_common/float16.py:70: UserWarning: the float32 number -1.418854270185399e-11 will be truncated to -1e-07
  warnings.warn(
/home/ezenere/miniconda3/envs/tcc/lib/python3.11/site-packages/onnxconverter_common/float16.py:70: UserWarning: the float32 number -2.2999793181099903e-09 will be truncated to -1e-07
  warnings.warn(
/home/ezenere/miniconda3/envs/tcc/lib/python3.11/site-packages/onnxconverter_common/float16.py:52: UserWarning: the float32 number 4.477719972584282e-09 will be truncated to 1e-07
  warnings.warn(
/home/ezenere/miniconda3/envs/tcc/lib/python3.11/site-packages/onnxconverter_common/float16.py:52: UserWarning: the float32 number 2.4807510212720985e-11 will be truncated to 1e-07
  warnings.warn(
/home/ezenere/miniconda3/envs/tcc/lib/python3.11/site-packages/onnxconverter_common/float16.py:70: UserWarning: the float32 number -1.5649116724691936e-10 will be truncated to -1e-07
  warnings.warn(
/home/ezenere/miniconda3/envs/tcc/lib/python3.11/site-packages/onnxconverter_common/float16.py:70: UserWarning: the float32 number -6.641403538232282e-10 will be truncated to -1e-07
  warnings.warn(
/home/ezenere/miniconda3/envs/tcc/lib/python3.11/site-packages/onnxconverter_common/float16.py:52: UserWarning: the float32 number 7.71502306484706e-11 will be truncated to 1e-07
  warnings.warn(
/home/ezenere/miniconda3/envs/tcc/lib/python3.11/site-packages/onnxconverter_common/float16.py:70: UserWarning: the float32 number -1.3473941407049495e-10 will be truncated to -1e-07
  warnings.warn(
/home/ezenere/miniconda3/envs/tcc/lib/python3.11/site-packages/onnxconverter_common/float16.py:70: UserWarning: the float32 number -2.759913853012108e-09 will be truncated to -1e-07
  warnings.warn(
/home/ezenere/miniconda3/envs/tcc/lib/python3.11/site-packages/onnxconverter_common/float16.py:52: UserWarning: the float32 number 3.767903322682287e-08 will be truncated to 1e-07
  warnings.warn(
/home/ezenere/miniconda3/envs/tcc/lib/python3.11/site-packages/onnxconverter_common/float16.py:52: UserWarning: the float32 number 7.025095088986077e-11 will be truncated to 1e-07
  warnings.warn(
/home/ezenere/miniconda3/envs/tcc/lib/python3.11/site-packages/onnxconverter_common/float16.py:70: UserWarning: the float32 number -2.356391817781578e-11 will be truncated to -1e-07
  warnings.warn(
/home/ezenere/miniconda3/envs/tcc/lib/python3.11/site-packages/onnxconverter_common/float16.py:70: UserWarning: the float32 number -1.6690373527694646e-09 will be truncated to -1e-07
  warnings.warn(
/home/ezenere/miniconda3/envs/tcc/lib/python3.11/site-packages/onnxconverter_common/float16.py:52: UserWarning: the float32 number 4.181984619711088e-11 will be truncated to 1e-07
  warnings.warn(
/home/ezenere/miniconda3/envs/tcc/lib/python3.11/site-packages/onnxconverter_common/float16.py:70: UserWarning: the float32 number -7.413247793408573e-11 will be truncated to -1e-07
  warnings.warn(
/home/ezenere/miniconda3/envs/tcc/lib/python3.11/site-packages/onnxconverter_common/float16.py:70: UserWarning: the float32 number -2.673586019241725e-09 will be truncated to -1e-07
  warnings.warn(
/home/ezenere/miniconda3/envs/tcc/lib/python3.11/site-packages/onnxconverter_common/float16.py:52: UserWarning: the float32 number 1.0371039443901608e-10 will be truncated to 1e-07
  warnings.warn(
/home/ezenere/miniconda3/envs/tcc/lib/python3.11/site-packages/onnxconverter_common/float16.py:70: UserWarning: the float32 number -8.194056544397199e-11 will be truncated to -1e-07
  warnings.warn(
/home/ezenere/miniconda3/envs/tcc/lib/python3.11/site-packages/onnxconverter_common/float16.py:70: UserWarning: the float32 number -1.2027955298421489e-09 will be truncated to -1e-07
  warnings.warn(
/home/ezenere/miniconda3/envs/tcc/lib/python3.11/site-packages/onnxconverter_common/float16.py:70: UserWarning: the float32 number -1.2685392292155484e-08 will be truncated to -1e-07
  warnings.warn(
/home/ezenere/miniconda3/envs/tcc/lib/python3.11/site-packages/onnxconverter_common/float16.py:52: UserWarning: the float32 number 1.3016345813687824e-11 will be truncated to 1e-07
  warnings.warn(
/home/ezenere/miniconda3/envs/tcc/lib/python3.11/site-packages/onnxconverter_common/float16.py:70: UserWarning: the float32 number -3.1281401080551774e-11 will be truncated to -1e-07
  warnings.warn(
/home/ezenere/miniconda3/envs/tcc/lib/python3.11/site-packages/onnxconverter_common/float16.py:70: UserWarning: the float32 number -5.846666484288221e-10 will be truncated to -1e-07
  warnings.warn(
/home/ezenere/miniconda3/envs/tcc/lib/python3.11/site-packages/onnxconverter_common/float16.py:70: UserWarning: the float32 number -6.311241307344062e-09 will be truncated to -1e-07
  warnings.warn(
/home/ezenere/miniconda3/envs/tcc/lib/python3.11/site-packages/onnxconverter_common/float16.py:52: UserWarning: the float32 number 1.0678651712892062e-10 will be truncated to 1e-07
  warnings.warn(
/home/ezenere/miniconda3/envs/tcc/lib/python3.11/site-packages/onnxconverter_common/float16.py:70: UserWarning: the float32 number -1.403688137946446e-10 will be truncated to -1e-07
  warnings.warn(
/home/ezenere/miniconda3/envs/tcc/lib/python3.11/site-packages/onnxconverter_common/float16.py:70: UserWarning: the float32 number -2.085354333658529e-09 will be truncated to -1e-07
  warnings.warn(
/home/ezenere/miniconda3/envs/tcc/lib/python3.11/site-packages/onnxconverter_common/float16.py:70: UserWarning: the float32 number -7.47371871057112e-08 will be truncated to -1e-07
  warnings.warn(
/home/ezenere/miniconda3/envs/tcc/lib/python3.11/site-packages/onnxconverter_common/float16.py:52: UserWarning: the float32 number 7.819706425836357e-18 will be truncated to 1e-07
  warnings.warn(
/home/ezenere/miniconda3/envs/tcc/lib/python3.11/site-packages/onnxconverter_common/float16.py:70: UserWarning: the float32 number -1.7144346546099024e-16 will be truncated to -1e-07
  warnings.warn(
/home/ezenere/miniconda3/envs/tcc/lib/python3.11/site-packages/onnxconverter_common/float16.py:70: UserWarning: the float32 number -4.44839258761931e-08 will be truncated to -1e-07
  warnings.warn(
/home/ezenere/miniconda3/envs/tcc/lib/python3.11/site-packages/onnxconverter_common/float16.py:52: UserWarning: the float32 number 1.7380813802092554e-11 will be truncated to 1e-07
  warnings.warn(
/home/ezenere/miniconda3/envs/tcc/lib/python3.11/site-packages/onnxconverter_common/float16.py:70: UserWarning: the float32 number -4.103179254699718e-11 will be truncated to -1e-07
  warnings.warn(
/home/ezenere/miniconda3/envs/tcc/lib/python3.11/site-packages/onnxconverter_common/float16.py:52: UserWarning: the float32 number 1.1809280983654524e-11 will be truncated to 1e-07
  warnings.warn(
/home/ezenere/miniconda3/envs/tcc/lib/python3.11/site-packages/onnxconverter_common/float16.py:70: UserWarning: the float32 number -2.1974314728945288e-11 will be truncated to -1e-07
  warnings.warn(
/home/ezenere/miniconda3/envs/tcc/lib/python3.11/site-packages/onnxconverter_common/float16.py:52: UserWarning: the float32 number 3.865837858163523e-11 will be truncated to 1e-07
  warnings.warn(
/home/ezenere/miniconda3/envs/tcc/lib/python3.11/site-packages/onnxconverter_common/float16.py:70: UserWarning: the float32 number -1.0925883461854191e-11 will be truncated to -1e-07
  warnings.warn(
/home/ezenere/miniconda3/envs/tcc/lib/python3.11/site-packages/onnxconverter_common/float16.py:52: UserWarning: the float32 number 2.6591326363067935e-11 will be truncated to 1e-07
  warnings.warn(
/home/ezenere/miniconda3/envs/tcc/lib/python3.11/site-packages/onnxconverter_common/float16.py:70: UserWarning: the float32 number -2.341733404409574e-11 will be truncated to -1e-07
  warnings.warn(
/home/ezenere/miniconda3/envs/tcc/lib/python3.11/site-packages/onnxconverter_common/float16.py:52: UserWarning: the float32 number 2.406591939618785e-11 will be truncated to 1e-07
  warnings.warn(
/home/ezenere/miniconda3/envs/tcc/lib/python3.11/site-packages/onnxconverter_common/float16.py:70: UserWarning: the float32 number -5.6535491566034324e-11 will be truncated to -1e-07
  warnings.warn(
/home/ezenere/miniconda3/envs/tcc/lib/python3.11/site-packages/onnxconverter_common/float16.py:52: UserWarning: the float32 number 1.6569955477163667e-11 will be truncated to 1e-07
  warnings.warn(
/home/ezenere/miniconda3/envs/tcc/lib/python3.11/site-packages/onnxconverter_common/float16.py:70: UserWarning: the float32 number -8.367551985501154e-13 will be truncated to -1e-07
  warnings.warn(
/home/ezenere/miniconda3/envs/tcc/lib/python3.11/site-packages/onnxconverter_common/float16.py:52: UserWarning: the float32 number 1.6962644830420537e-11 will be truncated to 1e-07
  warnings.warn(
/home/ezenere/miniconda3/envs/tcc/lib/python3.11/site-packages/onnxconverter_common/float16.py:70: UserWarning: the float32 number -3.764730541200301e-11 will be truncated to -1e-07
  warnings.warn(
/home/ezenere/miniconda3/envs/tcc/lib/python3.11/site-packages/onnxconverter_common/float16.py:52: UserWarning: the float32 number 1.423678419598673e-08 will be truncated to 1e-07
  warnings.warn(
/home/ezenere/miniconda3/envs/tcc/lib/python3.11/site-packages/onnxconverter_common/float16.py:52: UserWarning: the float32 number 2.6601196245756853e-10 will be truncated to 1e-07
  warnings.warn(
/home/ezenere/miniconda3/envs/tcc/lib/python3.11/site-packages/onnxconverter_common/float16.py:70: UserWarning: the float32 number -1.8185965233730172e-10 will be truncated to -1e-07
  warnings.warn(
/home/ezenere/miniconda3/envs/tcc/lib/python3.11/site-packages/onnxconverter_common/float16.py:52: UserWarning: the float32 number 4.93145003999107e-11 will be truncated to 1e-07
  warnings.warn(
/home/ezenere/miniconda3/envs/tcc/lib/python3.11/site-packages/onnxconverter_common/float16.py:70: UserWarning: the float32 number -9.300072517648417e-11 will be truncated to -1e-07
  warnings.warn(
/home/ezenere/miniconda3/envs/tcc/lib/python3.11/site-packages/onnxconverter_common/float16.py:52: UserWarning: the float32 number 5.141057718427433e-11 will be truncated to 1e-07
  warnings.warn(
/home/ezenere/miniconda3/envs/tcc/lib/python3.11/site-packages/onnxconverter_common/float16.py:70: UserWarning: the float32 number -4.051083253575616e-12 will be truncated to -1e-07
  warnings.warn(
/home/ezenere/miniconda3/envs/tcc/lib/python3.11/site-packages/onnxconverter_common/float16.py:52: UserWarning: the float32 number 1.0319193416430394e-10 will be truncated to 1e-07
  warnings.warn(
/home/ezenere/miniconda3/envs/tcc/lib/python3.11/site-packages/onnxconverter_common/float16.py:70: UserWarning: the float32 number -2.651122377184123e-10 will be truncated to -1e-07
  warnings.warn(
/home/ezenere/miniconda3/envs/tcc/lib/python3.11/site-packages/onnxconverter_common/float16.py:52: UserWarning: the float32 number 6.659011536624959e-11 will be truncated to 1e-07
  warnings.warn(
/home/ezenere/miniconda3/envs/tcc/lib/python3.11/site-packages/onnxconverter_common/float16.py:70: UserWarning: the float32 number -1.9113753982336057e-11 will be truncated to -1e-07
  warnings.warn(
/home/ezenere/miniconda3/envs/tcc/lib/python3.11/site-packages/onnxconverter_common/float16.py:52: UserWarning: the float32 number 3.655840560834456e-11 will be truncated to 1e-07
  warnings.warn(
/home/ezenere/miniconda3/envs/tcc/lib/python3.11/site-packages/onnxconverter_common/float16.py:70: UserWarning: the float32 number -8.735921708247218e-11 will be truncated to -1e-07
  warnings.warn(
/home/ezenere/miniconda3/envs/tcc/lib/python3.11/site-packages/onnxconverter_common/float16.py:52: UserWarning: the float32 number 2.0578459769549085e-10 will be truncated to 1e-07
  warnings.warn(
/home/ezenere/miniconda3/envs/tcc/lib/python3.11/site-packages/onnxconverter_common/float16.py:70: UserWarning: the float32 number -1.1439044156347222e-10 will be truncated to -1e-07
  warnings.warn(
/home/ezenere/miniconda3/envs/tcc/lib/python3.11/site-packages/onnxconverter_common/float16.py:52: UserWarning: the float32 number 1.015230330358996e-10 will be truncated to 1e-07
  warnings.warn(
/home/ezenere/miniconda3/envs/tcc/lib/python3.11/site-packages/onnxconverter_common/float16.py:70: UserWarning: the float32 number -2.39180147909579e-10 will be truncated to -1e-07
  warnings.warn(
/home/ezenere/miniconda3/envs/tcc/lib/python3.11/site-packages/onnxconverter_common/float16.py:52: UserWarning: the float32 number 1.7388405992857514e-10 will be truncated to 1e-07
  warnings.warn(
/home/ezenere/miniconda3/envs/tcc/lib/python3.11/site-packages/onnxconverter_common/float16.py:70: UserWarning: the float32 number -4.535829004059799e-11 will be truncated to -1e-07
  warnings.warn(
/home/ezenere/miniconda3/envs/tcc/lib/python3.11/site-packages/onnxconverter_common/float16.py:52: UserWarning: the float32 number 3.447743479600973e-11 will be truncated to 1e-07
  warnings.warn(
/home/ezenere/miniconda3/envs/tcc/lib/python3.11/site-packages/onnxconverter_common/float16.py:70: UserWarning: the float32 number -1.596635323952711e-10 will be truncated to -1e-07
  warnings.warn(
/home/ezenere/miniconda3/envs/tcc/lib/python3.11/site-packages/onnxconverter_common/float16.py:52: UserWarning: the float32 number 4.862517499759633e-08 will be truncated to 1e-07
  warnings.warn(
/home/ezenere/miniconda3/envs/tcc/lib/python3.11/site-packages/onnxconverter_common/float16.py:70: UserWarning: the float32 number -1.6574164263261082e-09 will be truncated to -1e-07
  warnings.warn(
/home/ezenere/miniconda3/envs/tcc/lib/python3.11/site-packages/onnxconverter_common/float16.py:52: UserWarning: the float32 number 2.3874116225619524e-11 will be truncated to 1e-07
  warnings.warn(
/home/ezenere/miniconda3/envs/tcc/lib/python3.11/site-packages/onnxconverter_common/float16.py:70: UserWarning: the float32 number -1.9641344106702263e-10 will be truncated to -1e-07
  warnings.warn(
/home/ezenere/miniconda3/envs/tcc/lib/python3.11/site-packages/onnxconverter_common/float16.py:52: UserWarning: the float32 number 2.3721411501753664e-09 will be truncated to 1e-07
  warnings.warn(
/home/ezenere/miniconda3/envs/tcc/lib/python3.11/site-packages/onnxconverter_common/float16.py:70: UserWarning: the float32 number -6.625170190233121e-09 will be truncated to -1e-07
  warnings.warn(
/home/ezenere/miniconda3/envs/tcc/lib/python3.11/site-packages/onnxconverter_common/float16.py:52: UserWarning: the float32 number 3.152575445142247e-08 will be truncated to 1e-07
  warnings.warn(
/home/ezenere/miniconda3/envs/tcc/lib/python3.11/site-packages/onnxconverter_common/float16.py:70: UserWarning: the float32 number -1.5612128478892373e-08 will be truncated to -1e-07
  warnings.warn(
/home/ezenere/miniconda3/envs/tcc/lib/python3.11/site-packages/onnxconverter_common/float16.py:52: UserWarning: the float32 number 4.3151881373715284e-11 will be truncated to 1e-07
  warnings.warn(
/home/ezenere/miniconda3/envs/tcc/lib/python3.11/site-packages/onnxconverter_common/float16.py:70: UserWarning: the float32 number -5.198682040408187e-10 will be truncated to -1e-07
  warnings.warn(
/home/ezenere/miniconda3/envs/tcc/lib/python3.11/site-packages/onnxconverter_common/float16.py:52: UserWarning: the float32 number 1.7768387650107798e-08 will be truncated to 1e-07
  warnings.warn(
/home/ezenere/miniconda3/envs/tcc/lib/python3.11/site-packages/onnxconverter_common/float16.py:70: UserWarning: the float32 number -4.839281420032648e-09 will be truncated to -1e-07
  warnings.warn(
/home/ezenere/miniconda3/envs/tcc/lib/python3.11/site-packages/onnxconverter_common/float16.py:52: UserWarning: the float32 number 1.4526130298619933e-09 will be truncated to 1e-07
  warnings.warn(
/home/ezenere/miniconda3/envs/tcc/lib/python3.11/site-packages/onnxconverter_common/float16.py:70: UserWarning: the float32 number -7.257921819103785e-09 will be truncated to -1e-07
  warnings.warn(
/home/ezenere/miniconda3/envs/tcc/lib/python3.11/site-packages/onnxconverter_common/float16.py:52: UserWarning: the float32 number 1.9772405934759263e-08 will be truncated to 1e-07
  warnings.warn(
/home/ezenere/miniconda3/envs/tcc/lib/python3.11/site-packages/onnxconverter_common/float16.py:70: UserWarning: the float32 number -2.0395333422129625e-08 will be truncated to -1e-07
  warnings.warn(
/home/ezenere/miniconda3/envs/tcc/lib/python3.11/site-packages/onnxconverter_common/float16.py:52: UserWarning: the float32 number 2.306072222069133e-09 will be truncated to 1e-07
  warnings.warn(
/home/ezenere/miniconda3/envs/tcc/lib/python3.11/site-packages/onnxconverter_common/float16.py:70: UserWarning: the float32 number -1.690405504461978e-08 will be truncated to -1e-07
  warnings.warn(
/home/ezenere/miniconda3/envs/tcc/lib/python3.11/site-packages/onnxconverter_common/float16.py:52: UserWarning: the float32 number 5.0895647696336255e-09 will be truncated to 1e-07
  warnings.warn(
/home/ezenere/miniconda3/envs/tcc/lib/python3.11/site-packages/onnxconverter_common/float16.py:70: UserWarning: the float32 number -6.273116781585486e-08 will be truncated to -1e-07
  warnings.warn(
/home/ezenere/miniconda3/envs/tcc/lib/python3.11/site-packages/onnxconverter_common/float16.py:52: UserWarning: the float32 number 1.782511291348321e-11 will be truncated to 1e-07
  warnings.warn(
/home/ezenere/miniconda3/envs/tcc/lib/python3.11/site-packages/onnxconverter_common/float16.py:70: UserWarning: the float32 number -6.168832805686364e-11 will be truncated to -1e-07
  warnings.warn(
/home/ezenere/miniconda3/envs/tcc/lib/python3.11/site-packages/onnxconverter_common/float16.py:52: UserWarning: the float32 number 4.290428456954487e-09 will be truncated to 1e-07
  warnings.warn(
/home/ezenere/miniconda3/envs/tcc/lib/python3.11/site-packages/onnxconverter_common/float16.py:70: UserWarning: the float32 number -3.808386939141428e-09 will be truncated to -1e-07
  warnings.warn(
/home/ezenere/miniconda3/envs/tcc/lib/python3.11/site-packages/onnxconverter_common/float16.py:52: UserWarning: the float32 number 2.3618639488631743e-08 will be truncated to 1e-07
  warnings.warn(
/home/ezenere/miniconda3/envs/tcc/lib/python3.11/site-packages/onnxconverter_common/float16.py:70: UserWarning: the float32 number -2.084681582914527e-08 will be truncated to -1e-07
  warnings.warn(
/home/ezenere/miniconda3/envs/tcc/lib/python3.11/site-packages/onnxconverter_common/float16.py:52: UserWarning: the float32 number 2.112230529371928e-11 will be truncated to 1e-07
  warnings.warn(
/home/ezenere/miniconda3/envs/tcc/lib/python3.11/site-packages/onnxconverter_common/float16.py:70: UserWarning: the float32 number -1.767643531547236e-10 will be truncated to -1e-07
  warnings.warn(
/home/ezenere/miniconda3/envs/tcc/lib/python3.11/site-packages/onnxconverter_common/float16.py:52: UserWarning: the float32 number 2.3314459252077313e-09 will be truncated to 1e-07
  warnings.warn(
/home/ezenere/miniconda3/envs/tcc/lib/python3.11/site-packages/onnxconverter_common/float16.py:70: UserWarning: the float32 number -1.9778148008242624e-09 will be truncated to -1e-07
  warnings.warn(
/home/ezenere/miniconda3/envs/tcc/lib/python3.11/site-packages/onnxconverter_common/float16.py:52: UserWarning: the float32 number 1.0952939666353245e-09 will be truncated to 1e-07
  warnings.warn(
/home/ezenere/miniconda3/envs/tcc/lib/python3.11/site-packages/onnxconverter_common/float16.py:70: UserWarning: the float32 number -1.171620311879451e-08 will be truncated to -1e-07
  warnings.warn(
/home/ezenere/miniconda3/envs/tcc/lib/python3.11/site-packages/onnxconverter_common/float16.py:52: UserWarning: the float32 number 4.949388898722873e-09 will be truncated to 1e-07
  warnings.warn(
/home/ezenere/miniconda3/envs/tcc/lib/python3.11/site-packages/onnxconverter_common/float16.py:70: UserWarning: the float32 number -5.009037074010791e-10 will be truncated to -1e-07
  warnings.warn(
/home/ezenere/miniconda3/envs/tcc/lib/python3.11/site-packages/onnxconverter_common/float16.py:52: UserWarning: the float32 number 2.7384966516663667e-10 will be truncated to 1e-07
  warnings.warn(
/home/ezenere/miniconda3/envs/tcc/lib/python3.11/site-packages/onnxconverter_common/float16.py:70: UserWarning: the float32 number -1.0521553628350944e-09 will be truncated to -1e-07
  warnings.warn(
/home/ezenere/miniconda3/envs/tcc/lib/python3.11/site-packages/onnxconverter_common/float16.py:52: UserWarning: the float32 number 3.3544200750412756e-10 will be truncated to 1e-07
  warnings.warn(
/home/ezenere/miniconda3/envs/tcc/lib/python3.11/site-packages/onnxconverter_common/float16.py:70: UserWarning: the float32 number -3.438875920136475e-11 will be truncated to -1e-07
  warnings.warn(
/home/ezenere/miniconda3/envs/tcc/lib/python3.11/site-packages/onnxconverter_common/float16.py:52: UserWarning: the float32 number 2.634380491528532e-10 will be truncated to 1e-07
  warnings.warn(
/home/ezenere/miniconda3/envs/tcc/lib/python3.11/site-packages/onnxconverter_common/float16.py:70: UserWarning: the float32 number -2.6275515097040625e-10 will be truncated to -1e-07
  warnings.warn(
/home/ezenere/miniconda3/envs/tcc/lib/python3.11/site-packages/onnxconverter_common/float16.py:52: UserWarning: the float32 number 2.3641372193239363e-10 will be truncated to 1e-07
  warnings.warn(
/home/ezenere/miniconda3/envs/tcc/lib/python3.11/site-packages/onnxconverter_common/float16.py:70: UserWarning: the float32 number -1.8194744322297396e-11 will be truncated to -1e-07
  warnings.warn(
/home/ezenere/miniconda3/envs/tcc/lib/python3.11/site-packages/onnxconverter_common/float16.py:52: UserWarning: the float32 number 1.613044836590305e-10 will be truncated to 1e-07
  warnings.warn(
/home/ezenere/miniconda3/envs/tcc/lib/python3.11/site-packages/onnxconverter_common/float16.py:70: UserWarning: the float32 number -4.081239513009649e-10 will be truncated to -1e-07
  warnings.warn(
/home/ezenere/miniconda3/envs/tcc/lib/python3.11/site-packages/onnxconverter_common/float16.py:70: UserWarning: the float32 number -8.581692867437596e-08 will be truncated to -1e-07
  warnings.warn(
/home/ezenere/miniconda3/envs/tcc/lib/python3.11/site-packages/onnxconverter_common/float16.py:52: UserWarning: the float32 number 1.1358287643759013e-09 will be truncated to 1e-07
  warnings.warn(
/home/ezenere/miniconda3/envs/tcc/lib/python3.11/site-packages/onnxconverter_common/float16.py:70: UserWarning: the float32 number -4.824902977151879e-11 will be truncated to -1e-07
  warnings.warn(
/home/ezenere/miniconda3/envs/tcc/lib/python3.11/site-packages/onnxconverter_common/float16.py:52: UserWarning: the float32 number 3.468878517765006e-10 will be truncated to 1e-07
  warnings.warn(
/home/ezenere/miniconda3/envs/tcc/lib/python3.11/site-packages/onnxconverter_common/float16.py:70: UserWarning: the float32 number -1.3188656833307277e-09 will be truncated to -1e-07
  warnings.warn(
/home/ezenere/miniconda3/envs/tcc/lib/python3.11/site-packages/onnxconverter_common/float16.py:52: UserWarning: the float32 number 7.076528252270009e-10 will be truncated to 1e-07
  warnings.warn(
/home/ezenere/miniconda3/envs/tcc/lib/python3.11/site-packages/onnxconverter_common/float16.py:70: UserWarning: the float32 number -2.495277595659928e-10 will be truncated to -1e-07
  warnings.warn(
/home/ezenere/miniconda3/envs/tcc/lib/python3.11/site-packages/onnxconverter_common/float16.py:52: UserWarning: the float32 number 6.54943946298836e-11 will be truncated to 1e-07
  warnings.warn(
/home/ezenere/miniconda3/envs/tcc/lib/python3.11/site-packages/onnxconverter_common/float16.py:70: UserWarning: the float32 number -9.079783799825769e-12 will be truncated to -1e-07
  warnings.warn(
/home/ezenere/miniconda3/envs/tcc/lib/python3.11/site-packages/onnxconverter_common/float16.py:52: UserWarning: the float32 number 1.4987930341270328e-10 will be truncated to 1e-07
  warnings.warn(
/home/ezenere/miniconda3/envs/tcc/lib/python3.11/site-packages/onnxconverter_common/float16.py:70: UserWarning: the float32 number -5.995539620329282e-10 will be truncated to -1e-07
  warnings.warn(
/home/ezenere/miniconda3/envs/tcc/lib/python3.11/site-packages/onnxconverter_common/float16.py:52: UserWarning: the float32 number 2.5751527095288516e-17 will be truncated to 1e-07
  warnings.warn(
/home/ezenere/miniconda3/envs/tcc/lib/python3.11/site-packages/onnxconverter_common/float16.py:70: UserWarning: the float32 number -5.811232323782678e-17 will be truncated to -1e-07
  warnings.warn(
/home/ezenere/miniconda3/envs/tcc/lib/python3.11/site-packages/onnxconverter_common/float16.py:70: UserWarning: the float32 number -2.4262591935553246e-08 will be truncated to -1e-07
  warnings.warn(
/home/ezenere/miniconda3/envs/tcc/lib/python3.11/site-packages/onnxconverter_common/float16.py:52: UserWarning: the float32 number 9.261223732348611e-12 will be truncated to 1e-07
  warnings.warn(
/home/ezenere/miniconda3/envs/tcc/lib/python3.11/site-packages/onnxconverter_common/float16.py:70: UserWarning: the float32 number -4.026595896988727e-12 will be truncated to -1e-07
  warnings.warn(
/home/ezenere/miniconda3/envs/tcc/lib/python3.11/site-packages/onnxconverter_common/float16.py:52: UserWarning: the float32 number 1.46946427248551e-10 will be truncated to 1e-07
  warnings.warn(
/home/ezenere/miniconda3/envs/tcc/lib/python3.11/site-packages/onnxconverter_common/float16.py:70: UserWarning: the float32 number -4.500015811370606e-12 will be truncated to -1e-07
  warnings.warn(
/home/ezenere/miniconda3/envs/tcc/lib/python3.11/site-packages/onnxconverter_common/float16.py:52: UserWarning: the float32 number 1.964040475394002e-12 will be truncated to 1e-07
  warnings.warn(
/home/ezenere/miniconda3/envs/tcc/lib/python3.11/site-packages/onnxconverter_common/float16.py:70: UserWarning: the float32 number -2.8693575293559093e-11 will be truncated to -1e-07
  warnings.warn(
/home/ezenere/miniconda3/envs/tcc/lib/python3.11/site-packages/onnxconverter_common/float16.py:52: UserWarning: the float32 number 3.4096860751509084e-11 will be truncated to 1e-07
  warnings.warn(
/home/ezenere/miniconda3/envs/tcc/lib/python3.11/site-packages/onnxconverter_common/float16.py:70: UserWarning: the float32 number -7.977808517967144e-12 will be truncated to -1e-07
  warnings.warn(
/home/ezenere/miniconda3/envs/tcc/lib/python3.11/site-packages/onnxconverter_common/float16.py:52: UserWarning: the float32 number 4.90531096644653e-12 will be truncated to 1e-07
  warnings.warn(
/home/ezenere/miniconda3/envs/tcc/lib/python3.11/site-packages/onnxconverter_common/float16.py:70: UserWarning: the float32 number -4.726523859799325e-12 will be truncated to -1e-07
  warnings.warn(
/home/ezenere/miniconda3/envs/tcc/lib/python3.11/site-packages/onnxconverter_common/float16.py:52: UserWarning: the float32 number 1.320937890320062e-11 will be truncated to 1e-07
  warnings.warn(
/home/ezenere/miniconda3/envs/tcc/lib/python3.11/site-packages/onnxconverter_common/float16.py:70: UserWarning: the float32 number -2.7541368491368345e-11 will be truncated to -1e-07
  warnings.warn(
/home/ezenere/miniconda3/envs/tcc/lib/python3.11/site-packages/onnxconverter_common/float16.py:52: UserWarning: the float32 number 2.4287919765664245e-12 will be truncated to 1e-07
  warnings.warn(
/home/ezenere/miniconda3/envs/tcc/lib/python3.11/site-packages/onnxconverter_common/float16.py:70: UserWarning: the float32 number -2.2844974609942392e-12 will be truncated to -1e-07
  warnings.warn(
/home/ezenere/miniconda3/envs/tcc/lib/python3.11/site-packages/onnxconverter_common/float16.py:52: UserWarning: the float32 number 2.0071962755080497e-12 will be truncated to 1e-07
  warnings.warn(
/home/ezenere/miniconda3/envs/tcc/lib/python3.11/site-packages/onnxconverter_common/float16.py:70: UserWarning: the float32 number -4.920096245025242e-14 will be truncated to -1e-07
  warnings.warn(
/home/ezenere/miniconda3/envs/tcc/lib/python3.11/site-packages/onnxconverter_common/float16.py:52: UserWarning: the float32 number 1.7235892617664672e-12 will be truncated to 1e-07
  warnings.warn(
/home/ezenere/miniconda3/envs/tcc/lib/python3.11/site-packages/onnxconverter_common/float16.py:70: UserWarning: the float32 number -2.4719206445211056e-14 will be truncated to -1e-07
  warnings.warn(
fp32: runs/eixo1_densenet121_s1/trt/model_fp32.engine (34.3 MiB, build 72.8s) | camadas por tipo: {'Float': 739, '?': 1}
fp16 onnx -> runs/eixo1_densenet121_s1/model_fp16.onnx (13.6 MiB)
fp16: runs/eixo1_densenet121_s1/trt/model_fp16.engine (15.0 MiB, build 192.8s) | camadas por tipo: {'Half': 765, '?': 1, 'Float': 1}
int8: runs/eixo1_densenet121_s1/trt/model_int8.engine (14.5 MiB, build 169.3s) | camadas por tipo: {'Float': 380, 'Int8': 968, '?': 125}
trt fp32 test:   0%|          | 0/2613 [00:00<?, ?it/s][09/14/2026-21:04:41] [TRT] [W] Using default stream in enqueueV3() may lead to performance issues due to additional calls to cudaStreamSynchronize() by TensorRT to ensure correct synchronization. Please use non-default stream instead.
trt fp32 test:  60%|█████▉    | 1557/2613 [00:30<00:20, 51.89it/s]                                                                  densenet121 TRT fp32 test: n=83,613 acc 0.99800 f1 0.99802 erro 0.1997% (167) | 1672.2 img/s
-> runs/eixo1_densenet121_s1/metrics_trt_fp32.json
trt fp16 test:   0%|          | 0/2613 [00:00<?, ?it/s][09/14/2026-21:05:33] [TRT] [W] Using default stream in enqueueV3() may lead to performance issues due to additional calls to cudaStreamSynchronize() by TensorRT to ensure correct synchronization. Please use non-default stream instead.
                                                       densenet121 TRT fp16 test: n=83,613 acc 0.99801 f1 0.99803 erro 0.1985% (166) | 3231.4 img/s
-> runs/eixo1_densenet121_s1/metrics_trt_fp16.json
trt int8 test:   0%|          | 0/2613 [00:00<?, ?it/s][09/14/2026-21:06:02] [TRT] [W] Using default stream in enqueueV3() may lead to performance issues due to additional calls to cudaStreamSynchronize() by TensorRT to ensure correct synchronization. Please use non-default stream instead.
trt int8 test:  63%|██████▎   | 1647/2613 [00:30<00:17, 54.90it/s]                                                                  densenet121 TRT int8 test: n=83,613 acc 0.99745 f1 0.99746 erro 0.2547% (213) | 1757.9 img/s
-> runs/eixo1_densenet121_s1/metrics_trt_int8.json
WARNING:root:Axis 1 is out-of-range for weight 'features.denseblock1.denselayer1.norm1.weight' with rank 1
WARNING:root:Axis 1 is out-of-range for weight 'features.denseblock1.denselayer2.norm1.weight' with rank 1
WARNING:root:Axis 1 is out-of-range for weight 'features.denseblock1.denselayer3.norm1.weight' with rank 1
WARNING:root:Axis 1 is out-of-range for weight 'features.denseblock1.denselayer4.norm1.weight' with rank 1
WARNING:root:Axis 1 is out-of-range for weight 'features.denseblock1.denselayer5.norm1.weight' with rank 1
WARNING:root:Axis 1 is out-of-range for weight 'features.denseblock1.denselayer6.norm1.weight' with rank 1
WARNING:root:Axis 1 is out-of-range for weight 'features.transition1.norm.weight' with rank 1
WARNING:root:Axis 1 is out-of-range for weight 'features.denseblock2.denselayer1.norm1.weight' with rank 1
WARNING:root:Axis 1 is out-of-range for weight 'features.denseblock2.denselayer2.norm1.weight' with rank 1
WARNING:root:Axis 1 is out-of-range for weight 'features.denseblock2.denselayer3.norm1.weight' with rank 1
WARNING:root:Axis 1 is out-of-range for weight 'features.denseblock2.denselayer4.norm1.weight' with rank 1
WARNING:root:Axis 1 is out-of-range for weight 'features.denseblock2.denselayer5.norm1.weight' with rank 1
WARNING:root:Axis 1 is out-of-range for weight 'features.denseblock2.denselayer6.norm1.weight' with rank 1
WARNING:root:Axis 1 is out-of-range for weight 'features.denseblock2.denselayer7.norm1.weight' with rank 1
WARNING:root:Axis 1 is out-of-range for weight 'features.denseblock2.denselayer8.norm1.weight' with rank 1
WARNING:root:Axis 1 is out-of-range for weight 'features.denseblock2.denselayer9.norm1.weight' with rank 1
WARNING:root:Axis 1 is out-of-range for weight 'features.denseblock2.denselayer10.norm1.weight' with rank 1
WARNING:root:Axis 1 is out-of-range for weight 'features.denseblock2.denselayer11.norm1.weight' with rank 1
WARNING:root:Axis 1 is out-of-range for weight 'features.denseblock2.denselayer12.norm1.weight' with rank 1
WARNING:root:Axis 1 is out-of-range for weight 'features.transition2.norm.weight' with rank 1
WARNING:root:Axis 1 is out-of-range for weight 'features.denseblock3.denselayer1.norm1.weight' with rank 1
WARNING:root:Axis 1 is out-of-range for weight 'features.denseblock3.denselayer2.norm1.weight' with rank 1
WARNING:root:Axis 1 is out-of-range for weight 'features.denseblock3.denselayer3.norm1.weight' with rank 1
WARNING:root:Axis 1 is out-of-range for weight 'features.denseblock3.denselayer4.norm1.weight' with rank 1
WARNING:root:Axis 1 is out-of-range for weight 'features.denseblock3.denselayer5.norm1.weight' with rank 1
WARNING:root:Axis 1 is out-of-range for weight 'features.denseblock3.denselayer6.norm1.weight' with rank 1
WARNING:root:Axis 1 is out-of-range for weight 'features.denseblock3.denselayer7.norm1.weight' with rank 1
WARNING:root:Axis 1 is out-of-range for weight 'features.denseblock3.denselayer8.norm1.weight' with rank 1
WARNING:root:Axis 1 is out-of-range for weight 'features.denseblock3.denselayer9.norm1.weight' with rank 1
WARNING:root:Axis 1 is out-of-range for weight 'features.denseblock3.denselayer10.norm1.weight' with rank 1
WARNING:root:Axis 1 is out-of-range for weight 'features.denseblock3.denselayer11.norm1.weight' with rank 1
WARNING:root:Axis 1 is out-of-range for weight 'features.denseblock3.denselayer12.norm1.weight' with rank 1
WARNING:root:Axis 1 is out-of-range for weight 'features.denseblock3.denselayer13.norm1.weight' with rank 1
WARNING:root:Axis 1 is out-of-range for weight 'features.denseblock3.denselayer14.norm1.weight' with rank 1
WARNING:root:Axis 1 is out-of-range for weight 'features.denseblock3.denselayer15.norm1.weight' with rank 1
WARNING:root:Axis 1 is out-of-range for weight 'features.denseblock3.denselayer16.norm1.weight' with rank 1
WARNING:root:Axis 1 is out-of-range for weight 'features.denseblock3.denselayer17.norm1.weight' with rank 1
WARNING:root:Axis 1 is out-of-range for weight 'features.denseblock3.denselayer18.norm1.weight' with rank 1
WARNING:root:Axis 1 is out-of-range for weight 'features.denseblock3.denselayer19.norm1.weight' with rank 1
WARNING:root:Axis 1 is out-of-range for weight 'features.denseblock3.denselayer20.norm1.weight' with rank 1
WARNING:root:Axis 1 is out-of-range for weight 'features.denseblock3.denselayer21.norm1.weight' with rank 1
WARNING:root:Axis 1 is out-of-range for weight 'features.denseblock3.denselayer22.norm1.weight' with rank 1
WARNING:root:Axis 1 is out-of-range for weight 'features.denseblock3.denselayer23.norm1.weight' with rank 1
WARNING:root:Axis 1 is out-of-range for weight 'features.denseblock3.denselayer24.norm1.weight' with rank 1
WARNING:root:Axis 1 is out-of-range for weight 'features.transition3.norm.weight' with rank 1
WARNING:root:Axis 1 is out-of-range for weight 'features.denseblock4.denselayer1.norm1.weight' with rank 1
WARNING:root:Axis 1 is out-of-range for weight 'features.denseblock4.denselayer2.norm1.weight' with rank 1
WARNING:root:Axis 1 is out-of-range for weight 'features.denseblock4.denselayer3.norm1.weight' with rank 1
WARNING:root:Axis 1 is out-of-range for weight 'features.denseblock4.denselayer4.norm1.weight' with rank 1
WARNING:root:Axis 1 is out-of-range for weight 'features.denseblock4.denselayer5.norm1.weight' with rank 1
WARNING:root:Axis 1 is out-of-range for weight 'features.denseblock4.denselayer6.norm1.weight' with rank 1
WARNING:root:Axis 1 is out-of-range for weight 'features.denseblock4.denselayer7.norm1.weight' with rank 1
WARNING:root:Axis 1 is out-of-range for weight 'features.denseblock4.denselayer8.norm1.weight' with rank 1
WARNING:root:Axis 1 is out-of-range for weight 'features.denseblock4.denselayer9.norm1.weight' with rank 1
WARNING:root:Axis 1 is out-of-range for weight 'features.denseblock4.denselayer10.norm1.weight' with rank 1
WARNING:root:Axis 1 is out-of-range for weight 'features.denseblock4.denselayer11.norm1.weight' with rank 1
WARNING:root:Axis 1 is out-of-range for weight 'features.denseblock4.denselayer12.norm1.weight' with rank 1
WARNING:root:Axis 1 is out-of-range for weight 'features.denseblock4.denselayer13.norm1.weight' with rank 1
WARNING:root:Axis 1 is out-of-range for weight 'features.denseblock4.denselayer14.norm1.weight' with rank 1
WARNING:root:Axis 1 is out-of-range for weight 'features.denseblock4.denselayer15.norm1.weight' with rank 1
WARNING:root:Axis 1 is out-of-range for weight 'features.denseblock4.denselayer16.norm1.weight' with rank 1
WARNING:root:Axis 1 is out-of-range for weight 'features.norm5.weight' with rank 1
Collecting tensor data and making histogram ...
Collecting tensor data and making histogram ...
Collecting tensor data and making histogram ...
Collecting tensor data and making histogram ...
Collecting tensor data and making histogram ...
Collecting tensor data and making histogram ...
Collecting tensor data and making histogram ...
Collecting tensor data and making histogram ...
Collecting tensor data and making histogram ...
Collecting tensor data and making histogram ...
Collecting tensor data and making histogram ...
Collecting tensor data and making histogram ...
Collecting tensor data and making histogram ...
Collecting tensor data and making histogram ...
Collecting tensor data and making histogram ...
Collecting tensor data and making histogram ...
Collecting tensor data and making histogram ...
Collecting tensor data and making histogram ...
Collecting tensor data and making histogram ...
Collecting tensor data and making histogram ...
Collecting tensor data and making histogram ...
Collecting tensor data and making histogram ...
Collecting tensor data and making histogram ...
Collecting tensor data and making histogram ...
Collecting tensor data and making histogram ...
Collecting tensor data and making histogram ...
Collecting tensor data and making histogram ...
Collecting tensor data and making histogram ...
Collecting tensor data and making histogram ...
Collecting tensor data and making histogram ...
Collecting tensor data and making histogram ...
Collecting tensor data and making histogram ...
Collecting tensor data and making histogram ...
Collecting tensor data and making histogram ...
Collecting tensor data and making histogram ...
Collecting tensor data and making histogram ...
Collecting tensor data and making histogram ...
Collecting tensor data and making histogram ...
Collecting tensor data and making histogram ...
Collecting tensor data and making histogram ...
Collecting tensor data and making histogram ...
Collecting tensor data and making histogram ...
Collecting tensor data and making histogram ...
Collecting tensor data and making histogram ...
Collecting tensor data and making histogram ...
Collecting tensor data and making histogram ...
Collecting tensor data and making histogram ...
Collecting tensor data and making histogram ...
Collecting tensor data and making histogram ...
Collecting tensor data and making histogram ...
Collecting tensor data and making histogram ...
Collecting tensor data and making histogram ...
Collecting tensor data and making histogram ...
Collecting tensor data and making histogram ...
Collecting tensor data and making histogram ...
Collecting tensor data and making histogram ...
Collecting tensor data and making histogram ...
Collecting tensor data and making histogram ...
Collecting tensor data and making histogram ...
Collecting tensor data and making histogram ...
Collecting tensor data and making histogram ...
Collecting tensor data and making histogram ...
Collecting tensor data and making histogram ...
Collecting tensor data and making histogram ...
Finding optimal threshold for each tensor using 'percentile' algorithm ...
Number of tensors : 373
Number of histogram bins : 2048
Percentile : (0.010000000000005116,99.99)
densenet121: runs/eixo1_densenet121_s1/model_qdq_int8.onnx (7.7 MiB, 370 QuantizeLinear, 142s) | smoke val n=256: acc qdq 0.9961 vs fp32 0.9961
int8: runs/eixo1_densenet121_s1/trt/model_int8.engine (14.7 MiB, build 2225.3s) | camadas por tipo: {'Float': 389, 'Int8': 973, '?': 125}
trt int8 test:   0%|          | 0/2613 [00:00<?, ?it/s]trt int8 test:  29%|██▊       | 750/2613 [00:30<01:14, 24.97it/s]trt int8 test:  29%|██▊       | 750/2613 [00:50<01:14, 24.97it/s]trt int8 test:  58%|█████▊    | 1511/2613 [01:00<00:43, 25.19it/s]trt int8 test:  58%|█████▊    | 1511/2613 [01:20<00:43, 25.19it/s]trt int8 test:  87%|████████▋ | 2279/2613 [01:30<00:13, 25.37it/s]                                                                  densenet121 TRT int8 test: n=83,613 acc 0.99792 f1 0.99793 erro 0.2081% (174) | 811.5 img/s
-> runs/eixo1_densenet121_s1/metrics_trt_int8.json
