poda global por magnitude: alvo 50.00% -> obtida 50.0000% dos pesos podáveis (11.80 M não-nulos de 23.54 M)
run       : eixo2_prune_resnet50_p50_s2
arch      : resnet50 (pretrained=False)  seed=2
manifesto : v2 ed5c1eb749ec9e72...  mask=None
fit/val/test: 175,591 / 19,511 / 83,613 imgs  (11,805 / 2,268 / 6,044 sujeitos)
batch 96 | steps/epoch 1,829 | epochs 5 | warmup 0 ep | early stop patience off
val 1/5:   0%|          | 0/102 [00:00<?, ?it/s]
epoca 1/5: train 0.0010/0.9998 | val loss 0.0147 acc 0.9969 f1 0.9969 err 0.3075% * | 169s 1039 img/s
val 2/5:   0%|          | 0/102 [00:00<?, ?it/s]
epoca 2/5: train 0.0009/0.9998 | val loss 0.0144 acc 0.9968 f1 0.9968 err 0.3229%  | 161s 1088 img/s
val 3/5:   0%|          | 0/102 [00:00<?, ?it/s]
epoca 3/5: train 0.0007/0.9998 | val loss 0.0139 acc 0.9969 f1 0.9969 err 0.3075% * | 161s 1088 img/s
val 4/5:   0%|          | 0/102 [00:00<?, ?it/s]
epoca 4/5: train 0.0007/0.9998 | val loss 0.0141 acc 0.9969 f1 0.9969 err 0.3075% * | 161s 1090 img/s
val 5/5:   0%|          | 0/102 [00:00<?, ?it/s]
epoca 5/5: train 0.0007/0.9999 | val loss 0.0139 acc 0.9971 f1 0.9971 err 0.2921% * | 161s 1090 img/s
test:   0%|          | 0/436 [00:00<?, ?it/s]
TESTE (best.pt, epoca 5): acc 0.9979  f1 0.9979  erro 0.2081% (174 / 83613)
-> runs/eixo2_prune_resnet50_p50_s2/metrics.json
resnet50: params 23.54 M (nao-nulos 11.80 M, esparsidade 49.9%) | MACs 4.11 G @ 224px | FP32 90.1 MiB, gzip 51.0 MiB [3.2s]
-> runs/eixo2_prune_resnet50_p50_s2/cost.json
