run       : eixo4_resnet50_f005_s2
arch      : resnet50 (pretrained=True)  seed=2
manifesto : v3 40f0951659609108...  mask=frac_5_s2
fit/val/test: 8,782 / 19,511 / 83,613 imgs  (2,643 / 2,268 / 6,044 sujeitos)
batch 96 | steps/epoch 91 | epochs 30 | warmup 2 ep | early stop patience 5
val 1/30:   0%|          | 0/102 [00:00<?, ?it/s]
epoca 1/30: train 1.8274/0.4824 | val loss 0.3578 acc 0.8970 f1 0.8965 err 10.3019% * | 16s 537 img/s
val 2/30:   0%|          | 0/102 [00:00<?, ?it/s]
epoca 2/30: train 0.1050/0.9692 | val loss 0.2474 acc 0.9298 f1 0.9286 err 7.0217% * | 9s 1011 img/s
val 3/30:   0%|          | 0/102 [00:00<?, ?it/s]
epoca 3/30: train 0.0725/0.9785 | val loss 0.1085 acc 0.9679 f1 0.9680 err 3.2084% * | 9s 1013 img/s
val 4/30:   0%|          | 0/102 [00:00<?, ?it/s]
epoca 4/30: train 0.0424/0.9866 | val loss 0.0775 acc 0.9778 f1 0.9778 err 2.2244% * | 9s 1016 img/s
val 5/30:   0%|          | 0/102 [00:00<?, ?it/s]
epoca 5/30: train 0.0271/0.9914 | val loss 0.0675 acc 0.9817 f1 0.9818 err 1.8297% * | 9s 1025 img/s
val 6/30:   0%|          | 0/102 [00:00<?, ?it/s]
epoca 6/30: train 0.0183/0.9944 | val loss 0.0602 acc 0.9828 f1 0.9827 err 1.7221% * | 9s 1023 img/s
val 7/30:   0%|          | 0/102 [00:00<?, ?it/s]
epoca 7/30: train 0.0198/0.9940 | val loss 0.0593 acc 0.9840 f1 0.9840 err 1.5991% * | 9s 998 img/s
val 8/30:   0%|          | 0/102 [00:00<?, ?it/s]
epoca 8/30: train 0.0156/0.9957 | val loss 0.0660 acc 0.9820 f1 0.9819 err 1.8041%  | 9s 1012 img/s
val 9/30:   0%|          | 0/102 [00:00<?, ?it/s]
epoca 9/30: train 0.0099/0.9981 | val loss 0.0507 acc 0.9868 f1 0.9868 err 1.3223% * | 9s 1018 img/s
val 10/30:   0%|          | 0/102 [00:00<?, ?it/s]
epoca 10/30: train 0.0056/0.9983 | val loss 0.0455 acc 0.9886 f1 0.9886 err 1.1378% * | 9s 1023 img/s
val 11/30:   0%|          | 0/102 [00:00<?, ?it/s]
epoca 11/30: train 0.0073/0.9977 | val loss 0.0452 acc 0.9879 f1 0.9878 err 1.2147%  | 9s 999 img/s
val 12/30:   0%|          | 0/102 [00:00<?, ?it/s]
epoca 12/30: train 0.0034/0.9991 | val loss 0.0388 acc 0.9900 f1 0.9900 err 0.9994% * | 9s 1012 img/s
val 13/30:   0%|          | 0/102 [00:00<?, ?it/s]
epoca 13/30: train 0.0012/1.0000 | val loss 0.0377 acc 0.9910 f1 0.9910 err 0.8969% * | 9s 1009 img/s
val 14/30:   0%|          | 0/102 [00:00<?, ?it/s]
epoca 14/30: train 0.0008/0.9999 | val loss 0.0348 acc 0.9915 f1 0.9915 err 0.8457% * | 9s 1025 img/s
val 15/30:   0%|          | 0/102 [00:00<?, ?it/s]
epoca 15/30: train 0.0005/0.9999 | val loss 0.0333 acc 0.9919 f1 0.9918 err 0.8149% * | 9s 1016 img/s
val 16/30:   0%|          | 0/102 [00:00<?, ?it/s]
epoca 16/30: train 0.0005/0.9999 | val loss 0.0324 acc 0.9925 f1 0.9925 err 0.7534% * | 9s 1001 img/s
val 17/30:   0%|          | 0/102 [00:00<?, ?it/s]
epoca 17/30: train 0.0003/1.0000 | val loss 0.0320 acc 0.9922 f1 0.9921 err 0.7842%  | 8s 1041 img/s
val 18/30:   0%|          | 0/102 [00:00<?, ?it/s]
epoca 18/30: train 0.0005/0.9999 | val loss 0.0339 acc 0.9918 f1 0.9918 err 0.8201%  | 9s 1007 img/s
val 19/30:   0%|          | 0/102 [00:00<?, ?it/s]
epoca 19/30: train 0.0002/1.0000 | val loss 0.0335 acc 0.9921 f1 0.9921 err 0.7893%  | 9s 991 img/s
val 20/30:   0%|          | 0/102 [00:00<?, ?it/s]
epoca 20/30: train 0.0005/0.9999 | val loss 0.0333 acc 0.9920 f1 0.9919 err 0.8047%  | 8s 1029 img/s
val 21/30:   0%|          | 0/102 [00:00<?, ?it/s]
epoca 21/30: train 0.0008/0.9999 | val loss 0.0332 acc 0.9922 f1 0.9922 err 0.7790%  | 9s 1001 img/s
early stopping: 5 epocas sem melhora em val (best epoca 16)
test:   0%|          | 0/436 [00:00<?, ?it/s]
TESTE (best.pt, epoca 16): acc 0.9936  f1 0.9936  erro 0.6434% (538 / 83613)
-> runs/eixo4_resnet50_f005_s2/metrics.json
run       : eixo4_resnet50_f005_s2
arch      : resnet50 (pretrained=True)  seed=2
manifesto : v3 40f0951659609108...  mask=frac_5_s2
fit/val/test: 8,782 / 19,511 / 83,613 imgs  (2,643 / 2,268 / 6,044 sujeitos)
batch 96 | steps/epoch 91 | epochs 30 | warmup 2 ep | early stop patience off
retomando: epoca 22/30, best F1 0.9925 (epoca 16)
val 22/30:   0%|          | 0/102 [00:00<?, ?it/s]
epoca 22/30: train 0.0004/0.9999 | val loss 0.0326 acc 0.9921 f1 0.9921 err 0.7893%  | 16s 535 img/s
val 23/30:   0%|          | 0/102 [00:00<?, ?it/s]
epoca 23/30: train 0.0006/0.9998 | val loss 0.0320 acc 0.9921 f1 0.9920 err 0.7944%  | 8s 1029 img/s
val 24/30:   0%|          | 0/102 [00:00<?, ?it/s]
epoca 24/30: train 0.0002/1.0000 | val loss 0.0327 acc 0.9922 f1 0.9922 err 0.7790%  | 9s 1017 img/s
val 25/30:   0%|          | 0/102 [00:00<?, ?it/s]
epoca 25/30: train 0.0002/1.0000 | val loss 0.0326 acc 0.9921 f1 0.9921 err 0.7893%  | 9s 1014 img/s
val 26/30:   0%|          | 0/102 [00:00<?, ?it/s]
epoca 26/30: train 0.0002/1.0000 | val loss 0.0325 acc 0.9924 f1 0.9923 err 0.7637%  | 9s 1003 img/s
val 27/30:   0%|          | 0/102 [00:00<?, ?it/s]
epoca 27/30: train 0.0002/1.0000 | val loss 0.0323 acc 0.9924 f1 0.9924 err 0.7637%  | 9s 1021 img/s
val 28/30:   0%|          | 0/102 [00:00<?, ?it/s]
epoca 28/30: train 0.0002/1.0000 | val loss 0.0326 acc 0.9919 f1 0.9918 err 0.8149%  | 9s 1010 img/s
val 29/30:   0%|          | 0/102 [00:00<?, ?it/s]
epoca 29/30: train 0.0003/1.0000 | val loss 0.0322 acc 0.9920 f1 0.9920 err 0.7995%  | 9s 1001 img/s
val 30/30:   0%|          | 0/102 [00:00<?, ?it/s]
epoca 30/30: train 0.0003/1.0000 | val loss 0.0321 acc 0.9920 f1 0.9920 err 0.7995%  | 9s 1017 img/s
test:   0%|          | 0/436 [00:00<?, ?it/s]
TESTE (best.pt, epoca 16): acc 0.9936  f1 0.9936  erro 0.6434% (538 / 83613)
-> runs/eixo4_resnet50_f005_s2/metrics.json
