poda global por magnitude: alvo 50.00% -> obtida 50.0000% dos pesos podáveis (3.53 M não-nulos de 6.97 M)
run       : eixo2_prune_densenet121_p50_s2
arch      : densenet121 (pretrained=False)  seed=2
manifesto : v2 ed5c1eb749ec9e72...  mask=None
fit/val/test: 175,591 / 19,511 / 83,613 imgs  (11,805 / 2,268 / 6,044 sujeitos)
batch 96 | steps/epoch 1,829 | epochs 5 | warmup 0 ep | early stop patience off
val 1/5:   0%|          | 0/102 [00:00<?, ?it/s]
epoca 1/5: train 0.0009/0.9998 | val loss 0.0155 acc 0.9967 f1 0.9967 err 0.3280% * | 210s 836 img/s
val 2/5:   0%|          | 0/102 [00:00<?, ?it/s]
epoca 2/5: train 0.0007/0.9999 | val loss 0.0152 acc 0.9969 f1 0.9969 err 0.3126% * | 199s 883 img/s
val 3/5:   0%|          | 0/102 [00:00<?, ?it/s]
epoca 3/5: train 0.0006/0.9999 | val loss 0.0147 acc 0.9969 f1 0.9969 err 0.3075% * | 199s 884 img/s
val 4/5:   0%|          | 0/102 [00:00<?, ?it/s]
epoca 4/5: train 0.0006/0.9999 | val loss 0.0147 acc 0.9970 f1 0.9970 err 0.2973% * | 199s 883 img/s
val 5/5:   0%|          | 0/102 [00:00<?, ?it/s]
epoca 5/5: train 0.0006/0.9999 | val loss 0.0144 acc 0.9969 f1 0.9969 err 0.3126%  | 198s 885 img/s
test:   0%|          | 0/436 [00:00<?, ?it/s]
TESTE (best.pt, epoca 4): acc 0.9982  f1 0.9982  erro 0.1806% (151 / 83613)
-> runs/eixo2_prune_densenet121_p50_s2/metrics.json
densenet121: params 6.97 M (nao-nulos 3.53 M, esparsidade 49.4%) | MACs 2.86 G @ 224px | FP32 27.2 MiB, gzip 15.5 MiB [1.1s]
-> runs/eixo2_prune_densenet121_p50_s2/cost.json
