poda global por magnitude: alvo 90.00% -> obtida 90.0000% dos pesos podáveis (2.40 M não-nulos de 23.54 M)
run       : eixo2_prune_resnet50_p90_s2
arch      : resnet50 (pretrained=False)  seed=2
manifesto : v2 ed5c1eb749ec9e72...  mask=None
fit/val/test: 175,591 / 19,511 / 83,613 imgs  (11,805 / 2,268 / 6,044 sujeitos)
batch 96 | steps/epoch 1,829 | epochs 5 | warmup 0 ep | early stop patience off
val 1/5:   0%|          | 0/102 [00:00<?, ?it/s]
epoca 1/5: train 0.0150/0.9989 | val loss 0.0132 acc 0.9970 f1 0.9970 err 0.3024% * | 168s 1046 img/s
val 2/5:   0%|          | 0/102 [00:00<?, ?it/s]
epoca 2/5: train 0.0041/0.9993 | val loss 0.0128 acc 0.9971 f1 0.9971 err 0.2921% * | 160s 1097 img/s
val 3/5:   0%|          | 0/102 [00:00<?, ?it/s]
epoca 3/5: train 0.0032/0.9994 | val loss 0.0121 acc 0.9973 f1 0.9974 err 0.2665% * | 160s 1095 img/s
val 4/5:   0%|          | 0/102 [00:00<?, ?it/s]
epoca 4/5: train 0.0029/0.9995 | val loss 0.0121 acc 0.9973 f1 0.9973 err 0.2665%  | 160s 1095 img/s
val 5/5:   0%|          | 0/102 [00:00<?, ?it/s]
epoca 5/5: train 0.0028/0.9995 | val loss 0.0119 acc 0.9973 f1 0.9973 err 0.2665%  | 160s 1095 img/s
test:   0%|          | 0/436 [00:00<?, ?it/s]
TESTE (best.pt, epoca 3): acc 0.9977  f1 0.9977  erro 0.2296% (192 / 83613)
-> runs/eixo2_prune_resnet50_p90_s2/metrics.json
resnet50: params 23.54 M (nao-nulos 2.40 M, esparsidade 89.8%) | MACs 4.11 G @ 224px | FP32 90.1 MiB, gzip 17.2 MiB [2.2s]
-> runs/eixo2_prune_resnet50_p90_s2/cost.json
