/home/ezenere/Documents/Faculdade/TCC/src/compress/export_onnx.py:33: DeprecationWarning: You are using the legacy TorchScript-based ONNX export. Starting in PyTorch 2.9, the new torch.export-based ONNX exporter has become the default. Learn more about the new export logic: https://docs.pytorch.org/docs/stable/onnx_export.html. For exporting control flow: https://pytorch.org/tutorials/beginner/onnx/export_control_flow_model_to_onnx_tutorial.html
  torch.onnx.export(
resnet50: runs/eixo4_resnet50_f075_s0/model.onnx (89.7 MiB, 122 nós, opset 17) | paridade ORT-CPU vs PyTorch em 64 imgs: max|Δ| = 6.74e-06, argmax divergentes = 0 -> OK | ORT 141.4 img/s vs PyTorch 72.5 img/s
Collecting tensor data and making histogram ...
Collecting tensor data and making histogram ...
Collecting tensor data and making histogram ...
Collecting tensor data and making histogram ...
Collecting tensor data and making histogram ...
Collecting tensor data and making histogram ...
Collecting tensor data and making histogram ...
Collecting tensor data and making histogram ...
Collecting tensor data and making histogram ...
Collecting tensor data and making histogram ...
Collecting tensor data and making histogram ...
Collecting tensor data and making histogram ...
Collecting tensor data and making histogram ...
Collecting tensor data and making histogram ...
Collecting tensor data and making histogram ...
Collecting tensor data and making histogram ...
Collecting tensor data and making histogram ...
Collecting tensor data and making histogram ...
Collecting tensor data and making histogram ...
Collecting tensor data and making histogram ...
Collecting tensor data and making histogram ...
Collecting tensor data and making histogram ...
Collecting tensor data and making histogram ...
Collecting tensor data and making histogram ...
Collecting tensor data and making histogram ...
Collecting tensor data and making histogram ...
Collecting tensor data and making histogram ...
Collecting tensor data and making histogram ...
Collecting tensor data and making histogram ...
Collecting tensor data and making histogram ...
Collecting tensor data and making histogram ...
Collecting tensor data and making histogram ...
Collecting tensor data and making histogram ...
Collecting tensor data and making histogram ...
Collecting tensor data and making histogram ...
Collecting tensor data and making histogram ...
Collecting tensor data and making histogram ...
Collecting tensor data and making histogram ...
Collecting tensor data and making histogram ...
Collecting tensor data and making histogram ...
Collecting tensor data and making histogram ...
Collecting tensor data and making histogram ...
Collecting tensor data and making histogram ...
Collecting tensor data and making histogram ...
Collecting tensor data and making histogram ...
Collecting tensor data and making histogram ...
Collecting tensor data and making histogram ...
Collecting tensor data and making histogram ...
Collecting tensor data and making histogram ...
Collecting tensor data and making histogram ...
Collecting tensor data and making histogram ...
Collecting tensor data and making histogram ...
Collecting tensor data and making histogram ...
Collecting tensor data and making histogram ...
Collecting tensor data and making histogram ...
Collecting tensor data and making histogram ...
Collecting tensor data and making histogram ...
Collecting tensor data and making histogram ...
Collecting tensor data and making histogram ...
Collecting tensor data and making histogram ...
Collecting tensor data and making histogram ...
Collecting tensor data and making histogram ...
Collecting tensor data and making histogram ...
Collecting tensor data and making histogram ...
Finding optimal threshold for each tensor using 'entropy' algorithm ...
Number of tensors : 123
Number of histogram bins : 128 (The number may increase depends on the data it collects)
Number of quantized bins : 128
resnet50: runs/eixo4_resnet50_f075_s0/model_qdq_int8.onnx (22.8 MiB, 120 QuantizeLinear, 126s) | smoke val n=256: acc qdq 1.0000 vs fp32 1.0000
int8: runs/eixo4_resnet50_f075_s0/trt/model_int8.engine (23.9 MiB, build 11.9s) | camadas por tipo: {'Float': 6, 'Int8': 72, '?': 17}
trt int8 test:   0%|          | 0/2613 [00:00<?, ?it/s]                                                       resnet50 TRT int8 test: n=83,613 acc 0.99476 f1 0.99479 erro 0.5238% (438) | 6279.2 img/s
-> runs/eixo4_resnet50_f075_s0/metrics_trt_int8.json
Collecting tensor data and making histogram ...
Collecting tensor data and making histogram ...
Collecting tensor data and making histogram ...
Collecting tensor data and making histogram ...
Collecting tensor data and making histogram ...
Collecting tensor data and making histogram ...
Collecting tensor data and making histogram ...
Collecting tensor data and making histogram ...
Collecting tensor data and making histogram ...
Collecting tensor data and making histogram ...
Collecting tensor data and making histogram ...
Collecting tensor data and making histogram ...
Collecting tensor data and making histogram ...
Collecting tensor data and making histogram ...
Collecting tensor data and making histogram ...
Collecting tensor data and making histogram ...
Collecting tensor data and making histogram ...
Collecting tensor data and making histogram ...
Collecting tensor data and making histogram ...
Collecting tensor data and making histogram ...
Collecting tensor data and making histogram ...
Collecting tensor data and making histogram ...
Collecting tensor data and making histogram ...
Collecting tensor data and making histogram ...
Collecting tensor data and making histogram ...
Collecting tensor data and making histogram ...
Collecting tensor data and making histogram ...
Collecting tensor data and making histogram ...
Collecting tensor data and making histogram ...
Collecting tensor data and making histogram ...
Collecting tensor data and making histogram ...
Collecting tensor data and making histogram ...
Collecting tensor data and making histogram ...
Collecting tensor data and making histogram ...
Collecting tensor data and making histogram ...
Collecting tensor data and making histogram ...
Collecting tensor data and making histogram ...
Collecting tensor data and making histogram ...
Collecting tensor data and making histogram ...
Collecting tensor data and making histogram ...
Collecting tensor data and making histogram ...
Collecting tensor data and making histogram ...
Collecting tensor data and making histogram ...
Collecting tensor data and making histogram ...
Collecting tensor data and making histogram ...
Collecting tensor data and making histogram ...
Collecting tensor data and making histogram ...
Collecting tensor data and making histogram ...
Collecting tensor data and making histogram ...
Collecting tensor data and making histogram ...
Collecting tensor data and making histogram ...
Collecting tensor data and making histogram ...
Collecting tensor data and making histogram ...
Collecting tensor data and making histogram ...
Collecting tensor data and making histogram ...
Collecting tensor data and making histogram ...
Collecting tensor data and making histogram ...
Collecting tensor data and making histogram ...
Collecting tensor data and making histogram ...
Collecting tensor data and making histogram ...
Collecting tensor data and making histogram ...
Collecting tensor data and making histogram ...
Collecting tensor data and making histogram ...
Collecting tensor data and making histogram ...
Finding optimal threshold for each tensor using 'percentile' algorithm ...
Number of tensors : 123
Number of histogram bins : 2048
Percentile : (0.010000000000005116,99.99)
resnet50: runs/eixo4_resnet50_f075_s0/model_qdq_int8.onnx (22.8 MiB, 120 QuantizeLinear, 94s) | smoke val n=256: acc qdq 1.0000 vs fp32 1.0000
int8: runs/eixo4_resnet50_f075_s0/trt/model_int8.engine (23.9 MiB, build 122.3s) | camadas por tipo: {'Float': 5, 'Int8': 72, '?': 17}
trt int8 test:   0%|          | 0/2613 [00:00<?, ?it/s]                                                       resnet50 TRT int8 test: n=83,613 acc 0.99769 f1 0.99771 erro 0.2308% (193) | 3792.2 img/s
-> runs/eixo4_resnet50_f075_s0/metrics_trt_int8.json
