/home/ezenere/Documents/Faculdade/TCC/src/compress/export_onnx.py:33: DeprecationWarning: You are using the legacy TorchScript-based ONNX export. Starting in PyTorch 2.9, the new torch.export-based ONNX exporter has become the default. Learn more about the new export logic: https://docs.pytorch.org/docs/stable/onnx_export.html. For exporting control flow: https://pytorch.org/tutorials/beginner/onnx/export_control_flow_model_to_onnx_tutorial.html
  torch.onnx.export(
resnet50: runs/eixo1_resnet50_s1/model.onnx (89.7 MiB, 122 nós, opset 17) | paridade ORT-CPU vs PyTorch em 64 imgs: max|Δ| = 6.20e-06, argmax divergentes = 0 -> OK | ORT 248.3 img/s vs PyTorch 75.6 img/s
Collecting tensor data and making histogram ...
Collecting tensor data and making histogram ...
Collecting tensor data and making histogram ...
Collecting tensor data and making histogram ...
Collecting tensor data and making histogram ...
Collecting tensor data and making histogram ...
Collecting tensor data and making histogram ...
Collecting tensor data and making histogram ...
Collecting tensor data and making histogram ...
Collecting tensor data and making histogram ...
Collecting tensor data and making histogram ...
Collecting tensor data and making histogram ...
Collecting tensor data and making histogram ...
Collecting tensor data and making histogram ...
Collecting tensor data and making histogram ...
Collecting tensor data and making histogram ...
Collecting tensor data and making histogram ...
Collecting tensor data and making histogram ...
Collecting tensor data and making histogram ...
Collecting tensor data and making histogram ...
Collecting tensor data and making histogram ...
Collecting tensor data and making histogram ...
Collecting tensor data and making histogram ...
Collecting tensor data and making histogram ...
Collecting tensor data and making histogram ...
Collecting tensor data and making histogram ...
Collecting tensor data and making histogram ...
Collecting tensor data and making histogram ...
Collecting tensor data and making histogram ...
Collecting tensor data and making histogram ...
Collecting tensor data and making histogram ...
Collecting tensor data and making histogram ...
Collecting tensor data and making histogram ...
Collecting tensor data and making histogram ...
Collecting tensor data and making histogram ...
Collecting tensor data and making histogram ...
Collecting tensor data and making histogram ...
Collecting tensor data and making histogram ...
Collecting tensor data and making histogram ...
Collecting tensor data and making histogram ...
Collecting tensor data and making histogram ...
Collecting tensor data and making histogram ...
Collecting tensor data and making histogram ...
Collecting tensor data and making histogram ...
Collecting tensor data and making histogram ...
Collecting tensor data and making histogram ...
Collecting tensor data and making histogram ...
Collecting tensor data and making histogram ...
Collecting tensor data and making histogram ...
Collecting tensor data and making histogram ...
Collecting tensor data and making histogram ...
Collecting tensor data and making histogram ...
Collecting tensor data and making histogram ...
Collecting tensor data and making histogram ...
Collecting tensor data and making histogram ...
Collecting tensor data and making histogram ...
Collecting tensor data and making histogram ...
Collecting tensor data and making histogram ...
Collecting tensor data and making histogram ...
Collecting tensor data and making histogram ...
Collecting tensor data and making histogram ...
Collecting tensor data and making histogram ...
Collecting tensor data and making histogram ...
Collecting tensor data and making histogram ...
Finding optimal threshold for each tensor using 'entropy' algorithm ...
Number of tensors : 123
Number of histogram bins : 128 (The number may increase depends on the data it collects)
Number of quantized bins : 128
resnet50: runs/eixo1_resnet50_s1/model_qdq_int8.onnx (22.8 MiB, 120 QuantizeLinear, 115s) | smoke val n=256: acc qdq 1.0000 vs fp32 1.0000
/home/ezenere/miniconda3/envs/tcc/lib/python3.11/site-packages/onnxconverter_common/float16.py:52: UserWarning: the float32 number 5.772091138389612e-11 will be truncated to 1e-07
  warnings.warn(
/home/ezenere/miniconda3/envs/tcc/lib/python3.11/site-packages/onnxconverter_common/float16.py:70: UserWarning: the float32 number -1.3099637694025112e-11 will be truncated to -1e-07
  warnings.warn(
/home/ezenere/miniconda3/envs/tcc/lib/python3.11/site-packages/onnxconverter_common/float16.py:52: UserWarning: the float32 number 7.372331217725403e-11 will be truncated to 1e-07
  warnings.warn(
/home/ezenere/miniconda3/envs/tcc/lib/python3.11/site-packages/onnxconverter_common/float16.py:70: UserWarning: the float32 number -1.7050878764468536e-10 will be truncated to -1e-07
  warnings.warn(
/home/ezenere/miniconda3/envs/tcc/lib/python3.11/site-packages/onnxconverter_common/float16.py:52: UserWarning: the float32 number 3.888210933777891e-12 will be truncated to 1e-07
  warnings.warn(
/home/ezenere/miniconda3/envs/tcc/lib/python3.11/site-packages/onnxconverter_common/float16.py:70: UserWarning: the float32 number -1.462750385226863e-12 will be truncated to -1e-07
  warnings.warn(
/home/ezenere/miniconda3/envs/tcc/lib/python3.11/site-packages/onnxconverter_common/float16.py:52: UserWarning: the float32 number 1.8370232025550874e-14 will be truncated to 1e-07
  warnings.warn(
/home/ezenere/miniconda3/envs/tcc/lib/python3.11/site-packages/onnxconverter_common/float16.py:70: UserWarning: the float32 number -6.400751849659943e-15 will be truncated to -1e-07
  warnings.warn(
/home/ezenere/miniconda3/envs/tcc/lib/python3.11/site-packages/onnxconverter_common/float16.py:70: UserWarning: the float32 number -5.110280554276869e-08 will be truncated to -1e-07
  warnings.warn(
/home/ezenere/miniconda3/envs/tcc/lib/python3.11/site-packages/onnxconverter_common/float16.py:52: UserWarning: the float32 number 7.201344232043994e-08 will be truncated to 1e-07
  warnings.warn(
/home/ezenere/miniconda3/envs/tcc/lib/python3.11/site-packages/onnxconverter_common/float16.py:70: UserWarning: the float32 number -1.010206762686039e-08 will be truncated to -1e-07
  warnings.warn(
/home/ezenere/miniconda3/envs/tcc/lib/python3.11/site-packages/onnxconverter_common/float16.py:52: UserWarning: the float32 number 1.8543262925163617e-08 will be truncated to 1e-07
  warnings.warn(
/home/ezenere/miniconda3/envs/tcc/lib/python3.11/site-packages/onnxconverter_common/float16.py:70: UserWarning: the float32 number -1.1999131466211566e-08 will be truncated to -1e-07
  warnings.warn(
/home/ezenere/miniconda3/envs/tcc/lib/python3.11/site-packages/onnxconverter_common/float16.py:52: UserWarning: the float32 number 4.191475985737547e-11 will be truncated to 1e-07
  warnings.warn(
/home/ezenere/miniconda3/envs/tcc/lib/python3.11/site-packages/onnxconverter_common/float16.py:70: UserWarning: the float32 number -5.505018663143346e-10 will be truncated to -1e-07
  warnings.warn(
/home/ezenere/miniconda3/envs/tcc/lib/python3.11/site-packages/onnxconverter_common/float16.py:52: UserWarning: the float32 number 2.087193091970807e-11 will be truncated to 1e-07
  warnings.warn(
/home/ezenere/miniconda3/envs/tcc/lib/python3.11/site-packages/onnxconverter_common/float16.py:70: UserWarning: the float32 number -3.1480748997197994e-12 will be truncated to -1e-07
  warnings.warn(
/home/ezenere/miniconda3/envs/tcc/lib/python3.11/site-packages/onnxconverter_common/float16.py:70: UserWarning: the float32 number -7.221194664452923e-08 will be truncated to -1e-07
  warnings.warn(
/home/ezenere/miniconda3/envs/tcc/lib/python3.11/site-packages/onnxconverter_common/float16.py:70: UserWarning: the float32 number -5.08643474006476e-08 will be truncated to -1e-07
  warnings.warn(
/home/ezenere/miniconda3/envs/tcc/lib/python3.11/site-packages/onnxconverter_common/float16.py:52: UserWarning: the float32 number 8.628606451566156e-08 will be truncated to 1e-07
  warnings.warn(
/home/ezenere/miniconda3/envs/tcc/lib/python3.11/site-packages/onnxconverter_common/float16.py:70: UserWarning: the float32 number -6.0758216235967666e-09 will be truncated to -1e-07
  warnings.warn(
/home/ezenere/miniconda3/envs/tcc/lib/python3.11/site-packages/onnxconverter_common/float16.py:52: UserWarning: the float32 number 3.330889342123555e-08 will be truncated to 1e-07
  warnings.warn(
/home/ezenere/miniconda3/envs/tcc/lib/python3.11/site-packages/onnxconverter_common/float16.py:52: UserWarning: the float32 number 2.1225330826268873e-08 will be truncated to 1e-07
  warnings.warn(
/home/ezenere/miniconda3/envs/tcc/lib/python3.11/site-packages/onnxconverter_common/float16.py:70: UserWarning: the float32 number -2.54501220098291e-08 will be truncated to -1e-07
  warnings.warn(
/home/ezenere/miniconda3/envs/tcc/lib/python3.11/site-packages/onnxconverter_common/float16.py:70: UserWarning: the float32 number -7.499446752490257e-08 will be truncated to -1e-07
  warnings.warn(
/home/ezenere/miniconda3/envs/tcc/lib/python3.11/site-packages/onnxconverter_common/float16.py:52: UserWarning: the float32 number 2.899828288605022e-08 will be truncated to 1e-07
  warnings.warn(
/home/ezenere/miniconda3/envs/tcc/lib/python3.11/site-packages/onnxconverter_common/float16.py:70: UserWarning: the float32 number -2.5600492392641172e-08 will be truncated to -1e-07
  warnings.warn(
/home/ezenere/miniconda3/envs/tcc/lib/python3.11/site-packages/onnxconverter_common/float16.py:52: UserWarning: the float32 number 7.229653675722147e-08 will be truncated to 1e-07
  warnings.warn(
/home/ezenere/miniconda3/envs/tcc/lib/python3.11/site-packages/onnxconverter_common/float16.py:52: UserWarning: the float32 number 9.000716838514222e-10 will be truncated to 1e-07
  warnings.warn(
/home/ezenere/miniconda3/envs/tcc/lib/python3.11/site-packages/onnxconverter_common/float16.py:70: UserWarning: the float32 number -4.921027474402706e-10 will be truncated to -1e-07
  warnings.warn(
/home/ezenere/miniconda3/envs/tcc/lib/python3.11/site-packages/onnxconverter_common/float16.py:52: UserWarning: the float32 number 6.04190617536915e-08 will be truncated to 1e-07
  warnings.warn(
/home/ezenere/miniconda3/envs/tcc/lib/python3.11/site-packages/onnxconverter_common/float16.py:70: UserWarning: the float32 number -2.09851105381631e-08 will be truncated to -1e-07
  warnings.warn(
/home/ezenere/miniconda3/envs/tcc/lib/python3.11/site-packages/onnxconverter_common/float16.py:52: UserWarning: the float32 number 1.3378937957497783e-09 will be truncated to 1e-07
  warnings.warn(
/home/ezenere/miniconda3/envs/tcc/lib/python3.11/site-packages/onnxconverter_common/float16.py:70: UserWarning: the float32 number -1.6588677098638982e-08 will be truncated to -1e-07
  warnings.warn(
/home/ezenere/miniconda3/envs/tcc/lib/python3.11/site-packages/onnxconverter_common/float16.py:70: UserWarning: the float32 number -1.667913984704228e-08 will be truncated to -1e-07
  warnings.warn(
/home/ezenere/miniconda3/envs/tcc/lib/python3.11/site-packages/onnxconverter_common/float16.py:52: UserWarning: the float32 number 2.5343672049871202e-08 will be truncated to 1e-07
  warnings.warn(
/home/ezenere/miniconda3/envs/tcc/lib/python3.11/site-packages/onnxconverter_common/float16.py:70: UserWarning: the float32 number -7.065057427979582e-09 will be truncated to -1e-07
  warnings.warn(
/home/ezenere/miniconda3/envs/tcc/lib/python3.11/site-packages/onnxconverter_common/float16.py:52: UserWarning: the float32 number 2.9985363081408423e-09 will be truncated to 1e-07
  warnings.warn(
/home/ezenere/miniconda3/envs/tcc/lib/python3.11/site-packages/onnxconverter_common/float16.py:70: UserWarning: the float32 number -1.2844273422629726e-09 will be truncated to -1e-07
  warnings.warn(
/home/ezenere/miniconda3/envs/tcc/lib/python3.11/site-packages/onnxconverter_common/float16.py:52: UserWarning: the float32 number 1.6144400261097758e-09 will be truncated to 1e-07
  warnings.warn(
/home/ezenere/miniconda3/envs/tcc/lib/python3.11/site-packages/onnxconverter_common/float16.py:52: UserWarning: the float32 number 7.210298469395582e-10 will be truncated to 1e-07
  warnings.warn(
/home/ezenere/miniconda3/envs/tcc/lib/python3.11/site-packages/onnxconverter_common/float16.py:70: UserWarning: the float32 number -7.950951186330713e-08 will be truncated to -1e-07
  warnings.warn(
/home/ezenere/miniconda3/envs/tcc/lib/python3.11/site-packages/onnxconverter_common/float16.py:52: UserWarning: the float32 number 1.0080927204114687e-08 will be truncated to 1e-07
  warnings.warn(
/home/ezenere/miniconda3/envs/tcc/lib/python3.11/site-packages/onnxconverter_common/float16.py:52: UserWarning: the float32 number 5.966567329096506e-08 will be truncated to 1e-07
  warnings.warn(
/home/ezenere/miniconda3/envs/tcc/lib/python3.11/site-packages/onnxconverter_common/float16.py:52: UserWarning: the float32 number 1.171271080124825e-08 will be truncated to 1e-07
  warnings.warn(
/home/ezenere/miniconda3/envs/tcc/lib/python3.11/site-packages/onnxconverter_common/float16.py:70: UserWarning: the float32 number -2.2220596473943033e-09 will be truncated to -1e-07
  warnings.warn(
/home/ezenere/miniconda3/envs/tcc/lib/python3.11/site-packages/onnxconverter_common/float16.py:70: UserWarning: the float32 number -1.3228997453040847e-08 will be truncated to -1e-07
  warnings.warn(
/home/ezenere/miniconda3/envs/tcc/lib/python3.11/site-packages/onnxconverter_common/float16.py:52: UserWarning: the float32 number 5.587647677884888e-09 will be truncated to 1e-07
  warnings.warn(
/home/ezenere/miniconda3/envs/tcc/lib/python3.11/site-packages/onnxconverter_common/float16.py:70: UserWarning: the float32 number -7.641782673317721e-08 will be truncated to -1e-07
  warnings.warn(
/home/ezenere/miniconda3/envs/tcc/lib/python3.11/site-packages/onnxconverter_common/float16.py:52: UserWarning: the float32 number 1.5936125308257942e-08 will be truncated to 1e-07
  warnings.warn(
/home/ezenere/miniconda3/envs/tcc/lib/python3.11/site-packages/onnxconverter_common/float16.py:70: UserWarning: the float32 number -4.153047328259163e-08 will be truncated to -1e-07
  warnings.warn(
/home/ezenere/miniconda3/envs/tcc/lib/python3.11/site-packages/onnxconverter_common/float16.py:52: UserWarning: the float32 number 1.984699515844568e-08 will be truncated to 1e-07
  warnings.warn(
/home/ezenere/miniconda3/envs/tcc/lib/python3.11/site-packages/onnxconverter_common/float16.py:70: UserWarning: the float32 number -2.4745371973722285e-08 will be truncated to -1e-07
  warnings.warn(
/home/ezenere/miniconda3/envs/tcc/lib/python3.11/site-packages/onnxconverter_common/float16.py:52: UserWarning: the float32 number 4.607668024902978e-09 will be truncated to 1e-07
  warnings.warn(
/home/ezenere/miniconda3/envs/tcc/lib/python3.11/site-packages/onnxconverter_common/float16.py:70: UserWarning: the float32 number -5.4982052688501426e-08 will be truncated to -1e-07
  warnings.warn(
/home/ezenere/miniconda3/envs/tcc/lib/python3.11/site-packages/onnxconverter_common/float16.py:52: UserWarning: the float32 number 5.381484768918199e-08 will be truncated to 1e-07
  warnings.warn(
/home/ezenere/miniconda3/envs/tcc/lib/python3.11/site-packages/onnxconverter_common/float16.py:70: UserWarning: the float32 number -3.283879124182931e-08 will be truncated to -1e-07
  warnings.warn(
/home/ezenere/miniconda3/envs/tcc/lib/python3.11/site-packages/onnxconverter_common/float16.py:52: UserWarning: the float32 number 7.91661847188152e-09 will be truncated to 1e-07
  warnings.warn(
/home/ezenere/miniconda3/envs/tcc/lib/python3.11/site-packages/onnxconverter_common/float16.py:70: UserWarning: the float32 number -3.0525448835305724e-08 will be truncated to -1e-07
  warnings.warn(
/home/ezenere/miniconda3/envs/tcc/lib/python3.11/site-packages/onnxconverter_common/float16.py:52: UserWarning: the float32 number 2.347908356625794e-08 will be truncated to 1e-07
  warnings.warn(
/home/ezenere/miniconda3/envs/tcc/lib/python3.11/site-packages/onnxconverter_common/float16.py:70: UserWarning: the float32 number -6.921973216833521e-09 will be truncated to -1e-07
  warnings.warn(
fp32: runs/eixo1_resnet50_s1/trt/model_fp32.engine (100.8 MiB, build 13.3s) | camadas por tipo: {'Float': 71, '?': 1}
fp16 onnx -> runs/eixo1_resnet50_s1/model_fp16.onnx (44.9 MiB)
fp16: runs/eixo1_resnet50_s1/trt/model_fp16.engine (45.5 MiB, build 12.5s) | camadas por tipo: {'Half': 58, '?': 1, 'Float': 1}
int8: runs/eixo1_resnet50_s1/trt/model_int8.engine (23.9 MiB, build 11.3s) | camadas por tipo: {'Float': 5, 'Int8': 72, '?': 17}
trt fp32 test:   0%|          | 0/2613 [00:00<?, ?it/s][09/14/2026-20:53:01] [TRT] [W] Using default stream in enqueueV3() may lead to performance issues due to additional calls to cudaStreamSynchronize() by TensorRT to ensure correct synchronization. Please use non-default stream instead.
trt fp32 test:  71%|███████   | 1854/2613 [00:30<00:12, 61.77it/s]                                                                  resnet50 TRT fp32 test: n=83,613 acc 0.99805 f1 0.99807 erro 0.1949% (163) | 1977.6 img/s
-> runs/eixo1_resnet50_s1/metrics_trt_fp32.json
trt fp16 test:   0%|          | 0/2613 [00:00<?, ?it/s][09/14/2026-20:53:45] [TRT] [W] Using default stream in enqueueV3() may lead to performance issues due to additional calls to cudaStreamSynchronize() by TensorRT to ensure correct synchronization. Please use non-default stream instead.
                                                       resnet50 TRT fp16 test: n=83,613 acc 0.99801 f1 0.99803 erro 0.1985% (166) | 5362.4 img/s
-> runs/eixo1_resnet50_s1/metrics_trt_fp16.json
trt int8 test:   0%|          | 0/2613 [00:00<?, ?it/s][09/14/2026-20:54:03] [TRT] [W] Using default stream in enqueueV3() may lead to performance issues due to additional calls to cudaStreamSynchronize() by TensorRT to ensure correct synchronization. Please use non-default stream instead.
                                                       resnet50 TRT int8 test: n=83,613 acc 0.99792 f1 0.99794 erro 0.2081% (174) | 6207.2 img/s
-> runs/eixo1_resnet50_s1/metrics_trt_int8.json
Collecting tensor data and making histogram ...
Collecting tensor data and making histogram ...
Collecting tensor data and making histogram ...
Collecting tensor data and making histogram ...
Collecting tensor data and making histogram ...
Collecting tensor data and making histogram ...
Collecting tensor data and making histogram ...
Collecting tensor data and making histogram ...
Collecting tensor data and making histogram ...
Collecting tensor data and making histogram ...
Collecting tensor data and making histogram ...
Collecting tensor data and making histogram ...
Collecting tensor data and making histogram ...
Collecting tensor data and making histogram ...
Collecting tensor data and making histogram ...
Collecting tensor data and making histogram ...
Collecting tensor data and making histogram ...
Collecting tensor data and making histogram ...
Collecting tensor data and making histogram ...
Collecting tensor data and making histogram ...
Collecting tensor data and making histogram ...
Collecting tensor data and making histogram ...
Collecting tensor data and making histogram ...
Collecting tensor data and making histogram ...
Collecting tensor data and making histogram ...
Collecting tensor data and making histogram ...
Collecting tensor data and making histogram ...
Collecting tensor data and making histogram ...
Collecting tensor data and making histogram ...
Collecting tensor data and making histogram ...
Collecting tensor data and making histogram ...
Collecting tensor data and making histogram ...
Collecting tensor data and making histogram ...
Collecting tensor data and making histogram ...
Collecting tensor data and making histogram ...
Collecting tensor data and making histogram ...
Collecting tensor data and making histogram ...
Collecting tensor data and making histogram ...
Collecting tensor data and making histogram ...
Collecting tensor data and making histogram ...
Collecting tensor data and making histogram ...
Collecting tensor data and making histogram ...
Collecting tensor data and making histogram ...
Collecting tensor data and making histogram ...
Collecting tensor data and making histogram ...
Collecting tensor data and making histogram ...
Collecting tensor data and making histogram ...
Collecting tensor data and making histogram ...
Collecting tensor data and making histogram ...
Collecting tensor data and making histogram ...
Collecting tensor data and making histogram ...
Collecting tensor data and making histogram ...
Collecting tensor data and making histogram ...
Collecting tensor data and making histogram ...
Collecting tensor data and making histogram ...
Collecting tensor data and making histogram ...
Collecting tensor data and making histogram ...
Collecting tensor data and making histogram ...
Collecting tensor data and making histogram ...
Collecting tensor data and making histogram ...
Collecting tensor data and making histogram ...
Collecting tensor data and making histogram ...
Collecting tensor data and making histogram ...
Collecting tensor data and making histogram ...
Finding optimal threshold for each tensor using 'percentile' algorithm ...
Number of tensors : 123
Number of histogram bins : 2048
Percentile : (0.010000000000005116,99.99)
resnet50: runs/eixo1_resnet50_s1/model_qdq_int8.onnx (22.8 MiB, 120 QuantizeLinear, 96s) | smoke val n=256: acc qdq 1.0000 vs fp32 1.0000
int8: runs/eixo1_resnet50_s1/trt/model_int8.engine (23.9 MiB, build 139.9s) | camadas por tipo: {'Float': 5, 'Int8': 72, '?': 17}
trt int8 test:   0%|          | 0/2613 [00:00<?, ?it/s]                                                       resnet50 TRT int8 test: n=83,613 acc 0.99801 f1 0.99804 erro 0.1985% (166) | 3867.9 img/s
-> runs/eixo1_resnet50_s1/metrics_trt_int8.json
