poda global por magnitude: alvo 95.00% -> obtida 95.0000% dos pesos podáveis (0.45 M não-nulos de 6.97 M)
run       : eixo2b_prunefirst_densenet121_p95_s1
arch      : densenet121 (pretrained=True)  seed=1
manifesto : v2 ed5c1eb749ec9e72...  mask=None
fit/val/test: 175,591 / 19,511 / 83,613 imgs  (11,805 / 2,268 / 6,044 sujeitos)
batch 96 | steps/epoch 1,829 | epochs 30 | warmup 2 ep | early stop patience off
epoch 1/30:   0%|          | 0/1829 [00:00<?, ?it/s]/home/ezenere/Documents/Faculdade/TCC/src/train.py:132: UserWarning: Detected call of `lr_scheduler.step()` before `optimizer.step()`. In PyTorch 1.1.0 and later, you should call them in the opposite order: `optimizer.step()` before `lr_scheduler.step()`.  Failure to do this will result in PyTorch skipping the first value of the learning rate schedule. See more details at https://pytorch.org/docs/stable/optim.html#how-to-adjust-learning-rate
  scheduler.step()
val 1/30:   0%|          | 0/102 [00:00<?, ?it/s]
epoca 1/30: train 0.6027/0.8143 | val loss 0.0560 acc 0.9834 f1 0.9834 err 1.6606% * | 211s 830 img/s
val 2/30:   0%|          | 0/102 [00:00<?, ?it/s]
epoca 2/30: train 0.0514/0.9843 | val loss 0.0590 acc 0.9832 f1 0.9831 err 1.6760%  | 203s 865 img/s
val 3/30:   0%|          | 0/102 [00:00<?, ?it/s]
epoca 3/30: train 0.0349/0.9894 | val loss 0.0361 acc 0.9886 f1 0.9886 err 1.1378% * | 202s 870 img/s
val 4/30:   0%|          | 0/102 [00:00<?, ?it/s]
epoca 4/30: train 0.0247/0.9925 | val loss 0.0309 acc 0.9915 f1 0.9915 err 0.8508% * | 198s 885 img/s
val 5/30:   0%|          | 0/102 [00:00<?, ?it/s]
epoca 5/30: train 0.0215/0.9934 | val loss 0.0282 acc 0.9927 f1 0.9927 err 0.7278% * | 199s 884 img/s
val 6/30:   0%|          | 0/102 [00:00<?, ?it/s]
epoca 6/30: train 0.0175/0.9948 | val loss 0.0230 acc 0.9932 f1 0.9932 err 0.6765% * | 198s 885 img/s
val 7/30:   0%|          | 0/102 [00:00<?, ?it/s]
epoca 7/30: train 0.0163/0.9953 | val loss 0.0217 acc 0.9943 f1 0.9943 err 0.5740% * | 198s 887 img/s
val 8/30:   0%|          | 0/102 [00:00<?, ?it/s]
epoca 8/30: train 0.0144/0.9958 | val loss 0.0210 acc 0.9941 f1 0.9941 err 0.5945%  | 198s 886 img/s
val 9/30:   0%|          | 0/102 [00:00<?, ?it/s]
epoca 9/30: train 0.0145/0.9958 | val loss 0.0303 acc 0.9912 f1 0.9911 err 0.8816%  | 200s 877 img/s
val 10/30:   0%|          | 0/102 [00:00<?, ?it/s]
epoca 10/30: train 0.0132/0.9963 | val loss 0.0185 acc 0.9943 f1 0.9943 err 0.5689% * | 201s 873 img/s
val 11/30:   0%|          | 0/102 [00:00<?, ?it/s]
epoca 11/30: train 0.0122/0.9965 | val loss 0.0457 acc 0.9851 f1 0.9850 err 1.4915%  | 203s 865 img/s
val 12/30:   0%|          | 0/102 [00:00<?, ?it/s]
epoca 12/30: train 0.0102/0.9971 | val loss 0.0175 acc 0.9948 f1 0.9948 err 0.5177% * | 204s 860 img/s
val 13/30:   0%|          | 0/102 [00:00<?, ?it/s]
epoca 13/30: train 0.0102/0.9973 | val loss 0.0188 acc 0.9951 f1 0.9951 err 0.4920% * | 205s 856 img/s
val 14/30:   0%|          | 0/102 [00:00<?, ?it/s]
epoca 14/30: train 0.0087/0.9976 | val loss 0.0159 acc 0.9956 f1 0.9957 err 0.4357% * | 210s 837 img/s
val 15/30:   0%|          | 0/102 [00:00<?, ?it/s]
epoca 15/30: train 0.0084/0.9977 | val loss 0.0164 acc 0.9952 f1 0.9952 err 0.4818%  | 220s 799 img/s
val 16/30:   0%|          | 0/102 [00:00<?, ?it/s]
epoca 16/30: train 0.0077/0.9980 | val loss 0.0157 acc 0.9957 f1 0.9958 err 0.4254% * | 226s 776 img/s
val 17/30:   0%|          | 0/102 [00:00<?, ?it/s]
epoca 17/30: train 0.0061/0.9984 | val loss 0.0153 acc 0.9961 f1 0.9961 err 0.3946% * | 220s 800 img/s
val 18/30:   0%|          | 0/102 [00:00<?, ?it/s]
epoca 18/30: train 0.0056/0.9986 | val loss 0.0168 acc 0.9957 f1 0.9958 err 0.4254%  | 217s 807 img/s
val 19/30:   0%|          | 0/102 [00:00<?, ?it/s]
epoca 19/30: train 0.0057/0.9986 | val loss 0.0142 acc 0.9962 f1 0.9962 err 0.3844% * | 219s 801 img/s
val 20/30:   0%|          | 0/102 [00:00<?, ?it/s]
epoca 20/30: train 0.0042/0.9990 | val loss 0.0152 acc 0.9961 f1 0.9961 err 0.3895%  | 222s 791 img/s
val 21/30:   0%|          | 0/102 [00:00<?, ?it/s]
epoca 21/30: train 0.0034/0.9993 | val loss 0.0143 acc 0.9966 f1 0.9966 err 0.3383% * | 216s 814 img/s
val 22/30:   0%|          | 0/102 [00:00<?, ?it/s]
epoca 22/30: train 0.0029/0.9994 | val loss 0.0131 acc 0.9965 f1 0.9965 err 0.3536%  | 209s 842 img/s
val 23/30:   0%|          | 0/102 [00:00<?, ?it/s]
epoca 23/30: train 0.0025/0.9995 | val loss 0.0139 acc 0.9967 f1 0.9967 err 0.3331% * | 199s 883 img/s
val 24/30:   0%|          | 0/102 [00:00<?, ?it/s]
epoca 24/30: train 0.0022/0.9995 | val loss 0.0130 acc 0.9968 f1 0.9968 err 0.3178% * | 198s 885 img/s
val 25/30:   0%|          | 0/102 [00:00<?, ?it/s]
epoca 25/30: train 0.0018/0.9996 | val loss 0.0134 acc 0.9965 f1 0.9965 err 0.3485%  | 198s 886 img/s
val 26/30:   0%|          | 0/102 [00:00<?, ?it/s]
epoca 26/30: train 0.0018/0.9996 | val loss 0.0135 acc 0.9966 f1 0.9966 err 0.3434%  | 199s 885 img/s
val 27/30:   0%|          | 0/102 [00:00<?, ?it/s]
epoca 27/30: train 0.0016/0.9997 | val loss 0.0134 acc 0.9966 f1 0.9966 err 0.3434%  | 212s 827 img/s
val 28/30:   0%|          | 0/102 [00:00<?, ?it/s]
epoca 28/30: train 0.0016/0.9998 | val loss 0.0134 acc 0.9967 f1 0.9967 err 0.3280%  | 215s 817 img/s
val 29/30:   0%|          | 0/102 [00:00<?, ?it/s]
epoca 29/30: train 0.0015/0.9997 | val loss 0.0136 acc 0.9966 f1 0.9966 err 0.3434%  | 213s 826 img/s
val 30/30:   0%|          | 0/102 [00:00<?, ?it/s]
epoca 30/30: train 0.0014/0.9998 | val loss 0.0133 acc 0.9966 f1 0.9966 err 0.3434%  | 206s 852 img/s
test:   0%|          | 0/436 [00:00<?, ?it/s]
TESTE (best.pt, epoca 24): acc 0.9977  f1 0.9977  erro 0.2272% (190 / 83613)
-> runs/eixo2b_prunefirst_densenet121_p95_s1/metrics.json
densenet121: params 6.97 M (nao-nulos 0.45 M, esparsidade 93.6%) | MACs 2.86 G @ 224px | FP32 27.2 MiB, gzip 4.3 MiB [0.8s]
-> runs/eixo2b_prunefirst_densenet121_p95_s1/cost.json
