poda global por magnitude: alvo 98.00% -> obtida 98.0000% dos pesos podáveis (0.52 M não-nulos de 23.54 M)
run       : eixo2_prune_resnet50_p98_s2
arch      : resnet50 (pretrained=False)  seed=2
manifesto : v2 ed5c1eb749ec9e72...  mask=None
fit/val/test: 175,591 / 19,511 / 83,613 imgs  (11,805 / 2,268 / 6,044 sujeitos)
batch 96 | steps/epoch 1,829 | epochs 5 | warmup 0 ep | early stop patience off
epoch 1/5:   0%|          | 0/1829 [00:00<?, ?it/s]/home/ezenere/Documents/Faculdade/TCC/src/train.py:128: UserWarning: Detected call of `lr_scheduler.step()` before `optimizer.step()`. In PyTorch 1.1.0 and later, you should call them in the opposite order: `optimizer.step()` before `lr_scheduler.step()`.  Failure to do this will result in PyTorch skipping the first value of the learning rate schedule. See more details at https://pytorch.org/docs/stable/optim.html#how-to-adjust-learning-rate
  scheduler.step()
val 1/5:   0%|          | 0/102 [00:00<?, ?it/s]
epoca 1/5: train 0.2041/0.9600 | val loss 0.0275 acc 0.9934 f1 0.9934 err 0.6560% * | 168s 1048 img/s
val 2/5:   0%|          | 0/102 [00:00<?, ?it/s]
epoca 2/5: train 0.0245/0.9943 | val loss 0.0218 acc 0.9945 f1 0.9945 err 0.5484% * | 160s 1098 img/s
val 3/5:   0%|          | 0/102 [00:00<?, ?it/s]
epoca 3/5: train 0.0169/0.9962 | val loss 0.0194 acc 0.9944 f1 0.9944 err 0.5587%  | 160s 1099 img/s
val 4/5:   0%|          | 0/102 [00:00<?, ?it/s]
epoca 4/5: train 0.0148/0.9967 | val loss 0.0185 acc 0.9947 f1 0.9947 err 0.5279% * | 160s 1098 img/s
val 5/5:   0%|          | 0/102 [00:00<?, ?it/s]
epoca 5/5: train 0.0135/0.9970 | val loss 0.0186 acc 0.9950 f1 0.9950 err 0.5023% * | 160s 1099 img/s
test:   0%|          | 0/436 [00:00<?, ?it/s]
TESTE (best.pt, epoca 5): acc 0.9962  f1 0.9962  erro 0.3779% (316 / 83613)
-> runs/eixo2_prune_resnet50_p98_s2/metrics.json
resnet50: params 23.54 M (nao-nulos 0.52 M, esparsidade 97.8%) | MACs 4.11 G @ 224px | FP32 90.1 MiB, gzip 8.8 MiB [1.9s]
-> runs/eixo2_prune_resnet50_p98_s2/cost.json
