run       : eixo4_resnet50_f075_s1
arch      : resnet50 (pretrained=True)  seed=1
manifesto : v3 40f0951659609108...  mask=frac_75_s1
fit/val/test: 131,693 / 19,511 / 83,613 imgs  (10,554 / 2,268 / 6,044 sujeitos)
batch 96 | steps/epoch 1,371 | epochs 30 | warmup 2 ep | early stop patience 5
val 1/30:   0%|          | 0/102 [00:00<?, ?it/s]
epoca 1/30: train 0.4527/0.8745 | val loss 0.0350 acc 0.9893 f1 0.9893 err 1.0661% * | 128s 1026 img/s
val 2/30:   0%|          | 0/102 [00:00<?, ?it/s]
epoca 2/30: train 0.0318/0.9906 | val loss 0.0396 acc 0.9891 f1 0.9891 err 1.0866%  | 121s 1092 img/s
val 3/30:   0%|          | 0/102 [00:00<?, ?it/s]
epoca 3/30: train 0.0242/0.9930 | val loss 0.0439 acc 0.9884 f1 0.9884 err 1.1583%  | 120s 1093 img/s
val 4/30:   0%|          | 0/102 [00:00<?, ?it/s]
epoca 4/30: train 0.0171/0.9951 | val loss 0.0274 acc 0.9924 f1 0.9924 err 0.7585% * | 120s 1093 img/s
val 5/30:   0%|          | 0/102 [00:00<?, ?it/s]
epoca 5/30: train 0.0125/0.9965 | val loss 0.0301 acc 0.9909 f1 0.9909 err 0.9072%  | 120s 1093 img/s
val 6/30:   0%|          | 0/102 [00:00<?, ?it/s]
epoca 6/30: train 0.0099/0.9971 | val loss 0.0250 acc 0.9935 f1 0.9936 err 0.6458% * | 120s 1093 img/s
val 7/30:   0%|          | 0/102 [00:00<?, ?it/s]
epoca 7/30: train 0.0107/0.9969 | val loss 0.0212 acc 0.9943 f1 0.9943 err 0.5740% * | 120s 1094 img/s
val 8/30:   0%|          | 0/102 [00:00<?, ?it/s]
epoca 8/30: train 0.0107/0.9968 | val loss 0.0164 acc 0.9955 f1 0.9955 err 0.4510% * | 120s 1094 img/s
val 9/30:   0%|          | 0/102 [00:00<?, ?it/s]
epoca 9/30: train 0.0073/0.9981 | val loss 0.0186 acc 0.9948 f1 0.9949 err 0.5177%  | 120s 1093 img/s
val 10/30:   0%|          | 0/102 [00:00<?, ?it/s]
epoca 10/30: train 0.0078/0.9977 | val loss 0.0218 acc 0.9938 f1 0.9938 err 0.6202%  | 120s 1094 img/s
val 11/30:   0%|          | 0/102 [00:00<?, ?it/s]
epoca 11/30: train 0.0066/0.9981 | val loss 0.0209 acc 0.9944 f1 0.9944 err 0.5638%  | 120s 1095 img/s
val 12/30:   0%|          | 0/102 [00:00<?, ?it/s]
epoca 12/30: train 0.0056/0.9984 | val loss 0.0178 acc 0.9958 f1 0.9959 err 0.4152% * | 120s 1095 img/s
val 13/30:   0%|          | 0/102 [00:00<?, ?it/s]
epoca 13/30: train 0.0041/0.9988 | val loss 0.0170 acc 0.9957 f1 0.9957 err 0.4305%  | 121s 1091 img/s
val 14/30:   0%|          | 0/102 [00:00<?, ?it/s]
epoca 14/30: train 0.0036/0.9991 | val loss 0.0154 acc 0.9963 f1 0.9963 err 0.3741% * | 120s 1093 img/s
val 15/30:   0%|          | 0/102 [00:00<?, ?it/s]
epoca 15/30: train 0.0027/0.9992 | val loss 0.0191 acc 0.9950 f1 0.9950 err 0.4972%  | 121s 1091 img/s
val 16/30:   0%|          | 0/102 [00:00<?, ?it/s]
epoca 16/30: train 0.0031/0.9992 | val loss 0.0170 acc 0.9957 f1 0.9957 err 0.4305%  | 121s 1092 img/s
val 17/30:   0%|          | 0/102 [00:00<?, ?it/s]
epoca 17/30: train 0.0035/0.9990 | val loss 0.0177 acc 0.9956 f1 0.9957 err 0.4357%  | 120s 1095 img/s
val 18/30:   0%|          | 0/102 [00:00<?, ?it/s]
epoca 18/30: train 0.0022/0.9994 | val loss 0.0169 acc 0.9963 f1 0.9963 err 0.3741%  | 120s 1093 img/s
val 19/30:   0%|          | 0/102 [00:00<?, ?it/s]
epoca 19/30: train 0.0019/0.9995 | val loss 0.0153 acc 0.9968 f1 0.9968 err 0.3229% * | 121s 1091 img/s
val 20/30:   0%|          | 0/102 [00:00<?, ?it/s]
epoca 20/30: train 0.0013/0.9997 | val loss 0.0149 acc 0.9965 f1 0.9965 err 0.3485%  | 120s 1094 img/s
val 21/30:   0%|          | 0/102 [00:00<?, ?it/s]
epoca 21/30: train 0.0009/0.9998 | val loss 0.0154 acc 0.9967 f1 0.9967 err 0.3280%  | 120s 1093 img/s
val 22/30:   0%|          | 0/102 [00:00<?, ?it/s]
epoca 22/30: train 0.0007/0.9998 | val loss 0.0164 acc 0.9966 f1 0.9966 err 0.3383%  | 120s 1095 img/s
val 23/30:   0%|          | 0/102 [00:00<?, ?it/s]
epoca 23/30: train 0.0004/0.9999 | val loss 0.0170 acc 0.9968 f1 0.9968 err 0.3178% * | 120s 1094 img/s
val 24/30:   0%|          | 0/102 [00:00<?, ?it/s]
epoca 24/30: train 0.0004/0.9999 | val loss 0.0171 acc 0.9965 f1 0.9965 err 0.3536%  | 120s 1093 img/s
val 25/30:   0%|          | 0/102 [00:00<?, ?it/s]
epoca 25/30: train 0.0003/0.9999 | val loss 0.0173 acc 0.9968 f1 0.9968 err 0.3178%  | 120s 1094 img/s
val 26/30:   0%|          | 0/102 [00:00<?, ?it/s]
epoca 26/30: train 0.0004/0.9999 | val loss 0.0170 acc 0.9967 f1 0.9967 err 0.3331%  | 120s 1095 img/s
val 27/30:   0%|          | 0/102 [00:00<?, ?it/s]
epoca 27/30: train 0.0003/0.9999 | val loss 0.0176 acc 0.9966 f1 0.9966 err 0.3383%  | 120s 1094 img/s
val 28/30:   0%|          | 0/102 [00:00<?, ?it/s]
epoca 28/30: train 0.0003/0.9999 | val loss 0.0173 acc 0.9968 f1 0.9968 err 0.3178%  | 120s 1095 img/s
early stopping: 5 epocas sem melhora em val (best epoca 23)
test:   0%|          | 0/436 [00:00<?, ?it/s]
TESTE (best.pt, epoca 23): acc 0.9978  f1 0.9978  erro 0.2248% (188 / 83613)
-> runs/eixo4_resnet50_f075_s1/metrics.json
run       : eixo4_resnet50_f075_s1
arch      : resnet50 (pretrained=True)  seed=1
manifesto : v3 40f0951659609108...  mask=frac_75_s1
fit/val/test: 131,693 / 19,511 / 83,613 imgs  (10,554 / 2,268 / 6,044 sujeitos)
batch 96 | steps/epoch 1,371 | epochs 30 | warmup 2 ep | early stop patience off
retomando: epoca 29/30, best F1 0.9968 (epoca 23)
val 29/30:   0%|          | 0/102 [00:00<?, ?it/s]
epoca 29/30: train 0.0002/0.9999 | val loss 0.0168 acc 0.9967 f1 0.9967 err 0.3280%  | 128s 1029 img/s
val 30/30:   0%|          | 0/102 [00:00<?, ?it/s]
epoca 30/30: train 0.0002/1.0000 | val loss 0.0171 acc 0.9969 f1 0.9969 err 0.3126% * | 120s 1098 img/s
test:   0%|          | 0/436 [00:00<?, ?it/s]
TESTE (best.pt, epoca 30): acc 0.9977  f1 0.9978  erro 0.2260% (189 / 83613)
-> runs/eixo4_resnet50_f075_s1/metrics.json
