poda global por magnitude: alvo 98.00% -> obtida 98.0000% dos pesos podáveis (0.52 M não-nulos de 23.54 M)
run       : eixo2c_rewind_resnet50_p98_s1
arch      : resnet50 (pretrained=False)  seed=1
manifesto : v2 ed5c1eb749ec9e72...  mask=None
fit/val/test: 175,591 / 19,511 / 83,613 imgs  (11,805 / 2,268 / 6,044 sujeitos)
batch 96 | steps/epoch 1,829 | epochs 30 | warmup 2 ep | early stop patience off
epoch 1/30:   0%|          | 0/1829 [00:00<?, ?it/s]/home/ezenere/Documents/Faculdade/TCC/src/train.py:132: UserWarning: Detected call of `lr_scheduler.step()` before `optimizer.step()`. In PyTorch 1.1.0 and later, you should call them in the opposite order: `optimizer.step()` before `lr_scheduler.step()`.  Failure to do this will result in PyTorch skipping the first value of the learning rate schedule. See more details at https://pytorch.org/docs/stable/optim.html#how-to-adjust-learning-rate
  scheduler.step()
val 1/30:   0%|          | 0/102 [00:00<?, ?it/s]
epoca 1/30: train 0.3849/0.9210 | val loss 0.0306 acc 0.9918 f1 0.9918 err 0.8201% * | 168s 1045 img/s
val 2/30:   0%|          | 0/102 [00:00<?, ?it/s]
epoca 2/30: train 0.0331/0.9910 | val loss 0.0443 acc 0.9872 f1 0.9872 err 1.2762%  | 161s 1093 img/s
val 3/30:   0%|          | 0/102 [00:00<?, ?it/s]
epoca 3/30: train 0.0267/0.9925 | val loss 0.0258 acc 0.9928 f1 0.9928 err 0.7227% * | 161s 1092 img/s
val 4/30:   0%|          | 0/102 [00:00<?, ?it/s]
epoca 4/30: train 0.0208/0.9940 | val loss 0.0269 acc 0.9925 f1 0.9925 err 0.7483%  | 160s 1094 img/s
val 5/30:   0%|          | 0/102 [00:00<?, ?it/s]
epoca 5/30: train 0.0172/0.9952 | val loss 0.0263 acc 0.9926 f1 0.9927 err 0.7380%  | 161s 1094 img/s
val 6/30:   0%|          | 0/102 [00:00<?, ?it/s]
epoca 6/30: train 0.0164/0.9955 | val loss 0.0203 acc 0.9941 f1 0.9941 err 0.5945% * | 160s 1094 img/s
val 7/30:   0%|          | 0/102 [00:00<?, ?it/s]
epoca 7/30: train 0.0154/0.9957 | val loss 0.0221 acc 0.9943 f1 0.9943 err 0.5689% * | 161s 1093 img/s
val 8/30:   0%|          | 0/102 [00:00<?, ?it/s]
epoca 8/30: train 0.0145/0.9960 | val loss 0.0192 acc 0.9942 f1 0.9943 err 0.5792%  | 161s 1094 img/s
val 9/30:   0%|          | 0/102 [00:00<?, ?it/s]
epoca 9/30: train 0.0132/0.9963 | val loss 0.0205 acc 0.9943 f1 0.9942 err 0.5740%  | 161s 1093 img/s
val 10/30:   0%|          | 0/102 [00:00<?, ?it/s]
epoca 10/30: train 0.0130/0.9965 | val loss 0.0226 acc 0.9934 f1 0.9934 err 0.6560%  | 161s 1094 img/s
val 11/30:   0%|          | 0/102 [00:00<?, ?it/s]
epoca 11/30: train 0.0118/0.9968 | val loss 0.0198 acc 0.9946 f1 0.9946 err 0.5433% * | 161s 1092 img/s
val 12/30:   0%|          | 0/102 [00:00<?, ?it/s]
epoca 12/30: train 0.0113/0.9970 | val loss 0.0195 acc 0.9947 f1 0.9948 err 0.5279% * | 161s 1093 img/s
val 13/30:   0%|          | 0/102 [00:00<?, ?it/s]
epoca 13/30: train 0.0112/0.9970 | val loss 0.0210 acc 0.9940 f1 0.9940 err 0.5997%  | 161s 1092 img/s
val 14/30:   0%|          | 0/102 [00:00<?, ?it/s]
epoca 14/30: train 0.0095/0.9975 | val loss 0.0190 acc 0.9947 f1 0.9947 err 0.5279%  | 161s 1092 img/s
val 15/30:   0%|          | 0/102 [00:00<?, ?it/s]
epoca 15/30: train 0.0084/0.9979 | val loss 0.0197 acc 0.9945 f1 0.9945 err 0.5484%  | 161s 1092 img/s
val 16/30:   0%|          | 0/102 [00:00<?, ?it/s]
epoca 16/30: train 0.0083/0.9979 | val loss 0.0170 acc 0.9954 f1 0.9955 err 0.4562% * | 161s 1091 img/s
val 17/30:   0%|          | 0/102 [00:00<?, ?it/s]
epoca 17/30: train 0.0067/0.9984 | val loss 0.0161 acc 0.9956 f1 0.9956 err 0.4408% * | 163s 1074 img/s
val 18/30:   0%|          | 0/102 [00:00<?, ?it/s]
epoca 18/30: train 0.0059/0.9985 | val loss 0.0185 acc 0.9954 f1 0.9954 err 0.4562%  | 161s 1091 img/s
val 19/30:   0%|          | 0/102 [00:00<?, ?it/s]
epoca 19/30: train 0.0058/0.9986 | val loss 0.0146 acc 0.9961 f1 0.9961 err 0.3946% * | 161s 1091 img/s
val 20/30:   0%|          | 0/102 [00:00<?, ?it/s]
epoca 20/30: train 0.0049/0.9988 | val loss 0.0147 acc 0.9967 f1 0.9967 err 0.3331% * | 163s 1080 img/s
val 21/30:   0%|          | 0/102 [00:00<?, ?it/s]
epoca 21/30: train 0.0040/0.9991 | val loss 0.0161 acc 0.9964 f1 0.9964 err 0.3639%  | 161s 1089 img/s
val 22/30:   0%|          | 0/102 [00:00<?, ?it/s]
epoca 22/30: train 0.0034/0.9992 | val loss 0.0143 acc 0.9966 f1 0.9966 err 0.3434%  | 161s 1091 img/s
val 23/30:   0%|          | 0/102 [00:00<?, ?it/s]
epoca 23/30: train 0.0030/0.9994 | val loss 0.0146 acc 0.9965 f1 0.9965 err 0.3536%  | 161s 1091 img/s
val 24/30:   0%|          | 0/102 [00:00<?, ?it/s]
epoca 24/30: train 0.0027/0.9994 | val loss 0.0136 acc 0.9968 f1 0.9968 err 0.3178% * | 161s 1091 img/s
val 25/30:   0%|          | 0/102 [00:00<?, ?it/s]
epoca 25/30: train 0.0024/0.9995 | val loss 0.0137 acc 0.9968 f1 0.9968 err 0.3229%  | 167s 1054 img/s
val 26/30:   0%|          | 0/102 [00:00<?, ?it/s]
epoca 26/30: train 0.0022/0.9996 | val loss 0.0137 acc 0.9969 f1 0.9969 err 0.3075% * | 161s 1091 img/s
val 27/30:   0%|          | 0/102 [00:00<?, ?it/s]
epoca 27/30: train 0.0020/0.9996 | val loss 0.0142 acc 0.9968 f1 0.9968 err 0.3178%  | 163s 1074 img/s
val 28/30:   0%|          | 0/102 [00:00<?, ?it/s]
epoca 28/30: train 0.0020/0.9996 | val loss 0.0138 acc 0.9970 f1 0.9970 err 0.3024% * | 161s 1091 img/s
val 29/30:   0%|          | 0/102 [00:00<?, ?it/s]
epoca 29/30: train 0.0019/0.9997 | val loss 0.0143 acc 0.9970 f1 0.9970 err 0.3024% * | 161s 1091 img/s
val 30/30:   0%|          | 0/102 [00:00<?, ?it/s]
epoca 30/30: train 0.0018/0.9997 | val loss 0.0142 acc 0.9969 f1 0.9969 err 0.3126%  | 164s 1073 img/s
test:   0%|          | 0/436 [00:00<?, ?it/s]
TESTE (best.pt, epoca 29): acc 0.9978  f1 0.9978  erro 0.2225% (186 / 83613)
-> runs/eixo2c_rewind_resnet50_p98_s1/metrics.json
resnet50: params 23.54 M (nao-nulos 0.52 M, esparsidade 97.8%) | MACs 4.11 G @ 224px | FP32 90.1 MiB, gzip 8.9 MiB [1.9s]
-> runs/eixo2c_rewind_resnet50_p98_s1/cost.json
