poda global por magnitude: alvo 70.00% -> obtida 70.0000% dos pesos podáveis (2.15 M não-nulos de 6.97 M)
run       : eixo2_prune_densenet121_p70_s2
arch      : densenet121 (pretrained=False)  seed=2
manifesto : v2 ed5c1eb749ec9e72...  mask=None
fit/val/test: 175,591 / 19,511 / 83,613 imgs  (11,805 / 2,268 / 6,044 sujeitos)
batch 96 | steps/epoch 1,829 | epochs 5 | warmup 0 ep | early stop patience off
val 1/5:   0%|          | 0/102 [00:00<?, ?it/s]
epoca 1/5: train 0.0013/0.9998 | val loss 0.0143 acc 0.9967 f1 0.9967 err 0.3331% * | 209s 839 img/s
val 2/5:   0%|          | 0/102 [00:00<?, ?it/s]
epoca 2/5: train 0.0010/0.9998 | val loss 0.0145 acc 0.9967 f1 0.9967 err 0.3280% * | 197s 890 img/s
val 3/5:   0%|          | 0/102 [00:00<?, ?it/s]
epoca 3/5: train 0.0009/0.9999 | val loss 0.0140 acc 0.9969 f1 0.9969 err 0.3075% * | 200s 879 img/s
val 4/5:   0%|          | 0/102 [00:00<?, ?it/s]
epoca 4/5: train 0.0008/0.9999 | val loss 0.0142 acc 0.9969 f1 0.9969 err 0.3075% * | 197s 889 img/s
val 5/5:   0%|          | 0/102 [00:00<?, ?it/s]
epoca 5/5: train 0.0008/0.9999 | val loss 0.0139 acc 0.9968 f1 0.9968 err 0.3229%  | 197s 890 img/s
test:   0%|          | 0/436 [00:00<?, ?it/s]
TESTE (best.pt, epoca 4): acc 0.9981  f1 0.9982  erro 0.1866% (156 / 83613)
-> runs/eixo2_prune_densenet121_p70_s2/metrics.json
densenet121: params 6.97 M (nao-nulos 2.15 M, esparsidade 69.2%) | MACs 2.86 G @ 224px | FP32 27.2 MiB, gzip 10.8 MiB [1.0s]
-> runs/eixo2_prune_densenet121_p70_s2/cost.json
