poda global por magnitude: alvo 98.00% -> obtida 98.0000% dos pesos podáveis (0.52 M não-nulos de 23.54 M)
run       : eixo2_prune_resnet50_p98_s1
arch      : resnet50 (pretrained=False)  seed=1
manifesto : v2 ed5c1eb749ec9e72...  mask=None
fit/val/test: 175,591 / 19,511 / 83,613 imgs  (11,805 / 2,268 / 6,044 sujeitos)
batch 96 | steps/epoch 1,829 | epochs 5 | warmup 0 ep | early stop patience off
epoch 1/5:   0%|          | 0/1829 [00:00<?, ?it/s]/home/ezenere/Documents/Faculdade/TCC/src/train.py:128: UserWarning: Detected call of `lr_scheduler.step()` before `optimizer.step()`. In PyTorch 1.1.0 and later, you should call them in the opposite order: `optimizer.step()` before `lr_scheduler.step()`.  Failure to do this will result in PyTorch skipping the first value of the learning rate schedule. See more details at https://pytorch.org/docs/stable/optim.html#how-to-adjust-learning-rate
  scheduler.step()
val 1/5:   0%|          | 0/102 [00:00<?, ?it/s]
epoca 1/5: train 0.2073/0.9611 | val loss 0.0283 acc 0.9929 f1 0.9929 err 0.7073% * | 170s 1031 img/s
val 2/5:   0%|          | 0/102 [00:00<?, ?it/s]
epoca 2/5: train 0.0239/0.9944 | val loss 0.0222 acc 0.9942 f1 0.9942 err 0.5843% * | 163s 1076 img/s
val 3/5:   0%|          | 0/102 [00:00<?, ?it/s]
epoca 3/5: train 0.0170/0.9961 | val loss 0.0184 acc 0.9951 f1 0.9952 err 0.4869% * | 164s 1073 img/s
val 4/5:   0%|          | 0/102 [00:00<?, ?it/s]
epoca 4/5: train 0.0140/0.9968 | val loss 0.0179 acc 0.9951 f1 0.9951 err 0.4920%  | 164s 1073 img/s
val 5/5:   0%|          | 0/102 [00:00<?, ?it/s]
epoca 5/5: train 0.0129/0.9970 | val loss 0.0179 acc 0.9954 f1 0.9954 err 0.4613% * | 162s 1083 img/s
test:   0%|          | 0/436 [00:00<?, ?it/s]
TESTE (best.pt, epoca 5): acc 0.9959  f1 0.9959  erro 0.4126% (345 / 83613)
-> runs/eixo2_prune_resnet50_p98_s1/metrics.json
resnet50: params 23.54 M (nao-nulos 0.52 M, esparsidade 97.8%) | MACs 4.11 G @ 224px | FP32 90.1 MiB, gzip 8.8 MiB [2.0s]
-> runs/eixo2_prune_resnet50_p98_s1/cost.json
