poda global por magnitude: alvo 98.00% -> obtida 98.0000% dos pesos podáveis (0.22 M não-nulos de 6.97 M)
run       : eixo2c_rewind_densenet121_p98_s1
arch      : densenet121 (pretrained=False)  seed=1
manifesto : v2 ed5c1eb749ec9e72...  mask=None
fit/val/test: 175,591 / 19,511 / 83,613 imgs  (11,805 / 2,268 / 6,044 sujeitos)
batch 96 | steps/epoch 1,829 | epochs 30 | warmup 2 ep | early stop patience off
val 1/30:   0%|          | 0/102 [00:00<?, ?it/s]
epoca 1/30: train 0.1846/0.9576 | val loss 0.0495 acc 0.9868 f1 0.9868 err 1.3223% * | 210s 835 img/s
val 2/30:   0%|          | 0/102 [00:00<?, ?it/s]
epoca 2/30: train 0.0447/0.9874 | val loss 0.0649 acc 0.9805 f1 0.9803 err 1.9527%  | 200s 877 img/s
val 3/30:   0%|          | 0/102 [00:00<?, ?it/s]
epoca 3/30: train 0.0347/0.9901 | val loss 0.0350 acc 0.9897 f1 0.9897 err 1.0302% * | 200s 877 img/s
val 4/30:   0%|          | 0/102 [00:00<?, ?it/s]
epoca 4/30: train 0.0266/0.9922 | val loss 0.0365 acc 0.9897 f1 0.9897 err 1.0302% * | 198s 887 img/s
val 5/30:   0%|          | 0/102 [00:00<?, ?it/s]
epoca 5/30: train 0.0234/0.9934 | val loss 0.0326 acc 0.9912 f1 0.9912 err 0.8816% * | 202s 870 img/s
val 6/30:   0%|          | 0/102 [00:00<?, ?it/s]
epoca 6/30: train 0.0211/0.9941 | val loss 0.0333 acc 0.9901 f1 0.9901 err 0.9892%  | 203s 863 img/s
val 7/30:   0%|          | 0/102 [00:00<?, ?it/s]
epoca 7/30: train 0.0201/0.9943 | val loss 0.0252 acc 0.9929 f1 0.9929 err 0.7124% * | 201s 872 img/s
val 8/30:   0%|          | 0/102 [00:00<?, ?it/s]
epoca 8/30: train 0.0186/0.9948 | val loss 0.0248 acc 0.9927 f1 0.9926 err 0.7329%  | 204s 860 img/s
val 9/30:   0%|          | 0/102 [00:00<?, ?it/s]
epoca 9/30: train 0.0176/0.9951 | val loss 0.0209 acc 0.9938 f1 0.9938 err 0.6150% * | 204s 859 img/s
val 10/30:   0%|          | 0/102 [00:00<?, ?it/s]
epoca 10/30: train 0.0165/0.9954 | val loss 0.0256 acc 0.9928 f1 0.9928 err 0.7175%  | 205s 857 img/s
val 11/30:   0%|          | 0/102 [00:00<?, ?it/s]
epoca 11/30: train 0.0151/0.9959 | val loss 0.0293 acc 0.9915 f1 0.9915 err 0.8508%  | 204s 861 img/s
val 12/30:   0%|          | 0/102 [00:00<?, ?it/s]
epoca 12/30: train 0.0137/0.9964 | val loss 0.0246 acc 0.9927 f1 0.9927 err 0.7278%  | 202s 869 img/s
val 13/30:   0%|          | 0/102 [00:00<?, ?it/s]
epoca 13/30: train 0.0138/0.9962 | val loss 0.0221 acc 0.9942 f1 0.9942 err 0.5792% * | 200s 879 img/s
val 14/30:   0%|          | 0/102 [00:00<?, ?it/s]
epoca 14/30: train 0.0129/0.9965 | val loss 0.0193 acc 0.9950 f1 0.9950 err 0.5023% * | 205s 858 img/s
val 15/30:   0%|          | 0/102 [00:00<?, ?it/s]
epoca 15/30: train 0.0120/0.9969 | val loss 0.0211 acc 0.9938 f1 0.9938 err 0.6202%  | 201s 874 img/s
val 16/30:   0%|          | 0/102 [00:00<?, ?it/s]
epoca 16/30: train 0.0110/0.9970 | val loss 0.0180 acc 0.9948 f1 0.9948 err 0.5177%  | 202s 871 img/s
val 17/30:   0%|          | 0/102 [00:00<?, ?it/s]
epoca 17/30: train 0.0095/0.9976 | val loss 0.0185 acc 0.9949 f1 0.9949 err 0.5074%  | 204s 860 img/s
val 18/30:   0%|          | 0/102 [00:00<?, ?it/s]
epoca 18/30: train 0.0083/0.9979 | val loss 0.0180 acc 0.9948 f1 0.9947 err 0.5228%  | 204s 861 img/s
val 19/30:   0%|          | 0/102 [00:00<?, ?it/s]
epoca 19/30: train 0.0081/0.9979 | val loss 0.0166 acc 0.9956 f1 0.9956 err 0.4408% * | 205s 855 img/s
val 20/30:   0%|          | 0/102 [00:00<?, ?it/s]
epoca 20/30: train 0.0071/0.9982 | val loss 0.0164 acc 0.9953 f1 0.9954 err 0.4664%  | 206s 854 img/s
val 21/30:   0%|          | 0/102 [00:00<?, ?it/s]
epoca 21/30: train 0.0061/0.9985 | val loss 0.0157 acc 0.9957 f1 0.9957 err 0.4305% * | 205s 856 img/s
val 22/30:   0%|          | 0/102 [00:00<?, ?it/s]
epoca 22/30: train 0.0051/0.9988 | val loss 0.0135 acc 0.9963 f1 0.9963 err 0.3690% * | 203s 865 img/s
val 23/30:   0%|          | 0/102 [00:00<?, ?it/s]
epoca 23/30: train 0.0045/0.9990 | val loss 0.0137 acc 0.9965 f1 0.9965 err 0.3536% * | 205s 855 img/s
val 24/30:   0%|          | 0/102 [00:00<?, ?it/s]
epoca 24/30: train 0.0044/0.9990 | val loss 0.0129 acc 0.9966 f1 0.9966 err 0.3434% * | 203s 867 img/s
val 25/30:   0%|          | 0/102 [00:00<?, ?it/s]
epoca 25/30: train 0.0038/0.9991 | val loss 0.0125 acc 0.9965 f1 0.9965 err 0.3485%  | 205s 855 img/s
val 26/30:   0%|          | 0/102 [00:00<?, ?it/s]
epoca 26/30: train 0.0034/0.9993 | val loss 0.0126 acc 0.9968 f1 0.9968 err 0.3229% * | 204s 861 img/s
val 27/30:   0%|          | 0/102 [00:00<?, ?it/s]
epoca 27/30: train 0.0031/0.9994 | val loss 0.0128 acc 0.9966 f1 0.9966 err 0.3383%  | 202s 870 img/s
val 28/30:   0%|          | 0/102 [00:00<?, ?it/s]
epoca 28/30: train 0.0031/0.9994 | val loss 0.0125 acc 0.9967 f1 0.9967 err 0.3331%  | 200s 879 img/s
val 29/30:   0%|          | 0/102 [00:00<?, ?it/s]
epoca 29/30: train 0.0031/0.9994 | val loss 0.0130 acc 0.9965 f1 0.9965 err 0.3485%  | 206s 852 img/s
val 30/30:   0%|          | 0/102 [00:00<?, ?it/s]
epoca 30/30: train 0.0029/0.9995 | val loss 0.0128 acc 0.9965 f1 0.9965 err 0.3485%  | 206s 854 img/s
test:   0%|          | 0/436 [00:00<?, ?it/s]
TESTE (best.pt, epoca 26): acc 0.9976  f1 0.9977  erro 0.2368% (198 / 83613)
-> runs/eixo2c_rewind_densenet121_p98_s1/metrics.json
densenet121: params 6.97 M (nao-nulos 0.22 M, esparsidade 96.8%) | MACs 2.86 G @ 224px | FP32 27.2 MiB, gzip 3.3 MiB [0.7s]
-> runs/eixo2c_rewind_densenet121_p98_s1/cost.json
