2026-09-30 16:12:13  === poda-antes: seeds [1 2] niveis [0.98 0.95] ===
2026-09-30 16:12:13  skip  eixo2b_prunefirst_resnet50_p98_s1
2026-09-30 16:12:13  skip  eixo2b_prunefirst_densenet121_p98_s1
2026-09-30 16:12:53  start eixo2b_prunefirst_resnet50_p95_s1
2026-09-30 16:16:37  end   eixo2b_prunefirst_resnet50_p95_s1 rc=0  3 min
2026-09-30 16:17:22  start eixo2b_prunefirst_densenet121_p95_s1
2026-09-30 18:06:52  end   eixo2b_prunefirst_densenet121_p95_s1 rc=0  109 min
2026-09-30 18:07:35  start eixo2b_prunefirst_resnet50_p98_s2
2026-09-30 19:32:57  end   eixo2b_prunefirst_resnet50_p98_s2 rc=0  85 min
2026-09-30 19:33:42  start eixo2b_prunefirst_densenet121_p98_s2
2026-09-30 21:18:35  end   eixo2b_prunefirst_densenet121_p98_s2 rc=0  104 min
2026-09-30 21:19:18  start eixo2b_prunefirst_resnet50_p95_s2
2026-09-30 22:44:38  end   eixo2b_prunefirst_resnet50_p95_s2 rc=0  85 min
2026-09-30 22:45:23  start eixo2b_prunefirst_densenet121_p95_s2
2026-10-01 00:34:12  end   eixo2b_prunefirst_densenet121_p95_s2 rc=0  108 min
2026-10-01 00:34:15  === poda-antes concluida: seeds [1 2] niveis [0.98 0.95] ===
2026-10-01 00:34:15  === extra B ===
2026-10-01 00:34:55  start extraB_resnet50_f025_p90_s0
2026-10-01 00:40:09  end   extraB_resnet50_f025_p90_s0 rc=0
2026-10-01 00:48:15  === extra B concluido ===
