poda global por magnitude: alvo 95.00% -> obtida 95.0000% dos pesos podáveis (1.23 M não-nulos de 23.54 M)
run       : eixo2c_rewind_resnet50_p95_s2
arch      : resnet50 (pretrained=False)  seed=2
manifesto : v2 ed5c1eb749ec9e72...  mask=None
fit/val/test: 175,591 / 19,511 / 83,613 imgs  (11,805 / 2,268 / 6,044 sujeitos)
batch 96 | steps/epoch 1,829 | epochs 30 | warmup 2 ep | early stop patience off
val 1/30:   0%|          | 0/102 [00:00<?, ?it/s]
epoca 1/30: train 0.1393/0.9888 | val loss 0.0180 acc 0.9955 f1 0.9955 err 0.4510% * | 168s 1043 img/s
val 2/30:   0%|          | 0/102 [00:00<?, ?it/s]
epoca 2/30: train 0.0135/0.9964 | val loss 0.0237 acc 0.9940 f1 0.9940 err 0.6048%  | 160s 1094 img/s
val 3/30:   0%|          | 0/102 [00:00<?, ?it/s]
epoca 3/30: train 0.0171/0.9952 | val loss 0.0210 acc 0.9943 f1 0.9943 err 0.5689%  | 161s 1090 img/s
val 4/30:   0%|          | 0/102 [00:00<?, ?it/s]
epoca 4/30: train 0.0141/0.9961 | val loss 0.0228 acc 0.9931 f1 0.9932 err 0.6868%  | 161s 1090 img/s
val 5/30:   0%|          | 0/102 [00:00<?, ?it/s]
epoca 5/30: train 0.0122/0.9965 | val loss 0.0217 acc 0.9942 f1 0.9942 err 0.5792%  | 161s 1090 img/s
val 6/30:   0%|          | 0/102 [00:00<?, ?it/s]
epoca 6/30: train 0.0111/0.9969 | val loss 0.0171 acc 0.9957 f1 0.9958 err 0.4254% * | 161s 1090 img/s
val 7/30:   0%|          | 0/102 [00:00<?, ?it/s]
epoca 7/30: train 0.0101/0.9972 | val loss 0.0183 acc 0.9949 f1 0.9949 err 0.5125%  | 161s 1089 img/s
val 8/30:   0%|          | 0/102 [00:00<?, ?it/s]
epoca 8/30: train 0.0109/0.9969 | val loss 0.0154 acc 0.9960 f1 0.9960 err 0.4049% * | 162s 1085 img/s
val 9/30:   0%|          | 0/102 [00:00<?, ?it/s]
epoca 9/30: train 0.0099/0.9973 | val loss 0.0205 acc 0.9938 f1 0.9938 err 0.6202%  | 165s 1063 img/s
val 10/30:   0%|          | 0/102 [00:00<?, ?it/s]
epoca 10/30: train 0.0093/0.9975 | val loss 0.0195 acc 0.9949 f1 0.9949 err 0.5125%  | 165s 1063 img/s
val 11/30:   0%|          | 0/102 [00:00<?, ?it/s]
epoca 11/30: train 0.0087/0.9975 | val loss 0.0178 acc 0.9957 f1 0.9958 err 0.4254%  | 166s 1059 img/s
val 12/30:   0%|          | 0/102 [00:00<?, ?it/s]
epoca 12/30: train 0.0079/0.9978 | val loss 0.0177 acc 0.9952 f1 0.9953 err 0.4767%  | 165s 1067 img/s
val 13/30:   0%|          | 0/102 [00:00<?, ?it/s]
epoca 13/30: train 0.0077/0.9980 | val loss 0.0165 acc 0.9955 f1 0.9956 err 0.4459%  | 164s 1071 img/s
val 14/30:   0%|          | 0/102 [00:00<?, ?it/s]
epoca 14/30: train 0.0070/0.9982 | val loss 0.0162 acc 0.9955 f1 0.9955 err 0.4510%  | 166s 1060 img/s
val 15/30:   0%|          | 0/102 [00:00<?, ?it/s]
epoca 15/30: train 0.0060/0.9984 | val loss 0.0163 acc 0.9955 f1 0.9956 err 0.4459%  | 165s 1063 img/s
val 16/30:   0%|          | 0/102 [00:00<?, ?it/s]
epoca 16/30: train 0.0057/0.9986 | val loss 0.0162 acc 0.9962 f1 0.9962 err 0.3793% * | 165s 1064 img/s
val 17/30:   0%|          | 0/102 [00:00<?, ?it/s]
epoca 17/30: train 0.0044/0.9989 | val loss 0.0148 acc 0.9969 f1 0.9969 err 0.3126% * | 162s 1083 img/s
val 18/30:   0%|          | 0/102 [00:00<?, ?it/s]
epoca 18/30: train 0.0040/0.9990 | val loss 0.0143 acc 0.9965 f1 0.9965 err 0.3536%  | 162s 1084 img/s
val 19/30:   0%|          | 0/102 [00:00<?, ?it/s]
epoca 19/30: train 0.0033/0.9991 | val loss 0.0144 acc 0.9961 f1 0.9961 err 0.3895%  | 162s 1085 img/s
val 20/30:   0%|          | 0/102 [00:00<?, ?it/s]
epoca 20/30: train 0.0027/0.9993 | val loss 0.0136 acc 0.9968 f1 0.9968 err 0.3178%  | 162s 1081 img/s
val 21/30:   0%|          | 0/102 [00:00<?, ?it/s]
epoca 21/30: train 0.0025/0.9994 | val loss 0.0143 acc 0.9968 f1 0.9968 err 0.3178%  | 162s 1081 img/s
val 22/30:   0%|          | 0/102 [00:00<?, ?it/s]
epoca 22/30: train 0.0020/0.9996 | val loss 0.0133 acc 0.9972 f1 0.9972 err 0.2819% * | 163s 1079 img/s
val 23/30:   0%|          | 0/102 [00:00<?, ?it/s]
epoca 23/30: train 0.0016/0.9997 | val loss 0.0135 acc 0.9973 f1 0.9973 err 0.2716% * | 164s 1069 img/s
val 24/30:   0%|          | 0/102 [00:00<?, ?it/s]
epoca 24/30: train 0.0014/0.9997 | val loss 0.0132 acc 0.9972 f1 0.9972 err 0.2819%  | 165s 1067 img/s
val 25/30:   0%|          | 0/102 [00:00<?, ?it/s]
epoca 25/30: train 0.0012/0.9998 | val loss 0.0133 acc 0.9972 f1 0.9972 err 0.2768%  | 168s 1046 img/s
val 26/30:   0%|          | 0/102 [00:00<?, ?it/s]
epoca 26/30: train 0.0012/0.9998 | val loss 0.0135 acc 0.9972 f1 0.9972 err 0.2768%  | 163s 1078 img/s
val 27/30:   0%|          | 0/102 [00:00<?, ?it/s]
epoca 27/30: train 0.0010/0.9998 | val loss 0.0136 acc 0.9972 f1 0.9972 err 0.2819%  | 164s 1074 img/s
val 28/30:   0%|          | 0/102 [00:00<?, ?it/s]
epoca 28/30: train 0.0009/0.9998 | val loss 0.0137 acc 0.9972 f1 0.9972 err 0.2819%  | 165s 1067 img/s
val 29/30:   0%|          | 0/102 [00:00<?, ?it/s]
epoca 29/30: train 0.0009/0.9998 | val loss 0.0136 acc 0.9972 f1 0.9972 err 0.2768%  | 166s 1056 img/s
val 30/30:   0%|          | 0/102 [00:00<?, ?it/s]
epoca 30/30: train 0.0009/0.9998 | val loss 0.0140 acc 0.9972 f1 0.9972 err 0.2768%  | 175s 1003 img/s
test:   0%|          | 0/436 [00:00<?, ?it/s]
TESTE (best.pt, epoca 23): acc 0.9978  f1 0.9978  erro 0.2248% (188 / 83613)
-> runs/eixo2c_rewind_resnet50_p95_s2/metrics.json
resnet50: params 23.54 M (nao-nulos 1.23 M, esparsidade 94.8%) | MACs 4.11 G @ 224px | FP32 90.1 MiB, gzip 12.3 MiB [2.2s]
-> runs/eixo2c_rewind_resnet50_p95_s2/cost.json
