poda global por magnitude: alvo 95.00% -> obtida 95.0000% dos pesos podáveis (0.43 M não-nulos de 6.97 M)
run       : eixo2c_rewind_densenet121_p95_s1
arch      : densenet121 (pretrained=False)  seed=1
manifesto : v2 ed5c1eb749ec9e72...  mask=None
fit/val/test: 175,591 / 19,511 / 83,613 imgs  (11,805 / 2,268 / 6,044 sujeitos)
batch 96 | steps/epoch 1,829 | epochs 30 | warmup 2 ep | early stop patience off
val 1/30:   0%|          | 0/102 [00:00<?, ?it/s]
epoca 1/30: train 0.0356/0.9955 | val loss 0.0433 acc 0.9880 f1 0.9879 err 1.2044% * | 216s 814 img/s
val 2/30:   0%|          | 0/102 [00:00<?, ?it/s]
epoca 2/30: train 0.0226/0.9938 | val loss 0.0494 acc 0.9865 f1 0.9864 err 1.3480%  | 204s 859 img/s
val 3/30:   0%|          | 0/102 [00:00<?, ?it/s]
epoca 3/30: train 0.0218/0.9939 | val loss 0.0302 acc 0.9915 f1 0.9915 err 0.8457% * | 205s 855 img/s
val 4/30:   0%|          | 0/102 [00:00<?, ?it/s]
epoca 4/30: train 0.0168/0.9952 | val loss 0.0312 acc 0.9908 f1 0.9909 err 0.9174%  | 205s 858 img/s
val 5/30:   0%|          | 0/102 [00:00<?, ?it/s]
epoca 5/30: train 0.0160/0.9956 | val loss 0.0291 acc 0.9922 f1 0.9922 err 0.7790% * | 205s 858 img/s
val 6/30:   0%|          | 0/102 [00:00<?, ?it/s]
epoca 6/30: train 0.0146/0.9958 | val loss 0.0211 acc 0.9937 f1 0.9937 err 0.6304% * | 206s 850 img/s
val 7/30:   0%|          | 0/102 [00:00<?, ?it/s]
epoca 7/30: train 0.0131/0.9965 | val loss 0.0171 acc 0.9952 f1 0.9952 err 0.4818% * | 205s 855 img/s
val 8/30:   0%|          | 0/102 [00:00<?, ?it/s]
epoca 8/30: train 0.0124/0.9965 | val loss 0.0182 acc 0.9949 f1 0.9949 err 0.5125%  | 205s 857 img/s
val 9/30:   0%|          | 0/102 [00:00<?, ?it/s]
epoca 9/30: train 0.0118/0.9967 | val loss 0.0199 acc 0.9942 f1 0.9942 err 0.5843%  | 199s 884 img/s
val 10/30:   0%|          | 0/102 [00:00<?, ?it/s]
epoca 10/30: train 0.0109/0.9971 | val loss 0.0213 acc 0.9937 f1 0.9937 err 0.6253%  | 201s 873 img/s
val 11/30:   0%|          | 0/102 [00:00<?, ?it/s]
epoca 11/30: train 0.0091/0.9977 | val loss 0.0212 acc 0.9941 f1 0.9941 err 0.5945%  | 198s 885 img/s
val 12/30:   0%|          | 0/102 [00:00<?, ?it/s]
epoca 12/30: train 0.0099/0.9974 | val loss 0.0187 acc 0.9947 f1 0.9947 err 0.5330%  | 198s 886 img/s
val 13/30:   0%|          | 0/102 [00:00<?, ?it/s]
epoca 13/30: train 0.0094/0.9975 | val loss 0.0176 acc 0.9952 f1 0.9953 err 0.4767% * | 198s 885 img/s
val 14/30:   0%|          | 0/102 [00:00<?, ?it/s]
epoca 14/30: train 0.0080/0.9979 | val loss 0.0175 acc 0.9949 f1 0.9949 err 0.5125%  | 204s 860 img/s
val 15/30:   0%|          | 0/102 [00:00<?, ?it/s]
epoca 15/30: train 0.0079/0.9980 | val loss 0.0181 acc 0.9951 f1 0.9951 err 0.4920%  | 201s 873 img/s
val 16/30:   0%|          | 0/102 [00:00<?, ?it/s]
epoca 16/30: train 0.0072/0.9981 | val loss 0.0143 acc 0.9961 f1 0.9961 err 0.3895% * | 202s 869 img/s
val 17/30:   0%|          | 0/102 [00:00<?, ?it/s]
epoca 17/30: train 0.0060/0.9985 | val loss 0.0163 acc 0.9958 f1 0.9958 err 0.4203%  | 203s 863 img/s
val 18/30:   0%|          | 0/102 [00:00<?, ?it/s]
epoca 18/30: train 0.0054/0.9987 | val loss 0.0167 acc 0.9958 f1 0.9958 err 0.4203%  | 203s 866 img/s
val 19/30:   0%|          | 0/102 [00:00<?, ?it/s]
epoca 19/30: train 0.0047/0.9988 | val loss 0.0160 acc 0.9961 f1 0.9960 err 0.3946%  | 201s 872 img/s
val 20/30:   0%|          | 0/102 [00:00<?, ?it/s]
epoca 20/30: train 0.0041/0.9990 | val loss 0.0145 acc 0.9963 f1 0.9963 err 0.3690% * | 200s 876 img/s
val 21/30:   0%|          | 0/102 [00:00<?, ?it/s]
epoca 21/30: train 0.0035/0.9992 | val loss 0.0136 acc 0.9968 f1 0.9968 err 0.3229% * | 201s 873 img/s
val 22/30:   0%|          | 0/102 [00:00<?, ?it/s]
epoca 22/30: train 0.0027/0.9994 | val loss 0.0131 acc 0.9967 f1 0.9967 err 0.3331%  | 200s 878 img/s
val 23/30:   0%|          | 0/102 [00:00<?, ?it/s]
epoca 23/30: train 0.0022/0.9996 | val loss 0.0138 acc 0.9969 f1 0.9969 err 0.3126% * | 200s 879 img/s
val 24/30:   0%|          | 0/102 [00:00<?, ?it/s]
epoca 24/30: train 0.0019/0.9996 | val loss 0.0130 acc 0.9967 f1 0.9967 err 0.3331%  | 202s 871 img/s
val 25/30:   0%|          | 0/102 [00:00<?, ?it/s]
epoca 25/30: train 0.0018/0.9997 | val loss 0.0132 acc 0.9968 f1 0.9968 err 0.3178%  | 201s 871 img/s
val 26/30:   0%|          | 0/102 [00:00<?, ?it/s]
epoca 26/30: train 0.0016/0.9997 | val loss 0.0139 acc 0.9965 f1 0.9965 err 0.3536%  | 202s 870 img/s
val 27/30:   0%|          | 0/102 [00:00<?, ?it/s]
epoca 27/30: train 0.0014/0.9998 | val loss 0.0137 acc 0.9967 f1 0.9967 err 0.3280%  | 203s 863 img/s
val 28/30:   0%|          | 0/102 [00:00<?, ?it/s]
epoca 28/30: train 0.0014/0.9998 | val loss 0.0134 acc 0.9967 f1 0.9967 err 0.3280%  | 201s 872 img/s
val 29/30:   0%|          | 0/102 [00:00<?, ?it/s]
epoca 29/30: train 0.0014/0.9998 | val loss 0.0137 acc 0.9967 f1 0.9967 err 0.3280%  | 201s 874 img/s
val 30/30:   0%|          | 0/102 [00:00<?, ?it/s]
epoca 30/30: train 0.0013/0.9998 | val loss 0.0138 acc 0.9966 f1 0.9966 err 0.3434%  | 204s 863 img/s
test:   0%|          | 0/436 [00:00<?, ?it/s]
TESTE (best.pt, epoca 23): acc 0.9980  f1 0.9980  erro 0.2021% (169 / 83613)
-> runs/eixo2c_rewind_densenet121_p95_s1/metrics.json
densenet121: params 6.97 M (nao-nulos 0.43 M, esparsidade 93.9%) | MACs 2.86 G @ 224px | FP32 27.2 MiB, gzip 4.2 MiB [0.8s]
-> runs/eixo2c_rewind_densenet121_p95_s1/cost.json
