/home/ezenere/Documents/Faculdade/TCC/src/compress/export_onnx.py:33: DeprecationWarning: You are using the legacy TorchScript-based ONNX export. Starting in PyTorch 2.9, the new torch.export-based ONNX exporter has become the default. Learn more about the new export logic: https://docs.pytorch.org/docs/stable/onnx_export.html. For exporting control flow: https://pytorch.org/tutorials/beginner/onnx/export_control_flow_model_to_onnx_tutorial.html
  torch.onnx.export(
densenet121: runs/eixo2_prune_densenet121_p95_s0/model.onnx (27.0 MiB, 372 nós, opset 17) | paridade ORT-CPU vs PyTorch em 64 imgs: max|Δ| = 4.77e-06, argmax divergentes = 0 -> OK | ORT 146.4 img/s vs PyTorch 71.5 img/s
WARNING:root:Axis 1 is out-of-range for weight 'features.denseblock1.denselayer1.norm1.weight' with rank 1
WARNING:root:Axis 1 is out-of-range for weight 'features.denseblock1.denselayer2.norm1.weight' with rank 1
WARNING:root:Axis 1 is out-of-range for weight 'features.denseblock1.denselayer3.norm1.weight' with rank 1
WARNING:root:Axis 1 is out-of-range for weight 'features.denseblock1.denselayer4.norm1.weight' with rank 1
WARNING:root:Axis 1 is out-of-range for weight 'features.denseblock1.denselayer5.norm1.weight' with rank 1
WARNING:root:Axis 1 is out-of-range for weight 'features.denseblock1.denselayer6.norm1.weight' with rank 1
WARNING:root:Axis 1 is out-of-range for weight 'features.transition1.norm.weight' with rank 1
WARNING:root:Axis 1 is out-of-range for weight 'features.denseblock2.denselayer1.norm1.weight' with rank 1
WARNING:root:Axis 1 is out-of-range for weight 'features.denseblock2.denselayer2.norm1.weight' with rank 1
WARNING:root:Axis 1 is out-of-range for weight 'features.denseblock2.denselayer3.norm1.weight' with rank 1
WARNING:root:Axis 1 is out-of-range for weight 'features.denseblock2.denselayer4.norm1.weight' with rank 1
WARNING:root:Axis 1 is out-of-range for weight 'features.denseblock2.denselayer5.norm1.weight' with rank 1
WARNING:root:Axis 1 is out-of-range for weight 'features.denseblock2.denselayer6.norm1.weight' with rank 1
WARNING:root:Axis 1 is out-of-range for weight 'features.denseblock2.denselayer7.norm1.weight' with rank 1
WARNING:root:Axis 1 is out-of-range for weight 'features.denseblock2.denselayer8.norm1.weight' with rank 1
WARNING:root:Axis 1 is out-of-range for weight 'features.denseblock2.denselayer9.norm1.weight' with rank 1
WARNING:root:Axis 1 is out-of-range for weight 'features.denseblock2.denselayer10.norm1.weight' with rank 1
WARNING:root:Axis 1 is out-of-range for weight 'features.denseblock2.denselayer11.norm1.weight' with rank 1
WARNING:root:Axis 1 is out-of-range for weight 'features.denseblock2.denselayer12.norm1.weight' with rank 1
WARNING:root:Axis 1 is out-of-range for weight 'features.transition2.norm.weight' with rank 1
WARNING:root:Axis 1 is out-of-range for weight 'features.denseblock3.denselayer1.norm1.weight' with rank 1
WARNING:root:Axis 1 is out-of-range for weight 'features.denseblock3.denselayer2.norm1.weight' with rank 1
WARNING:root:Axis 1 is out-of-range for weight 'features.denseblock3.denselayer3.norm1.weight' with rank 1
WARNING:root:Axis 1 is out-of-range for weight 'features.denseblock3.denselayer4.norm1.weight' with rank 1
WARNING:root:Axis 1 is out-of-range for weight 'features.denseblock3.denselayer5.norm1.weight' with rank 1
WARNING:root:Axis 1 is out-of-range for weight 'features.denseblock3.denselayer6.norm1.weight' with rank 1
WARNING:root:Axis 1 is out-of-range for weight 'features.denseblock3.denselayer7.norm1.weight' with rank 1
WARNING:root:Axis 1 is out-of-range for weight 'features.denseblock3.denselayer8.norm1.weight' with rank 1
WARNING:root:Axis 1 is out-of-range for weight 'features.denseblock3.denselayer9.norm1.weight' with rank 1
WARNING:root:Axis 1 is out-of-range for weight 'features.denseblock3.denselayer10.norm1.weight' with rank 1
WARNING:root:Axis 1 is out-of-range for weight 'features.denseblock3.denselayer11.norm1.weight' with rank 1
WARNING:root:Axis 1 is out-of-range for weight 'features.denseblock3.denselayer12.norm1.weight' with rank 1
WARNING:root:Axis 1 is out-of-range for weight 'features.denseblock3.denselayer13.norm1.weight' with rank 1
WARNING:root:Axis 1 is out-of-range for weight 'features.denseblock3.denselayer14.norm1.weight' with rank 1
WARNING:root:Axis 1 is out-of-range for weight 'features.denseblock3.denselayer15.norm1.weight' with rank 1
WARNING:root:Axis 1 is out-of-range for weight 'features.denseblock3.denselayer16.norm1.weight' with rank 1
WARNING:root:Axis 1 is out-of-range for weight 'features.denseblock3.denselayer17.norm1.weight' with rank 1
WARNING:root:Axis 1 is out-of-range for weight 'features.denseblock3.denselayer18.norm1.weight' with rank 1
WARNING:root:Axis 1 is out-of-range for weight 'features.denseblock3.denselayer19.norm1.weight' with rank 1
WARNING:root:Axis 1 is out-of-range for weight 'features.denseblock3.denselayer20.norm1.weight' with rank 1
WARNING:root:Axis 1 is out-of-range for weight 'features.denseblock3.denselayer21.norm1.weight' with rank 1
WARNING:root:Axis 1 is out-of-range for weight 'features.denseblock3.denselayer22.norm1.weight' with rank 1
WARNING:root:Axis 1 is out-of-range for weight 'features.denseblock3.denselayer23.norm1.weight' with rank 1
WARNING:root:Axis 1 is out-of-range for weight 'features.denseblock3.denselayer24.norm1.weight' with rank 1
WARNING:root:Axis 1 is out-of-range for weight 'features.transition3.norm.weight' with rank 1
WARNING:root:Axis 1 is out-of-range for weight 'features.denseblock4.denselayer1.norm1.weight' with rank 1
WARNING:root:Axis 1 is out-of-range for weight 'features.denseblock4.denselayer2.norm1.weight' with rank 1
WARNING:root:Axis 1 is out-of-range for weight 'features.denseblock4.denselayer3.norm1.weight' with rank 1
WARNING:root:Axis 1 is out-of-range for weight 'features.denseblock4.denselayer4.norm1.weight' with rank 1
WARNING:root:Axis 1 is out-of-range for weight 'features.denseblock4.denselayer5.norm1.weight' with rank 1
WARNING:root:Axis 1 is out-of-range for weight 'features.denseblock4.denselayer6.norm1.weight' with rank 1
WARNING:root:Axis 1 is out-of-range for weight 'features.denseblock4.denselayer7.norm1.weight' with rank 1
WARNING:root:Axis 1 is out-of-range for weight 'features.denseblock4.denselayer8.norm1.weight' with rank 1
WARNING:root:Axis 1 is out-of-range for weight 'features.denseblock4.denselayer9.norm1.weight' with rank 1
WARNING:root:Axis 1 is out-of-range for weight 'features.denseblock4.denselayer10.norm1.weight' with rank 1
WARNING:root:Axis 1 is out-of-range for weight 'features.denseblock4.denselayer11.norm1.weight' with rank 1
WARNING:root:Axis 1 is out-of-range for weight 'features.denseblock4.denselayer12.norm1.weight' with rank 1
WARNING:root:Axis 1 is out-of-range for weight 'features.denseblock4.denselayer13.norm1.weight' with rank 1
WARNING:root:Axis 1 is out-of-range for weight 'features.denseblock4.denselayer14.norm1.weight' with rank 1
WARNING:root:Axis 1 is out-of-range for weight 'features.denseblock4.denselayer15.norm1.weight' with rank 1
WARNING:root:Axis 1 is out-of-range for weight 'features.denseblock4.denselayer16.norm1.weight' with rank 1
WARNING:root:Axis 1 is out-of-range for weight 'features.norm5.weight' with rank 1
Collecting tensor data and making histogram ...
Collecting tensor data and making histogram ...
Collecting tensor data and making histogram ...
Collecting tensor data and making histogram ...
Collecting tensor data and making histogram ...
Collecting tensor data and making histogram ...
Collecting tensor data and making histogram ...
Collecting tensor data and making histogram ...
Collecting tensor data and making histogram ...
Collecting tensor data and making histogram ...
Collecting tensor data and making histogram ...
Collecting tensor data and making histogram ...
Collecting tensor data and making histogram ...
Collecting tensor data and making histogram ...
Collecting tensor data and making histogram ...
Collecting tensor data and making histogram ...
Collecting tensor data and making histogram ...
Collecting tensor data and making histogram ...
Collecting tensor data and making histogram ...
Collecting tensor data and making histogram ...
Collecting tensor data and making histogram ...
Collecting tensor data and making histogram ...
Collecting tensor data and making histogram ...
Collecting tensor data and making histogram ...
Collecting tensor data and making histogram ...
Collecting tensor data and making histogram ...
Collecting tensor data and making histogram ...
Collecting tensor data and making histogram ...
Collecting tensor data and making histogram ...
Collecting tensor data and making histogram ...
Collecting tensor data and making histogram ...
Collecting tensor data and making histogram ...
Collecting tensor data and making histogram ...
Collecting tensor data and making histogram ...
Collecting tensor data and making histogram ...
Collecting tensor data and making histogram ...
Collecting tensor data and making histogram ...
Collecting tensor data and making histogram ...
Collecting tensor data and making histogram ...
Collecting tensor data and making histogram ...
Collecting tensor data and making histogram ...
Collecting tensor data and making histogram ...
Collecting tensor data and making histogram ...
Collecting tensor data and making histogram ...
Collecting tensor data and making histogram ...
Collecting tensor data and making histogram ...
Collecting tensor data and making histogram ...
Collecting tensor data and making histogram ...
Collecting tensor data and making histogram ...
Collecting tensor data and making histogram ...
Collecting tensor data and making histogram ...
Collecting tensor data and making histogram ...
Collecting tensor data and making histogram ...
Collecting tensor data and making histogram ...
Collecting tensor data and making histogram ...
Collecting tensor data and making histogram ...
Collecting tensor data and making histogram ...
Collecting tensor data and making histogram ...
Collecting tensor data and making histogram ...
Collecting tensor data and making histogram ...
Collecting tensor data and making histogram ...
Collecting tensor data and making histogram ...
Collecting tensor data and making histogram ...
Collecting tensor data and making histogram ...
Finding optimal threshold for each tensor using 'entropy' algorithm ...
Number of tensors : 373
Number of histogram bins : 128 (The number may increase depends on the data it collects)
Number of quantized bins : 128
densenet121: runs/eixo2_prune_densenet121_p95_s0/model_qdq_int8.onnx (7.7 MiB, 370 QuantizeLinear, 172s) | smoke val n=256: acc qdq 0.9961 vs fp32 1.0000
int8: runs/eixo2_prune_densenet121_p95_s0/trt/model_int8.engine (14.5 MiB, build 175.5s) | camadas por tipo: {'Float': 376, 'Int8': 970, '?': 125}
trt int8 test:   0%|          | 0/2613 [00:00<?, ?it/s][09/14/2026-21:41:56] [TRT] [W] Using default stream in enqueueV3() may lead to performance issues due to additional calls to cudaStreamSynchronize() by TensorRT to ensure correct synchronization. Please use non-default stream instead.
trt int8 test:  63%|██████▎   | 1639/2613 [00:30<00:17, 54.61it/s]                                                                  densenet121 TRT int8 test: n=83,613 acc 0.99633 f1 0.99635 erro 0.3672% (307) | 1754.8 img/s
-> runs/eixo2_prune_densenet121_p95_s0/metrics_trt_int8.json
WARNING:root:Axis 1 is out-of-range for weight 'features.denseblock1.denselayer1.norm1.weight' with rank 1
WARNING:root:Axis 1 is out-of-range for weight 'features.denseblock1.denselayer2.norm1.weight' with rank 1
WARNING:root:Axis 1 is out-of-range for weight 'features.denseblock1.denselayer3.norm1.weight' with rank 1
WARNING:root:Axis 1 is out-of-range for weight 'features.denseblock1.denselayer4.norm1.weight' with rank 1
WARNING:root:Axis 1 is out-of-range for weight 'features.denseblock1.denselayer5.norm1.weight' with rank 1
WARNING:root:Axis 1 is out-of-range for weight 'features.denseblock1.denselayer6.norm1.weight' with rank 1
WARNING:root:Axis 1 is out-of-range for weight 'features.transition1.norm.weight' with rank 1
WARNING:root:Axis 1 is out-of-range for weight 'features.denseblock2.denselayer1.norm1.weight' with rank 1
WARNING:root:Axis 1 is out-of-range for weight 'features.denseblock2.denselayer2.norm1.weight' with rank 1
WARNING:root:Axis 1 is out-of-range for weight 'features.denseblock2.denselayer3.norm1.weight' with rank 1
WARNING:root:Axis 1 is out-of-range for weight 'features.denseblock2.denselayer4.norm1.weight' with rank 1
WARNING:root:Axis 1 is out-of-range for weight 'features.denseblock2.denselayer5.norm1.weight' with rank 1
WARNING:root:Axis 1 is out-of-range for weight 'features.denseblock2.denselayer6.norm1.weight' with rank 1
WARNING:root:Axis 1 is out-of-range for weight 'features.denseblock2.denselayer7.norm1.weight' with rank 1
WARNING:root:Axis 1 is out-of-range for weight 'features.denseblock2.denselayer8.norm1.weight' with rank 1
WARNING:root:Axis 1 is out-of-range for weight 'features.denseblock2.denselayer9.norm1.weight' with rank 1
WARNING:root:Axis 1 is out-of-range for weight 'features.denseblock2.denselayer10.norm1.weight' with rank 1
WARNING:root:Axis 1 is out-of-range for weight 'features.denseblock2.denselayer11.norm1.weight' with rank 1
WARNING:root:Axis 1 is out-of-range for weight 'features.denseblock2.denselayer12.norm1.weight' with rank 1
WARNING:root:Axis 1 is out-of-range for weight 'features.transition2.norm.weight' with rank 1
WARNING:root:Axis 1 is out-of-range for weight 'features.denseblock3.denselayer1.norm1.weight' with rank 1
WARNING:root:Axis 1 is out-of-range for weight 'features.denseblock3.denselayer2.norm1.weight' with rank 1
WARNING:root:Axis 1 is out-of-range for weight 'features.denseblock3.denselayer3.norm1.weight' with rank 1
WARNING:root:Axis 1 is out-of-range for weight 'features.denseblock3.denselayer4.norm1.weight' with rank 1
WARNING:root:Axis 1 is out-of-range for weight 'features.denseblock3.denselayer5.norm1.weight' with rank 1
WARNING:root:Axis 1 is out-of-range for weight 'features.denseblock3.denselayer6.norm1.weight' with rank 1
WARNING:root:Axis 1 is out-of-range for weight 'features.denseblock3.denselayer7.norm1.weight' with rank 1
WARNING:root:Axis 1 is out-of-range for weight 'features.denseblock3.denselayer8.norm1.weight' with rank 1
WARNING:root:Axis 1 is out-of-range for weight 'features.denseblock3.denselayer9.norm1.weight' with rank 1
WARNING:root:Axis 1 is out-of-range for weight 'features.denseblock3.denselayer10.norm1.weight' with rank 1
WARNING:root:Axis 1 is out-of-range for weight 'features.denseblock3.denselayer11.norm1.weight' with rank 1
WARNING:root:Axis 1 is out-of-range for weight 'features.denseblock3.denselayer12.norm1.weight' with rank 1
WARNING:root:Axis 1 is out-of-range for weight 'features.denseblock3.denselayer13.norm1.weight' with rank 1
WARNING:root:Axis 1 is out-of-range for weight 'features.denseblock3.denselayer14.norm1.weight' with rank 1
WARNING:root:Axis 1 is out-of-range for weight 'features.denseblock3.denselayer15.norm1.weight' with rank 1
WARNING:root:Axis 1 is out-of-range for weight 'features.denseblock3.denselayer16.norm1.weight' with rank 1
WARNING:root:Axis 1 is out-of-range for weight 'features.denseblock3.denselayer17.norm1.weight' with rank 1
WARNING:root:Axis 1 is out-of-range for weight 'features.denseblock3.denselayer18.norm1.weight' with rank 1
WARNING:root:Axis 1 is out-of-range for weight 'features.denseblock3.denselayer19.norm1.weight' with rank 1
WARNING:root:Axis 1 is out-of-range for weight 'features.denseblock3.denselayer20.norm1.weight' with rank 1
WARNING:root:Axis 1 is out-of-range for weight 'features.denseblock3.denselayer21.norm1.weight' with rank 1
WARNING:root:Axis 1 is out-of-range for weight 'features.denseblock3.denselayer22.norm1.weight' with rank 1
WARNING:root:Axis 1 is out-of-range for weight 'features.denseblock3.denselayer23.norm1.weight' with rank 1
WARNING:root:Axis 1 is out-of-range for weight 'features.denseblock3.denselayer24.norm1.weight' with rank 1
WARNING:root:Axis 1 is out-of-range for weight 'features.transition3.norm.weight' with rank 1
WARNING:root:Axis 1 is out-of-range for weight 'features.denseblock4.denselayer1.norm1.weight' with rank 1
WARNING:root:Axis 1 is out-of-range for weight 'features.denseblock4.denselayer2.norm1.weight' with rank 1
WARNING:root:Axis 1 is out-of-range for weight 'features.denseblock4.denselayer3.norm1.weight' with rank 1
WARNING:root:Axis 1 is out-of-range for weight 'features.denseblock4.denselayer4.norm1.weight' with rank 1
WARNING:root:Axis 1 is out-of-range for weight 'features.denseblock4.denselayer5.norm1.weight' with rank 1
WARNING:root:Axis 1 is out-of-range for weight 'features.denseblock4.denselayer6.norm1.weight' with rank 1
WARNING:root:Axis 1 is out-of-range for weight 'features.denseblock4.denselayer7.norm1.weight' with rank 1
WARNING:root:Axis 1 is out-of-range for weight 'features.denseblock4.denselayer8.norm1.weight' with rank 1
WARNING:root:Axis 1 is out-of-range for weight 'features.denseblock4.denselayer9.norm1.weight' with rank 1
WARNING:root:Axis 1 is out-of-range for weight 'features.denseblock4.denselayer10.norm1.weight' with rank 1
WARNING:root:Axis 1 is out-of-range for weight 'features.denseblock4.denselayer11.norm1.weight' with rank 1
WARNING:root:Axis 1 is out-of-range for weight 'features.denseblock4.denselayer12.norm1.weight' with rank 1
WARNING:root:Axis 1 is out-of-range for weight 'features.denseblock4.denselayer13.norm1.weight' with rank 1
WARNING:root:Axis 1 is out-of-range for weight 'features.denseblock4.denselayer14.norm1.weight' with rank 1
WARNING:root:Axis 1 is out-of-range for weight 'features.denseblock4.denselayer15.norm1.weight' with rank 1
WARNING:root:Axis 1 is out-of-range for weight 'features.denseblock4.denselayer16.norm1.weight' with rank 1
WARNING:root:Axis 1 is out-of-range for weight 'features.norm5.weight' with rank 1
Collecting tensor data and making histogram ...
Collecting tensor data and making histogram ...
Collecting tensor data and making histogram ...
Collecting tensor data and making histogram ...
Collecting tensor data and making histogram ...
Collecting tensor data and making histogram ...
Collecting tensor data and making histogram ...
Collecting tensor data and making histogram ...
Collecting tensor data and making histogram ...
Collecting tensor data and making histogram ...
Collecting tensor data and making histogram ...
Collecting tensor data and making histogram ...
Collecting tensor data and making histogram ...
Collecting tensor data and making histogram ...
Collecting tensor data and making histogram ...
Collecting tensor data and making histogram ...
Collecting tensor data and making histogram ...
Collecting tensor data and making histogram ...
Collecting tensor data and making histogram ...
Collecting tensor data and making histogram ...
Collecting tensor data and making histogram ...
Collecting tensor data and making histogram ...
Collecting tensor data and making histogram ...
Collecting tensor data and making histogram ...
Collecting tensor data and making histogram ...
Collecting tensor data and making histogram ...
Collecting tensor data and making histogram ...
Collecting tensor data and making histogram ...
Collecting tensor data and making histogram ...
Collecting tensor data and making histogram ...
Collecting tensor data and making histogram ...
Collecting tensor data and making histogram ...
Collecting tensor data and making histogram ...
Collecting tensor data and making histogram ...
Collecting tensor data and making histogram ...
Collecting tensor data and making histogram ...
Collecting tensor data and making histogram ...
Collecting tensor data and making histogram ...
Collecting tensor data and making histogram ...
Collecting tensor data and making histogram ...
Collecting tensor data and making histogram ...
Collecting tensor data and making histogram ...
Collecting tensor data and making histogram ...
Collecting tensor data and making histogram ...
Collecting tensor data and making histogram ...
Collecting tensor data and making histogram ...
Collecting tensor data and making histogram ...
Collecting tensor data and making histogram ...
Collecting tensor data and making histogram ...
Collecting tensor data and making histogram ...
Collecting tensor data and making histogram ...
Collecting tensor data and making histogram ...
Collecting tensor data and making histogram ...
Collecting tensor data and making histogram ...
Collecting tensor data and making histogram ...
Collecting tensor data and making histogram ...
Collecting tensor data and making histogram ...
Collecting tensor data and making histogram ...
Collecting tensor data and making histogram ...
Collecting tensor data and making histogram ...
Collecting tensor data and making histogram ...
Collecting tensor data and making histogram ...
Collecting tensor data and making histogram ...
Collecting tensor data and making histogram ...
Finding optimal threshold for each tensor using 'percentile' algorithm ...
Number of tensors : 373
Number of histogram bins : 2048
Percentile : (0.010000000000005116,99.99)
densenet121: runs/eixo2_prune_densenet121_p95_s0/model_qdq_int8.onnx (7.7 MiB, 370 QuantizeLinear, 141s) | smoke val n=256: acc qdq 1.0000 vs fp32 1.0000
int8: runs/eixo2_prune_densenet121_p95_s0/trt/model_int8.engine (14.7 MiB, build 2315.9s) | camadas por tipo: {'Float': 402, 'Int8': 970, '?': 125}
trt int8 test:   0%|          | 0/2613 [00:00<?, ?it/s]trt int8 test:  30%|██▉       | 773/2613 [00:30<01:11, 25.73it/s]trt int8 test:  30%|██▉       | 773/2613 [00:50<01:11, 25.73it/s]trt int8 test:  63%|██████▎   | 1635/2613 [01:00<00:35, 27.48it/s]trt int8 test:  63%|██████▎   | 1635/2613 [01:20<00:35, 27.48it/s]trt int8 test:  92%|█████████▏| 2414/2613 [01:30<00:07, 26.78it/s]                                                                  densenet121 TRT int8 test: n=83,613 acc 0.99752 f1 0.99754 erro 0.2476% (207) | 855.4 img/s
-> runs/eixo2_prune_densenet121_p95_s0/metrics_trt_int8.json
