poda global por magnitude: alvo 95.00% -> obtida 95.0000% dos pesos podáveis (1.23 M não-nulos de 23.54 M)
run       : eixo2_prune_resnet50_p95_s2
arch      : resnet50 (pretrained=False)  seed=2
manifesto : v2 ed5c1eb749ec9e72...  mask=None
fit/val/test: 175,591 / 19,511 / 83,613 imgs  (11,805 / 2,268 / 6,044 sujeitos)
batch 96 | steps/epoch 1,829 | epochs 5 | warmup 0 ep | early stop patience off
val 1/5:   0%|          | 0/102 [00:00<?, ?it/s]
epoca 1/5: train 0.0534/0.9945 | val loss 0.0163 acc 0.9963 f1 0.9963 err 0.3741% * | 168s 1048 img/s
val 2/5:   0%|          | 0/102 [00:00<?, ?it/s]
epoca 2/5: train 0.0090/0.9981 | val loss 0.0145 acc 0.9966 f1 0.9966 err 0.3383% * | 160s 1096 img/s
val 3/5:   0%|          | 0/102 [00:00<?, ?it/s]
epoca 3/5: train 0.0066/0.9987 | val loss 0.0135 acc 0.9966 f1 0.9966 err 0.3434%  | 160s 1097 img/s
val 4/5:   0%|          | 0/102 [00:00<?, ?it/s]
epoca 4/5: train 0.0060/0.9987 | val loss 0.0133 acc 0.9968 f1 0.9968 err 0.3229% * | 160s 1095 img/s
val 5/5:   0%|          | 0/102 [00:00<?, ?it/s]
epoca 5/5: train 0.0056/0.9988 | val loss 0.0130 acc 0.9966 f1 0.9966 err 0.3383%  | 160s 1096 img/s
test:   0%|          | 0/436 [00:00<?, ?it/s]
TESTE (best.pt, epoca 4): acc 0.9974  f1 0.9975  erro 0.2559% (214 / 83613)
-> runs/eixo2_prune_resnet50_p95_s2/metrics.json
resnet50: params 23.54 M (nao-nulos 1.23 M, esparsidade 94.8%) | MACs 4.11 G @ 224px | FP32 90.1 MiB, gzip 12.1 MiB [2.0s]
-> runs/eixo2_prune_resnet50_p95_s2/cost.json
