poda global por magnitude: alvo 95.00% -> obtida 95.0000% dos pesos podáveis (0.45 M não-nulos de 6.97 M)
run       : eixo2b_prunefirst_densenet121_p95_s2
arch      : densenet121 (pretrained=True)  seed=2
manifesto : v2 ed5c1eb749ec9e72...  mask=None
fit/val/test: 175,591 / 19,511 / 83,613 imgs  (11,805 / 2,268 / 6,044 sujeitos)
batch 96 | steps/epoch 1,829 | epochs 30 | warmup 2 ep | early stop patience off
val 1/30:   0%|          | 0/102 [00:00<?, ?it/s]
epoca 1/30: train 0.6040/0.8127 | val loss 0.0614 acc 0.9815 f1 0.9815 err 1.8451% * | 215s 817 img/s
val 2/30:   0%|          | 0/102 [00:00<?, ?it/s]
epoca 2/30: train 0.0478/0.9854 | val loss 0.0517 acc 0.9849 f1 0.9849 err 1.5120% * | 207s 847 img/s
val 3/30:   0%|          | 0/102 [00:00<?, ?it/s]
epoca 3/30: train 0.0348/0.9899 | val loss 0.0364 acc 0.9886 f1 0.9887 err 1.1378% * | 205s 858 img/s
val 4/30:   0%|          | 0/102 [00:00<?, ?it/s]
epoca 4/30: train 0.0254/0.9923 | val loss 0.0274 acc 0.9918 f1 0.9918 err 0.8201% * | 199s 883 img/s
val 5/30:   0%|          | 0/102 [00:00<?, ?it/s]
epoca 5/30: train 0.0205/0.9938 | val loss 0.0341 acc 0.9907 f1 0.9907 err 0.9328%  | 198s 885 img/s
val 6/30:   0%|          | 0/102 [00:00<?, ?it/s]
epoca 6/30: train 0.0183/0.9946 | val loss 0.0314 acc 0.9906 f1 0.9904 err 0.9431%  | 201s 875 img/s
val 7/30:   0%|          | 0/102 [00:00<?, ?it/s]
epoca 7/30: train 0.0159/0.9954 | val loss 0.0210 acc 0.9938 f1 0.9939 err 0.6150% * | 198s 886 img/s
val 8/30:   0%|          | 0/102 [00:00<?, ?it/s]
epoca 8/30: train 0.0146/0.9957 | val loss 0.0264 acc 0.9926 f1 0.9925 err 0.7432%  | 198s 886 img/s
val 9/30:   0%|          | 0/102 [00:00<?, ?it/s]
epoca 9/30: train 0.0135/0.9961 | val loss 0.0286 acc 0.9910 f1 0.9910 err 0.8969%  | 198s 885 img/s
val 10/30:   0%|          | 0/102 [00:00<?, ?it/s]
epoca 10/30: train 0.0125/0.9966 | val loss 0.0247 acc 0.9932 f1 0.9932 err 0.6817%  | 198s 886 img/s
val 11/30:   0%|          | 0/102 [00:00<?, ?it/s]
epoca 11/30: train 0.0114/0.9968 | val loss 0.0211 acc 0.9945 f1 0.9945 err 0.5484% * | 198s 887 img/s
val 12/30:   0%|          | 0/102 [00:00<?, ?it/s]
epoca 12/30: train 0.0111/0.9969 | val loss 0.0222 acc 0.9937 f1 0.9938 err 0.6253%  | 205s 857 img/s
val 13/30:   0%|          | 0/102 [00:00<?, ?it/s]
epoca 13/30: train 0.0104/0.9971 | val loss 0.0176 acc 0.9947 f1 0.9947 err 0.5330% * | 205s 855 img/s
val 14/30:   0%|          | 0/102 [00:00<?, ?it/s]
epoca 14/30: train 0.0083/0.9978 | val loss 0.0203 acc 0.9938 f1 0.9938 err 0.6202%  | 207s 849 img/s
val 15/30:   0%|          | 0/102 [00:00<?, ?it/s]
epoca 15/30: train 0.0084/0.9977 | val loss 0.0201 acc 0.9942 f1 0.9942 err 0.5792%  | 207s 850 img/s
val 16/30:   0%|          | 0/102 [00:00<?, ?it/s]
epoca 16/30: train 0.0075/0.9980 | val loss 0.0172 acc 0.9955 f1 0.9955 err 0.4459% * | 206s 851 img/s
val 17/30:   0%|          | 0/102 [00:00<?, ?it/s]
epoca 17/30: train 0.0063/0.9984 | val loss 0.0178 acc 0.9955 f1 0.9955 err 0.4510%  | 208s 845 img/s
val 18/30:   0%|          | 0/102 [00:00<?, ?it/s]
epoca 18/30: train 0.0060/0.9984 | val loss 0.0141 acc 0.9964 f1 0.9964 err 0.3639% * | 211s 830 img/s
val 19/30:   0%|          | 0/102 [00:00<?, ?it/s]
epoca 19/30: train 0.0051/0.9987 | val loss 0.0170 acc 0.9956 f1 0.9956 err 0.4408%  | 208s 842 img/s
val 20/30:   0%|          | 0/102 [00:00<?, ?it/s]
epoca 20/30: train 0.0038/0.9991 | val loss 0.0159 acc 0.9960 f1 0.9960 err 0.4049%  | 211s 831 img/s
val 21/30:   0%|          | 0/102 [00:00<?, ?it/s]
epoca 21/30: train 0.0034/0.9991 | val loss 0.0143 acc 0.9964 f1 0.9964 err 0.3639%  | 208s 845 img/s
val 22/30:   0%|          | 0/102 [00:00<?, ?it/s]
epoca 22/30: train 0.0028/0.9994 | val loss 0.0138 acc 0.9962 f1 0.9962 err 0.3793%  | 208s 843 img/s
val 23/30:   0%|          | 0/102 [00:00<?, ?it/s]
epoca 23/30: train 0.0023/0.9996 | val loss 0.0144 acc 0.9963 f1 0.9963 err 0.3690%  | 210s 835 img/s
val 24/30:   0%|          | 0/102 [00:00<?, ?it/s]
epoca 24/30: train 0.0020/0.9996 | val loss 0.0139 acc 0.9963 f1 0.9963 err 0.3690%  | 217s 810 img/s
val 25/30:   0%|          | 0/102 [00:00<?, ?it/s]
epoca 25/30: train 0.0017/0.9997 | val loss 0.0139 acc 0.9965 f1 0.9965 err 0.3485% * | 209s 842 img/s
val 26/30:   0%|          | 0/102 [00:00<?, ?it/s]
epoca 26/30: train 0.0017/0.9996 | val loss 0.0143 acc 0.9965 f1 0.9965 err 0.3536%  | 209s 840 img/s
val 27/30:   0%|          | 0/102 [00:00<?, ?it/s]
epoca 27/30: train 0.0015/0.9997 | val loss 0.0138 acc 0.9965 f1 0.9965 err 0.3536%  | 211s 831 img/s
val 28/30:   0%|          | 0/102 [00:00<?, ?it/s]
epoca 28/30: train 0.0014/0.9998 | val loss 0.0141 acc 0.9964 f1 0.9964 err 0.3588%  | 208s 845 img/s
val 29/30:   0%|          | 0/102 [00:00<?, ?it/s]
epoca 29/30: train 0.0014/0.9997 | val loss 0.0138 acc 0.9964 f1 0.9964 err 0.3588%  | 208s 844 img/s
val 30/30:   0%|          | 0/102 [00:00<?, ?it/s]
epoca 30/30: train 0.0014/0.9998 | val loss 0.0143 acc 0.9966 f1 0.9966 err 0.3434% * | 209s 841 img/s
test:   0%|          | 0/436 [00:00<?, ?it/s]
TESTE (best.pt, epoca 30): acc 0.9978  f1 0.9978  erro 0.2225% (186 / 83613)
-> runs/eixo2b_prunefirst_densenet121_p95_s2/metrics.json
densenet121: params 6.97 M (nao-nulos 0.45 M, esparsidade 93.6%) | MACs 2.86 G @ 224px | FP32 27.2 MiB, gzip 4.3 MiB [0.8s]
-> runs/eixo2b_prunefirst_densenet121_p95_s2/cost.json
