poda global por magnitude: alvo 70.00% -> obtida 70.0000% dos pesos podáveis (7.10 M não-nulos de 23.54 M)
run       : eixo2_prune_resnet50_p70_s1
arch      : resnet50 (pretrained=False)  seed=1
manifesto : v2 ed5c1eb749ec9e72...  mask=None
fit/val/test: 175,591 / 19,511 / 83,613 imgs  (11,805 / 2,268 / 6,044 sujeitos)
batch 96 | steps/epoch 1,829 | epochs 5 | warmup 0 ep | early stop patience off
val 1/5:   0%|          | 0/102 [00:00<?, ?it/s]
epoca 1/5: train 0.0013/0.9998 | val loss 0.0128 acc 0.9971 f1 0.9971 err 0.2870% * | 172s 1023 img/s
val 2/5:   0%|          | 0/102 [00:00<?, ?it/s]
epoca 2/5: train 0.0008/0.9999 | val loss 0.0127 acc 0.9969 f1 0.9969 err 0.3126%  | 163s 1075 img/s
val 3/5:   0%|          | 0/102 [00:00<?, ?it/s]
epoca 3/5: train 0.0007/0.9999 | val loss 0.0128 acc 0.9969 f1 0.9969 err 0.3075%  | 164s 1071 img/s
val 4/5:   0%|          | 0/102 [00:00<?, ?it/s]
epoca 4/5: train 0.0007/0.9999 | val loss 0.0132 acc 0.9971 f1 0.9972 err 0.2870% * | 164s 1069 img/s
val 5/5:   0%|          | 0/102 [00:00<?, ?it/s]
epoca 5/5: train 0.0006/0.9999 | val loss 0.0132 acc 0.9970 f1 0.9971 err 0.2973%  | 165s 1064 img/s
test:   0%|          | 0/436 [00:00<?, ?it/s]
TESTE (best.pt, epoca 4): acc 0.9981  f1 0.9981  erro 0.1949% (163 / 83613)
-> runs/eixo2_prune_resnet50_p70_s1/metrics.json
resnet50: params 23.54 M (nao-nulos 7.10 M, esparsidade 69.8%) | MACs 4.11 G @ 224px | FP32 90.1 MiB, gzip 34.8 MiB [3.3s]
-> runs/eixo2_prune_resnet50_p70_s1/cost.json
