run       : eixo4_resnet50_f100_s2
arch      : resnet50 (pretrained=True)  seed=2
manifesto : v3 40f0951659609108...  mask=None
fit/val/test: 175,591 / 19,511 / 83,613 imgs  (11,805 / 2,268 / 6,044 sujeitos)
batch 96 | steps/epoch 1,829 | epochs 30 | warmup 2 ep | early stop patience 5
val 1/30:   0%|          | 0/102 [00:00<?, ?it/s]
epoca 1/30: train 0.3967/0.8910 | val loss 0.0536 acc 0.9841 f1 0.9840 err 1.5940% * | 171s 1028 img/s
val 2/30:   0%|          | 0/102 [00:00<?, ?it/s]
epoca 2/30: train 0.0289/0.9914 | val loss 0.0422 acc 0.9884 f1 0.9884 err 1.1634% * | 164s 1072 img/s
val 3/30:   0%|          | 0/102 [00:00<?, ?it/s]
epoca 3/30: train 0.0206/0.9939 | val loss 0.0241 acc 0.9925 f1 0.9924 err 0.7534% * | 163s 1075 img/s
val 4/30:   0%|          | 0/102 [00:00<?, ?it/s]
epoca 4/30: train 0.0158/0.9953 | val loss 0.0205 acc 0.9944 f1 0.9944 err 0.5587% * | 163s 1077 img/s
val 5/30:   0%|          | 0/102 [00:00<?, ?it/s]
epoca 5/30: train 0.0129/0.9961 | val loss 0.0230 acc 0.9943 f1 0.9943 err 0.5689%  | 164s 1073 img/s
val 6/30:   0%|          | 0/102 [00:00<?, ?it/s]
epoca 6/30: train 0.0116/0.9967 | val loss 0.0210 acc 0.9944 f1 0.9944 err 0.5638%  | 166s 1057 img/s
val 7/30:   0%|          | 0/102 [00:00<?, ?it/s]
epoca 7/30: train 0.0104/0.9969 | val loss 0.0185 acc 0.9944 f1 0.9944 err 0.5587% * | 168s 1047 img/s
val 8/30:   0%|          | 0/102 [00:00<?, ?it/s]
epoca 8/30: train 0.0106/0.9969 | val loss 0.0226 acc 0.9938 f1 0.9938 err 0.6202%  | 163s 1078 img/s
val 9/30:   0%|          | 0/102 [00:00<?, ?it/s]
epoca 9/30: train 0.0092/0.9974 | val loss 0.0197 acc 0.9948 f1 0.9948 err 0.5177% * | 163s 1076 img/s
val 10/30:   0%|          | 0/102 [00:00<?, ?it/s]
epoca 10/30: train 0.0090/0.9974 | val loss 0.0173 acc 0.9961 f1 0.9961 err 0.3946% * | 163s 1077 img/s
val 11/30:   0%|          | 0/102 [00:00<?, ?it/s]
epoca 11/30: train 0.0069/0.9981 | val loss 0.0179 acc 0.9958 f1 0.9959 err 0.4152%  | 164s 1073 img/s
val 12/30:   0%|          | 0/102 [00:00<?, ?it/s]
epoca 12/30: train 0.0075/0.9978 | val loss 0.0166 acc 0.9954 f1 0.9954 err 0.4613%  | 163s 1076 img/s
val 13/30:   0%|          | 0/102 [00:00<?, ?it/s]
epoca 13/30: train 0.0073/0.9980 | val loss 0.0163 acc 0.9956 f1 0.9956 err 0.4357%  | 163s 1076 img/s
val 14/30:   0%|          | 0/102 [00:00<?, ?it/s]
epoca 14/30: train 0.0065/0.9981 | val loss 0.0165 acc 0.9959 f1 0.9959 err 0.4100%  | 163s 1076 img/s
val 15/30:   0%|          | 0/102 [00:00<?, ?it/s]
epoca 15/30: train 0.0067/0.9981 | val loss 0.0163 acc 0.9952 f1 0.9952 err 0.4767%  | 163s 1075 img/s
early stopping: 5 epocas sem melhora em val (best epoca 10)
test:   0%|          | 0/436 [00:00<?, ?it/s]
TESTE (best.pt, epoca 10): acc 0.9967  f1 0.9967  erro 0.3313% (277 / 83613)
-> runs/eixo4_resnet50_f100_s2/metrics.json
run       : eixo4_resnet50_f100_s2
arch      : resnet50 (pretrained=True)  seed=2
manifesto : v3 40f0951659609108...  mask=None
fit/val/test: 175,591 / 19,511 / 83,613 imgs  (11,805 / 2,268 / 6,044 sujeitos)
batch 96 | steps/epoch 1,829 | epochs 30 | warmup 2 ep | early stop patience off
retomando: epoca 16/30, best F1 0.9961 (epoca 10)
val 16/30:   0%|          | 0/102 [00:00<?, ?it/s]
epoca 16/30: train 0.0054/0.9985 | val loss 0.0167 acc 0.9961 f1 0.9961 err 0.3895% * | 173s 1017 img/s
val 17/30:   0%|          | 0/102 [00:00<?, ?it/s]
epoca 17/30: train 0.0036/0.9990 | val loss 0.0156 acc 0.9964 f1 0.9964 err 0.3639% * | 165s 1063 img/s
val 18/30:   0%|          | 0/102 [00:00<?, ?it/s]
epoca 18/30: train 0.0032/0.9991 | val loss 0.0152 acc 0.9964 f1 0.9964 err 0.3639% * | 165s 1064 img/s
val 19/30:   0%|          | 0/102 [00:00<?, ?it/s]
epoca 19/30: train 0.0027/0.9993 | val loss 0.0161 acc 0.9961 f1 0.9961 err 0.3895%  | 165s 1063 img/s
val 20/30:   0%|          | 0/102 [00:00<?, ?it/s]
epoca 20/30: train 0.0017/0.9995 | val loss 0.0155 acc 0.9966 f1 0.9966 err 0.3434% * | 165s 1065 img/s
val 21/30:   0%|          | 0/102 [00:00<?, ?it/s]
epoca 21/30: train 0.0016/0.9996 | val loss 0.0153 acc 0.9968 f1 0.9968 err 0.3229% * | 165s 1063 img/s
val 22/30:   0%|          | 0/102 [00:00<?, ?it/s]
epoca 22/30: train 0.0011/0.9997 | val loss 0.0155 acc 0.9968 f1 0.9968 err 0.3178% * | 167s 1049 img/s
val 23/30:   0%|          | 0/102 [00:00<?, ?it/s]
epoca 23/30: train 0.0009/0.9998 | val loss 0.0149 acc 0.9970 f1 0.9970 err 0.3024% * | 168s 1047 img/s
val 24/30:   0%|          | 0/102 [00:00<?, ?it/s]
epoca 24/30: train 0.0006/0.9998 | val loss 0.0150 acc 0.9969 f1 0.9969 err 0.3126%  | 162s 1081 img/s
val 25/30:   0%|          | 0/102 [00:00<?, ?it/s]
epoca 25/30: train 0.0007/0.9998 | val loss 0.0152 acc 0.9972 f1 0.9972 err 0.2819% * | 165s 1065 img/s
val 26/30:   0%|          | 0/102 [00:00<?, ?it/s]
epoca 26/30: train 0.0005/0.9999 | val loss 0.0155 acc 0.9970 f1 0.9970 err 0.3024%  | 160s 1097 img/s
val 27/30:   0%|          | 0/102 [00:00<?, ?it/s]
epoca 27/30: train 0.0005/0.9999 | val loss 0.0154 acc 0.9972 f1 0.9973 err 0.2768% * | 160s 1096 img/s
val 28/30:   0%|          | 0/102 [00:00<?, ?it/s]
epoca 28/30: train 0.0004/0.9999 | val loss 0.0156 acc 0.9972 f1 0.9972 err 0.2819%  | 160s 1098 img/s
val 29/30:   0%|          | 0/102 [00:00<?, ?it/s]
epoca 29/30: train 0.0005/0.9999 | val loss 0.0154 acc 0.9972 f1 0.9972 err 0.2819%  | 160s 1097 img/s
val 30/30:   0%|          | 0/102 [00:00<?, ?it/s]
epoca 30/30: train 0.0004/0.9999 | val loss 0.0162 acc 0.9969 f1 0.9969 err 0.3075%  | 160s 1097 img/s
test:   0%|          | 0/436 [00:00<?, ?it/s]
TESTE (best.pt, epoca 27): acc 0.9980  f1 0.9980  erro 0.1973% (165 / 83613)
-> runs/eixo4_resnet50_f100_s2/metrics.json
