run       : eixo1_densenet121_s0
arch      : densenet121 (pretrained=True)  seed=0
manifesto : v2 ed5c1eb749ec9e72...  mask=None
fit/val/test: 175,591 / 19,511 / 83,613 imgs  (11,805 / 2,268 / 6,044 sujeitos)
batch 96 | steps/epoch 1,829 | epochs 30 | warmup 2 ep | early stop patience off
val 1/30:   0%|          | 0/102 [00:00<?, ?it/s]
epoca 1/30: train 0.2387/0.9373 | val loss 0.0329 acc 0.9901 f1 0.9901 err 0.9892% * | 217s 811 img/s
val 2/30:   0%|          | 0/102 [00:00<?, ?it/s]
epoca 2/30: train 0.0344/0.9900 | val loss 0.0321 acc 0.9909 f1 0.9909 err 0.9123% * | 203s 864 img/s
val 3/30:   0%|          | 0/102 [00:00<?, ?it/s]
epoca 3/30: train 0.0250/0.9926 | val loss 0.0260 acc 0.9931 f1 0.9931 err 0.6919% * | 205s 857 img/s
val 4/30:   0%|          | 0/102 [00:00<?, ?it/s]
epoca 4/30: train 0.0180/0.9947 | val loss 0.0197 acc 0.9943 f1 0.9943 err 0.5740% * | 209s 842 img/s
val 5/30:   0%|          | 0/102 [00:00<?, ?it/s]
epoca 5/30: train 0.0147/0.9958 | val loss 0.0192 acc 0.9953 f1 0.9953 err 0.4664% * | 208s 843 img/s
val 6/30:   0%|          | 0/102 [00:00<?, ?it/s]
epoca 6/30: train 0.0124/0.9962 | val loss 0.0211 acc 0.9945 f1 0.9945 err 0.5484%  | 209s 838 img/s
val 7/30:   0%|          | 0/102 [00:00<?, ?it/s]
epoca 7/30: train 0.0119/0.9965 | val loss 0.0180 acc 0.9950 f1 0.9950 err 0.5023%  | 209s 842 img/s
val 8/30:   0%|          | 0/102 [00:00<?, ?it/s]
epoca 8/30: train 0.0114/0.9967 | val loss 0.0176 acc 0.9957 f1 0.9957 err 0.4305% * | 209s 841 img/s
val 9/30:   0%|          | 0/102 [00:00<?, ?it/s]
epoca 9/30: train 0.0096/0.9972 | val loss 0.0213 acc 0.9945 f1 0.9945 err 0.5484%  | 205s 858 img/s
val 10/30:   0%|          | 0/102 [00:00<?, ?it/s]
epoca 10/30: train 0.0083/0.9978 | val loss 0.0150 acc 0.9959 f1 0.9959 err 0.4100% * | 204s 860 img/s
val 11/30:   0%|          | 0/102 [00:00<?, ?it/s]
epoca 11/30: train 0.0083/0.9976 | val loss 0.0222 acc 0.9941 f1 0.9940 err 0.5945%  | 200s 876 img/s
val 12/30:   0%|          | 0/102 [00:00<?, ?it/s]
epoca 12/30: train 0.0083/0.9977 | val loss 0.0162 acc 0.9956 f1 0.9957 err 0.4357%  | 198s 886 img/s
val 13/30:   0%|          | 0/102 [00:00<?, ?it/s]
epoca 13/30: train 0.0077/0.9979 | val loss 0.0163 acc 0.9953 f1 0.9953 err 0.4715%  | 198s 885 img/s
val 14/30:   0%|          | 0/102 [00:00<?, ?it/s]
epoca 14/30: train 0.0065/0.9982 | val loss 0.0206 acc 0.9943 f1 0.9943 err 0.5689%  | 197s 890 img/s
val 15/30:   0%|          | 0/102 [00:00<?, ?it/s]
epoca 15/30: train 0.0061/0.9983 | val loss 0.0181 acc 0.9950 f1 0.9950 err 0.4972%  | 197s 890 img/s
val 16/30:   0%|          | 0/102 [00:00<?, ?it/s]
epoca 16/30: train 0.0053/0.9985 | val loss 0.0155 acc 0.9962 f1 0.9962 err 0.3793% * | 198s 887 img/s
val 17/30:   0%|          | 0/102 [00:00<?, ?it/s]
epoca 17/30: train 0.0042/0.9988 | val loss 0.0135 acc 0.9968 f1 0.9968 err 0.3178% * | 209s 840 img/s
val 18/30:   0%|          | 0/102 [00:00<?, ?it/s]
epoca 18/30: train 0.0043/0.9988 | val loss 0.0146 acc 0.9963 f1 0.9963 err 0.3690%  | 204s 862 img/s
val 19/30:   0%|          | 0/102 [00:00<?, ?it/s]
epoca 19/30: train 0.0029/0.9993 | val loss 0.0134 acc 0.9969 f1 0.9969 err 0.3126% * | 204s 860 img/s
val 20/30:   0%|          | 0/102 [00:00<?, ?it/s]
epoca 20/30: train 0.0024/0.9994 | val loss 0.0177 acc 0.9956 f1 0.9956 err 0.4357%  | 200s 878 img/s
val 21/30:   0%|          | 0/102 [00:00<?, ?it/s]
epoca 21/30: train 0.0017/0.9996 | val loss 0.0135 acc 0.9966 f1 0.9966 err 0.3434%  | 202s 867 img/s
val 22/30:   0%|          | 0/102 [00:00<?, ?it/s]
epoca 22/30: train 0.0013/0.9997 | val loss 0.0132 acc 0.9972 f1 0.9972 err 0.2819% * | 206s 852 img/s
val 23/30:   0%|          | 0/102 [00:00<?, ?it/s]
epoca 23/30: train 0.0011/0.9998 | val loss 0.0124 acc 0.9972 f1 0.9972 err 0.2819%  | 205s 859 img/s
val 24/30:   0%|          | 0/102 [00:00<?, ?it/s]
epoca 24/30: train 0.0008/0.9998 | val loss 0.0135 acc 0.9971 f1 0.9971 err 0.2870%  | 201s 872 img/s
val 25/30:   0%|          | 0/102 [00:00<?, ?it/s]
epoca 25/30: train 0.0007/0.9999 | val loss 0.0136 acc 0.9971 f1 0.9971 err 0.2921%  | 201s 875 img/s
val 26/30:   0%|          | 0/102 [00:00<?, ?it/s]
epoca 26/30: train 0.0006/0.9999 | val loss 0.0143 acc 0.9969 f1 0.9969 err 0.3075%  | 207s 846 img/s
val 27/30:   0%|          | 0/102 [00:00<?, ?it/s]
epoca 27/30: train 0.0005/0.9999 | val loss 0.0139 acc 0.9971 f1 0.9971 err 0.2921%  | 210s 836 img/s
val 28/30:   0%|          | 0/102 [00:00<?, ?it/s]
epoca 28/30: train 0.0005/0.9999 | val loss 0.0139 acc 0.9970 f1 0.9970 err 0.3024%  | 202s 867 img/s
val 29/30:   0%|          | 0/102 [00:00<?, ?it/s]
epoca 29/30: train 0.0004/0.9999 | val loss 0.0139 acc 0.9971 f1 0.9971 err 0.2870%  | 201s 875 img/s
val 30/30:   0%|          | 0/102 [00:00<?, ?it/s]
epoca 30/30: train 0.0005/0.9999 | val loss 0.0139 acc 0.9972 f1 0.9972 err 0.2768% * | 201s 874 img/s
test:   0%|          | 0/436 [00:00<?, ?it/s]
TESTE (best.pt, epoca 30): acc 0.9981  f1 0.9981  erro 0.1914% (160 / 83613)
-> runs/eixo1_densenet121_s0/metrics.json
