WARNING:root:Axis 1 is out-of-range for weight 'features.denseblock1.denselayer1.norm1.weight' with rank 1
WARNING:root:Axis 1 is out-of-range for weight 'features.denseblock1.denselayer2.norm1.weight' with rank 1
WARNING:root:Axis 1 is out-of-range for weight 'features.denseblock1.denselayer3.norm1.weight' with rank 1
WARNING:root:Axis 1 is out-of-range for weight 'features.denseblock1.denselayer4.norm1.weight' with rank 1
WARNING:root:Axis 1 is out-of-range for weight 'features.denseblock1.denselayer5.norm1.weight' with rank 1
WARNING:root:Axis 1 is out-of-range for weight 'features.denseblock1.denselayer6.norm1.weight' with rank 1
WARNING:root:Axis 1 is out-of-range for weight 'features.transition1.norm.weight' with rank 1
WARNING:root:Axis 1 is out-of-range for weight 'features.denseblock2.denselayer1.norm1.weight' with rank 1
WARNING:root:Axis 1 is out-of-range for weight 'features.denseblock2.denselayer2.norm1.weight' with rank 1
WARNING:root:Axis 1 is out-of-range for weight 'features.denseblock2.denselayer3.norm1.weight' with rank 1
WARNING:root:Axis 1 is out-of-range for weight 'features.denseblock2.denselayer4.norm1.weight' with rank 1
WARNING:root:Axis 1 is out-of-range for weight 'features.denseblock2.denselayer5.norm1.weight' with rank 1
WARNING:root:Axis 1 is out-of-range for weight 'features.denseblock2.denselayer6.norm1.weight' with rank 1
WARNING:root:Axis 1 is out-of-range for weight 'features.denseblock2.denselayer7.norm1.weight' with rank 1
WARNING:root:Axis 1 is out-of-range for weight 'features.denseblock2.denselayer8.norm1.weight' with rank 1
WARNING:root:Axis 1 is out-of-range for weight 'features.denseblock2.denselayer9.norm1.weight' with rank 1
WARNING:root:Axis 1 is out-of-range for weight 'features.denseblock2.denselayer10.norm1.weight' with rank 1
WARNING:root:Axis 1 is out-of-range for weight 'features.denseblock2.denselayer11.norm1.weight' with rank 1
WARNING:root:Axis 1 is out-of-range for weight 'features.denseblock2.denselayer12.norm1.weight' with rank 1
WARNING:root:Axis 1 is out-of-range for weight 'features.transition2.norm.weight' with rank 1
WARNING:root:Axis 1 is out-of-range for weight 'features.denseblock3.denselayer1.norm1.weight' with rank 1
WARNING:root:Axis 1 is out-of-range for weight 'features.denseblock3.denselayer2.norm1.weight' with rank 1
WARNING:root:Axis 1 is out-of-range for weight 'features.denseblock3.denselayer3.norm1.weight' with rank 1
WARNING:root:Axis 1 is out-of-range for weight 'features.denseblock3.denselayer4.norm1.weight' with rank 1
WARNING:root:Axis 1 is out-of-range for weight 'features.denseblock3.denselayer5.norm1.weight' with rank 1
WARNING:root:Axis 1 is out-of-range for weight 'features.denseblock3.denselayer6.norm1.weight' with rank 1
WARNING:root:Axis 1 is out-of-range for weight 'features.denseblock3.denselayer7.norm1.weight' with rank 1
WARNING:root:Axis 1 is out-of-range for weight 'features.denseblock3.denselayer8.norm1.weight' with rank 1
WARNING:root:Axis 1 is out-of-range for weight 'features.denseblock3.denselayer9.norm1.weight' with rank 1
WARNING:root:Axis 1 is out-of-range for weight 'features.denseblock3.denselayer10.norm1.weight' with rank 1
WARNING:root:Axis 1 is out-of-range for weight 'features.denseblock3.denselayer11.norm1.weight' with rank 1
WARNING:root:Axis 1 is out-of-range for weight 'features.denseblock3.denselayer12.norm1.weight' with rank 1
WARNING:root:Axis 1 is out-of-range for weight 'features.denseblock3.denselayer13.norm1.weight' with rank 1
WARNING:root:Axis 1 is out-of-range for weight 'features.denseblock3.denselayer14.norm1.weight' with rank 1
WARNING:root:Axis 1 is out-of-range for weight 'features.denseblock3.denselayer15.norm1.weight' with rank 1
WARNING:root:Axis 1 is out-of-range for weight 'features.denseblock3.denselayer16.norm1.weight' with rank 1
WARNING:root:Axis 1 is out-of-range for weight 'features.denseblock3.denselayer17.norm1.weight' with rank 1
WARNING:root:Axis 1 is out-of-range for weight 'features.denseblock3.denselayer18.norm1.weight' with rank 1
WARNING:root:Axis 1 is out-of-range for weight 'features.denseblock3.denselayer19.norm1.weight' with rank 1
WARNING:root:Axis 1 is out-of-range for weight 'features.denseblock3.denselayer20.norm1.weight' with rank 1
WARNING:root:Axis 1 is out-of-range for weight 'features.denseblock3.denselayer21.norm1.weight' with rank 1
WARNING:root:Axis 1 is out-of-range for weight 'features.denseblock3.denselayer22.norm1.weight' with rank 1
WARNING:root:Axis 1 is out-of-range for weight 'features.denseblock3.denselayer23.norm1.weight' with rank 1
WARNING:root:Axis 1 is out-of-range for weight 'features.denseblock3.denselayer24.norm1.weight' with rank 1
WARNING:root:Axis 1 is out-of-range for weight 'features.transition3.norm.weight' with rank 1
WARNING:root:Axis 1 is out-of-range for weight 'features.denseblock4.denselayer1.norm1.weight' with rank 1
WARNING:root:Axis 1 is out-of-range for weight 'features.denseblock4.denselayer2.norm1.weight' with rank 1
WARNING:root:Axis 1 is out-of-range for weight 'features.denseblock4.denselayer3.norm1.weight' with rank 1
WARNING:root:Axis 1 is out-of-range for weight 'features.denseblock4.denselayer4.norm1.weight' with rank 1
WARNING:root:Axis 1 is out-of-range for weight 'features.denseblock4.denselayer5.norm1.weight' with rank 1
WARNING:root:Axis 1 is out-of-range for weight 'features.denseblock4.denselayer6.norm1.weight' with rank 1
WARNING:root:Axis 1 is out-of-range for weight 'features.denseblock4.denselayer7.norm1.weight' with rank 1
WARNING:root:Axis 1 is out-of-range for weight 'features.denseblock4.denselayer8.norm1.weight' with rank 1
WARNING:root:Axis 1 is out-of-range for weight 'features.denseblock4.denselayer9.norm1.weight' with rank 1
WARNING:root:Axis 1 is out-of-range for weight 'features.denseblock4.denselayer10.norm1.weight' with rank 1
WARNING:root:Axis 1 is out-of-range for weight 'features.denseblock4.denselayer11.norm1.weight' with rank 1
WARNING:root:Axis 1 is out-of-range for weight 'features.denseblock4.denselayer12.norm1.weight' with rank 1
WARNING:root:Axis 1 is out-of-range for weight 'features.denseblock4.denselayer13.norm1.weight' with rank 1
WARNING:root:Axis 1 is out-of-range for weight 'features.denseblock4.denselayer14.norm1.weight' with rank 1
WARNING:root:Axis 1 is out-of-range for weight 'features.denseblock4.denselayer15.norm1.weight' with rank 1
WARNING:root:Axis 1 is out-of-range for weight 'features.denseblock4.denselayer16.norm1.weight' with rank 1
WARNING:root:Axis 1 is out-of-range for weight 'features.norm5.weight' with rank 1
Collecting tensor data and making histogram ...
Collecting tensor data and making histogram ...
Collecting tensor data and making histogram ...
Collecting tensor data and making histogram ...
Collecting tensor data and making histogram ...
Collecting tensor data and making histogram ...
Collecting tensor data and making histogram ...
Collecting tensor data and making histogram ...
Collecting tensor data and making histogram ...
Collecting tensor data and making histogram ...
Collecting tensor data and making histogram ...
Collecting tensor data and making histogram ...
Collecting tensor data and making histogram ...
Collecting tensor data and making histogram ...
Collecting tensor data and making histogram ...
Collecting tensor data and making histogram ...
Collecting tensor data and making histogram ...
Collecting tensor data and making histogram ...
Collecting tensor data and making histogram ...
Collecting tensor data and making histogram ...
Collecting tensor data and making histogram ...
Collecting tensor data and making histogram ...
Collecting tensor data and making histogram ...
Collecting tensor data and making histogram ...
Collecting tensor data and making histogram ...
Collecting tensor data and making histogram ...
Collecting tensor data and making histogram ...
Collecting tensor data and making histogram ...
Collecting tensor data and making histogram ...
Collecting tensor data and making histogram ...
Collecting tensor data and making histogram ...
Collecting tensor data and making histogram ...
Collecting tensor data and making histogram ...
Collecting tensor data and making histogram ...
Collecting tensor data and making histogram ...
Collecting tensor data and making histogram ...
Collecting tensor data and making histogram ...
Collecting tensor data and making histogram ...
Collecting tensor data and making histogram ...
Collecting tensor data and making histogram ...
Collecting tensor data and making histogram ...
Collecting tensor data and making histogram ...
Collecting tensor data and making histogram ...
Collecting tensor data and making histogram ...
Collecting tensor data and making histogram ...
Collecting tensor data and making histogram ...
Collecting tensor data and making histogram ...
Collecting tensor data and making histogram ...
Collecting tensor data and making histogram ...
Collecting tensor data and making histogram ...
Collecting tensor data and making histogram ...
Collecting tensor data and making histogram ...
Collecting tensor data and making histogram ...
Collecting tensor data and making histogram ...
Collecting tensor data and making histogram ...
Collecting tensor data and making histogram ...
Collecting tensor data and making histogram ...
Collecting tensor data and making histogram ...
Collecting tensor data and making histogram ...
Collecting tensor data and making histogram ...
Collecting tensor data and making histogram ...
Collecting tensor data and making histogram ...
Collecting tensor data and making histogram ...
Collecting tensor data and making histogram ...
Finding optimal threshold for each tensor using 'percentile' algorithm ...
Number of tensors : 373
Number of histogram bins : 2048
Percentile : (0.010000000000005116,99.99)
densenet121: runs/eixo1_densenet121_s0/model_qdq_int8.onnx (7.7 MiB, 370 QuantizeLinear, 123s) | smoke val n=256: acc qdq 0.9961 vs fp32 0.9961
int8: runs/eixo1_densenet121_s0/trt/model_int8.engine (14.7 MiB, build 2105.3s) | camadas por tipo: {'Float': 399, 'Int8': 973, '?': 125}
trt int8 test:   0%|          | 0/2613 [00:00<?, ?it/s]trt int8 test:  30%|██▉       | 772/2613 [00:30<01:11, 25.70it/s]trt int8 test:  30%|██▉       | 772/2613 [00:50<01:11, 25.70it/s]trt int8 test:  59%|█████▉    | 1549/2613 [01:00<00:41, 25.82it/s]trt int8 test:  59%|█████▉    | 1549/2613 [01:20<00:41, 25.82it/s]trt int8 test:  89%|████████▉ | 2328/2613 [01:30<00:11, 25.88it/s]                                                                  densenet121 TRT int8 test: n=83,613 acc 0.99791 f1 0.99792 erro 0.2093% (175) | 827.3 img/s
-> runs/eixo1_densenet121_s0/metrics_trt_int8.json
