poda global por magnitude: alvo 95.00% -> obtida 95.0000% dos pesos podáveis (1.23 M não-nulos de 23.54 M)
run       : eixo2c_rewind_resnet50_p95_s1
arch      : resnet50 (pretrained=False)  seed=1
manifesto : v2 ed5c1eb749ec9e72...  mask=None
fit/val/test: 175,591 / 19,511 / 83,613 imgs  (11,805 / 2,268 / 6,044 sujeitos)
batch 96 | steps/epoch 1,829 | epochs 30 | warmup 2 ep | early stop patience off
val 1/30:   0%|          | 0/102 [00:00<?, ?it/s]
epoca 1/30: train 0.1367/0.9897 | val loss 0.0154 acc 0.9958 f1 0.9958 err 0.4203% * | 175s 1004 img/s
val 2/30:   0%|          | 0/102 [00:00<?, ?it/s]
epoca 2/30: train 0.0148/0.9959 | val loss 0.0271 acc 0.9931 f1 0.9931 err 0.6868%  | 168s 1047 img/s
val 3/30:   0%|          | 0/102 [00:00<?, ?it/s]
epoca 3/30: train 0.0182/0.9947 | val loss 0.0241 acc 0.9931 f1 0.9931 err 0.6919%  | 167s 1051 img/s
val 4/30:   0%|          | 0/102 [00:00<?, ?it/s]
epoca 4/30: train 0.0140/0.9959 | val loss 0.0198 acc 0.9950 f1 0.9950 err 0.5023%  | 164s 1072 img/s
val 5/30:   0%|          | 0/102 [00:00<?, ?it/s]
epoca 5/30: train 0.0136/0.9961 | val loss 0.0203 acc 0.9945 f1 0.9945 err 0.5484%  | 165s 1067 img/s
val 6/30:   0%|          | 0/102 [00:00<?, ?it/s]
epoca 6/30: train 0.0117/0.9966 | val loss 0.0262 acc 0.9923 f1 0.9923 err 0.7688%  | 165s 1062 img/s
val 7/30:   0%|          | 0/102 [00:00<?, ?it/s]
epoca 7/30: train 0.0110/0.9970 | val loss 0.0214 acc 0.9941 f1 0.9941 err 0.5894%  | 162s 1084 img/s
val 8/30:   0%|          | 0/102 [00:00<?, ?it/s]
epoca 8/30: train 0.0107/0.9971 | val loss 0.0210 acc 0.9940 f1 0.9940 err 0.6048%  | 162s 1081 img/s
val 9/30:   0%|          | 0/102 [00:00<?, ?it/s]
epoca 9/30: train 0.0094/0.9975 | val loss 0.0166 acc 0.9952 f1 0.9952 err 0.4767%  | 161s 1090 img/s
val 10/30:   0%|          | 0/102 [00:00<?, ?it/s]
epoca 10/30: train 0.0088/0.9976 | val loss 0.0204 acc 0.9944 f1 0.9944 err 0.5638%  | 161s 1089 img/s
val 11/30:   0%|          | 0/102 [00:00<?, ?it/s]
epoca 11/30: train 0.0090/0.9976 | val loss 0.0207 acc 0.9942 f1 0.9942 err 0.5792%  | 161s 1091 img/s
val 12/30:   0%|          | 0/102 [00:00<?, ?it/s]
epoca 12/30: train 0.0079/0.9979 | val loss 0.0153 acc 0.9959 f1 0.9959 err 0.4100% * | 161s 1090 img/s
val 13/30:   0%|          | 0/102 [00:00<?, ?it/s]
epoca 13/30: train 0.0084/0.9978 | val loss 0.0184 acc 0.9954 f1 0.9955 err 0.4562%  | 161s 1090 img/s
val 14/30:   0%|          | 0/102 [00:00<?, ?it/s]
epoca 14/30: train 0.0075/0.9980 | val loss 0.0159 acc 0.9953 f1 0.9954 err 0.4664%  | 161s 1091 img/s
val 15/30:   0%|          | 0/102 [00:00<?, ?it/s]
epoca 15/30: train 0.0066/0.9983 | val loss 0.0172 acc 0.9955 f1 0.9956 err 0.4459%  | 161s 1091 img/s
val 16/30:   0%|          | 0/102 [00:00<?, ?it/s]
epoca 16/30: train 0.0049/0.9988 | val loss 0.0164 acc 0.9958 f1 0.9959 err 0.4152%  | 161s 1092 img/s
val 17/30:   0%|          | 0/102 [00:00<?, ?it/s]
epoca 17/30: train 0.0039/0.9990 | val loss 0.0141 acc 0.9966 f1 0.9966 err 0.3434% * | 161s 1091 img/s
val 18/30:   0%|          | 0/102 [00:00<?, ?it/s]
epoca 18/30: train 0.0044/0.9989 | val loss 0.0202 acc 0.9948 f1 0.9948 err 0.5228%  | 161s 1092 img/s
val 19/30:   0%|          | 0/102 [00:00<?, ?it/s]
epoca 19/30: train 0.0039/0.9990 | val loss 0.0134 acc 0.9967 f1 0.9967 err 0.3280% * | 161s 1091 img/s
val 20/30:   0%|          | 0/102 [00:00<?, ?it/s]
epoca 20/30: train 0.0028/0.9993 | val loss 0.0154 acc 0.9964 f1 0.9964 err 0.3639%  | 161s 1092 img/s
val 21/30:   0%|          | 0/102 [00:00<?, ?it/s]
epoca 21/30: train 0.0025/0.9994 | val loss 0.0155 acc 0.9967 f1 0.9967 err 0.3280% * | 161s 1092 img/s
val 22/30:   0%|          | 0/102 [00:00<?, ?it/s]
epoca 22/30: train 0.0018/0.9996 | val loss 0.0139 acc 0.9972 f1 0.9972 err 0.2819% * | 161s 1092 img/s
val 23/30:   0%|          | 0/102 [00:00<?, ?it/s]
epoca 23/30: train 0.0015/0.9997 | val loss 0.0153 acc 0.9968 f1 0.9968 err 0.3178%  | 161s 1090 img/s
val 24/30:   0%|          | 0/102 [00:00<?, ?it/s]
epoca 24/30: train 0.0014/0.9997 | val loss 0.0139 acc 0.9969 f1 0.9969 err 0.3126%  | 161s 1089 img/s
val 25/30:   0%|          | 0/102 [00:00<?, ?it/s]
epoca 25/30: train 0.0012/0.9997 | val loss 0.0144 acc 0.9969 f1 0.9969 err 0.3126%  | 161s 1091 img/s
val 26/30:   0%|          | 0/102 [00:00<?, ?it/s]
epoca 26/30: train 0.0011/0.9998 | val loss 0.0148 acc 0.9968 f1 0.9968 err 0.3178%  | 161s 1091 img/s
val 27/30:   0%|          | 0/102 [00:00<?, ?it/s]
epoca 27/30: train 0.0010/0.9998 | val loss 0.0151 acc 0.9965 f1 0.9965 err 0.3485%  | 161s 1090 img/s
val 28/30:   0%|          | 0/102 [00:00<?, ?it/s]
epoca 28/30: train 0.0009/0.9999 | val loss 0.0146 acc 0.9967 f1 0.9967 err 0.3280%  | 161s 1092 img/s
val 29/30:   0%|          | 0/102 [00:00<?, ?it/s]
epoca 29/30: train 0.0009/0.9999 | val loss 0.0147 acc 0.9967 f1 0.9967 err 0.3331%  | 161s 1091 img/s
val 30/30:   0%|          | 0/102 [00:00<?, ?it/s]
epoca 30/30: train 0.0009/0.9999 | val loss 0.0150 acc 0.9967 f1 0.9967 err 0.3280%  | 161s 1092 img/s
test:   0%|          | 0/436 [00:00<?, ?it/s]
TESTE (best.pt, epoca 22): acc 0.9976  f1 0.9977  erro 0.2356% (197 / 83613)
-> runs/eixo2c_rewind_resnet50_p95_s1/metrics.json
resnet50: params 23.54 M (nao-nulos 1.23 M, esparsidade 94.8%) | MACs 4.11 G @ 224px | FP32 90.1 MiB, gzip 12.3 MiB [2.2s]
-> runs/eixo2c_rewind_resnet50_p95_s1/cost.json
