poda global por magnitude: alvo 90.00% -> obtida 90.0000% dos pesos podáveis (0.77 M não-nulos de 6.97 M)
run       : eixo2_prune_densenet121_p90_s2
arch      : densenet121 (pretrained=False)  seed=2
manifesto : v2 ed5c1eb749ec9e72...  mask=None
fit/val/test: 175,591 / 19,511 / 83,613 imgs  (11,805 / 2,268 / 6,044 sujeitos)
batch 96 | steps/epoch 1,829 | epochs 5 | warmup 0 ep | early stop patience off
val 1/5:   0%|          | 0/102 [00:00<?, ?it/s]
epoca 1/5: train 0.0052/0.9993 | val loss 0.0136 acc 0.9965 f1 0.9965 err 0.3485% * | 209s 839 img/s
val 2/5:   0%|          | 0/102 [00:00<?, ?it/s]
epoca 2/5: train 0.0028/0.9995 | val loss 0.0137 acc 0.9966 f1 0.9966 err 0.3434% * | 198s 889 img/s
val 3/5:   0%|          | 0/102 [00:00<?, ?it/s]
epoca 3/5: train 0.0022/0.9996 | val loss 0.0131 acc 0.9967 f1 0.9967 err 0.3280% * | 198s 889 img/s
val 4/5:   0%|          | 0/102 [00:00<?, ?it/s]
epoca 4/5: train 0.0020/0.9997 | val loss 0.0133 acc 0.9967 f1 0.9967 err 0.3331%  | 197s 889 img/s
val 5/5:   0%|          | 0/102 [00:00<?, ?it/s]
epoca 5/5: train 0.0018/0.9997 | val loss 0.0131 acc 0.9968 f1 0.9968 err 0.3229% * | 197s 890 img/s
test:   0%|          | 0/436 [00:00<?, ?it/s]
TESTE (best.pt, epoca 5): acc 0.9980  f1 0.9980  erro 0.1985% (166 / 83613)
-> runs/eixo2_prune_densenet121_p90_s2/metrics.json
densenet121: params 6.97 M (nao-nulos 0.77 M, esparsidade 88.9%) | MACs 2.86 G @ 224px | FP32 27.2 MiB, gzip 5.7 MiB [0.8s]
-> runs/eixo2_prune_densenet121_p90_s2/cost.json
