poda global por magnitude: alvo 98.00% -> obtida 98.0000% dos pesos podáveis (0.56 M não-nulos de 23.54 M)
run       : eixo2b_prunefirst_resnet50_p98_s2
arch      : resnet50 (pretrained=True)  seed=2
manifesto : v2 ed5c1eb749ec9e72...  mask=None
fit/val/test: 175,591 / 19,511 / 83,613 imgs  (11,805 / 2,268 / 6,044 sujeitos)
batch 96 | steps/epoch 1,829 | epochs 30 | warmup 2 ep | early stop patience off
epoch 1/30:   0%|          | 0/1829 [00:00<?, ?it/s]/home/ezenere/Documents/Faculdade/TCC/src/train.py:132: UserWarning: Detected call of `lr_scheduler.step()` before `optimizer.step()`. In PyTorch 1.1.0 and later, you should call them in the opposite order: `optimizer.step()` before `lr_scheduler.step()`.  Failure to do this will result in PyTorch skipping the first value of the learning rate schedule. See more details at https://pytorch.org/docs/stable/optim.html#how-to-adjust-learning-rate
  scheduler.step()
val 1/30:   0%|          | 0/102 [00:00<?, ?it/s]
epoca 1/30: train 1.1492/0.6506 | val loss 0.1083 acc 0.9676 f1 0.9673 err 3.2443% * | 168s 1045 img/s
val 2/30:   0%|          | 0/102 [00:00<?, ?it/s]
epoca 2/30: train 0.0680/0.9790 | val loss 0.0581 acc 0.9827 f1 0.9826 err 1.7272% * | 160s 1095 img/s
val 3/30:   0%|          | 0/102 [00:00<?, ?it/s]
epoca 3/30: train 0.0377/0.9885 | val loss 0.0375 acc 0.9882 f1 0.9882 err 1.1839% * | 161s 1090 img/s
val 4/30:   0%|          | 0/102 [00:00<?, ?it/s]
epoca 4/30: train 0.0262/0.9922 | val loss 0.0322 acc 0.9906 f1 0.9906 err 0.9379% * | 161s 1090 img/s
val 5/30:   0%|          | 0/102 [00:00<?, ?it/s]
epoca 5/30: train 0.0215/0.9935 | val loss 0.0299 acc 0.9916 f1 0.9916 err 0.8354% * | 161s 1091 img/s
val 6/30:   0%|          | 0/102 [00:00<?, ?it/s]
epoca 6/30: train 0.0190/0.9944 | val loss 0.0299 acc 0.9911 f1 0.9911 err 0.8867%  | 161s 1091 img/s
val 7/30:   0%|          | 0/102 [00:00<?, ?it/s]
epoca 7/30: train 0.0173/0.9951 | val loss 0.0248 acc 0.9934 f1 0.9934 err 0.6560% * | 161s 1092 img/s
val 8/30:   0%|          | 0/102 [00:00<?, ?it/s]
epoca 8/30: train 0.0150/0.9955 | val loss 0.0244 acc 0.9930 f1 0.9930 err 0.6970%  | 161s 1093 img/s
val 9/30:   0%|          | 0/102 [00:00<?, ?it/s]
epoca 9/30: train 0.0140/0.9960 | val loss 0.0228 acc 0.9934 f1 0.9934 err 0.6612%  | 161s 1092 img/s
val 10/30:   0%|          | 0/102 [00:00<?, ?it/s]
epoca 10/30: train 0.0132/0.9962 | val loss 0.0232 acc 0.9937 f1 0.9938 err 0.6253% * | 161s 1090 img/s
val 11/30:   0%|          | 0/102 [00:00<?, ?it/s]
epoca 11/30: train 0.0118/0.9965 | val loss 0.0232 acc 0.9930 f1 0.9930 err 0.6970%  | 161s 1091 img/s
val 12/30:   0%|          | 0/102 [00:00<?, ?it/s]
epoca 12/30: train 0.0110/0.9969 | val loss 0.0227 acc 0.9935 f1 0.9935 err 0.6509%  | 161s 1091 img/s
val 13/30:   0%|          | 0/102 [00:00<?, ?it/s]
epoca 13/30: train 0.0102/0.9970 | val loss 0.0213 acc 0.9945 f1 0.9945 err 0.5535% * | 163s 1079 img/s
val 14/30:   0%|          | 0/102 [00:00<?, ?it/s]
epoca 14/30: train 0.0090/0.9975 | val loss 0.0213 acc 0.9935 f1 0.9935 err 0.6509%  | 161s 1092 img/s
val 15/30:   0%|          | 0/102 [00:00<?, ?it/s]
epoca 15/30: train 0.0082/0.9977 | val loss 0.0196 acc 0.9952 f1 0.9952 err 0.4818% * | 161s 1093 img/s
val 16/30:   0%|          | 0/102 [00:00<?, ?it/s]
epoca 16/30: train 0.0080/0.9978 | val loss 0.0189 acc 0.9953 f1 0.9953 err 0.4664% * | 161s 1094 img/s
val 17/30:   0%|          | 0/102 [00:00<?, ?it/s]
epoca 17/30: train 0.0070/0.9982 | val loss 0.0196 acc 0.9953 f1 0.9953 err 0.4715%  | 161s 1092 img/s
val 18/30:   0%|          | 0/102 [00:00<?, ?it/s]
epoca 18/30: train 0.0056/0.9986 | val loss 0.0172 acc 0.9955 f1 0.9955 err 0.4459% * | 161s 1093 img/s
val 19/30:   0%|          | 0/102 [00:00<?, ?it/s]
epoca 19/30: train 0.0050/0.9987 | val loss 0.0179 acc 0.9950 f1 0.9950 err 0.5023%  | 161s 1093 img/s
val 20/30:   0%|          | 0/102 [00:00<?, ?it/s]
epoca 20/30: train 0.0039/0.9991 | val loss 0.0169 acc 0.9954 f1 0.9954 err 0.4562%  | 163s 1078 img/s
val 21/30:   0%|          | 0/102 [00:00<?, ?it/s]
epoca 21/30: train 0.0036/0.9991 | val loss 0.0170 acc 0.9954 f1 0.9955 err 0.4562%  | 161s 1091 img/s
val 22/30:   0%|          | 0/102 [00:00<?, ?it/s]
epoca 22/30: train 0.0031/0.9993 | val loss 0.0162 acc 0.9960 f1 0.9960 err 0.4049% * | 161s 1093 img/s
val 23/30:   0%|          | 0/102 [00:00<?, ?it/s]
epoca 23/30: train 0.0026/0.9994 | val loss 0.0162 acc 0.9960 f1 0.9960 err 0.4049% * | 161s 1094 img/s
val 24/30:   0%|          | 0/102 [00:00<?, ?it/s]
epoca 24/30: train 0.0023/0.9995 | val loss 0.0157 acc 0.9961 f1 0.9961 err 0.3895% * | 161s 1093 img/s
val 25/30:   0%|          | 0/102 [00:00<?, ?it/s]
epoca 25/30: train 0.0021/0.9995 | val loss 0.0157 acc 0.9958 f1 0.9958 err 0.4203%  | 161s 1092 img/s
val 26/30:   0%|          | 0/102 [00:00<?, ?it/s]
epoca 26/30: train 0.0022/0.9995 | val loss 0.0159 acc 0.9962 f1 0.9962 err 0.3793% * | 160s 1095 img/s
val 27/30:   0%|          | 0/102 [00:00<?, ?it/s]
epoca 27/30: train 0.0019/0.9996 | val loss 0.0158 acc 0.9962 f1 0.9962 err 0.3793%  | 161s 1093 img/s
val 28/30:   0%|          | 0/102 [00:00<?, ?it/s]
epoca 28/30: train 0.0018/0.9997 | val loss 0.0158 acc 0.9963 f1 0.9963 err 0.3690% * | 161s 1094 img/s
val 29/30:   0%|          | 0/102 [00:00<?, ?it/s]
epoca 29/30: train 0.0018/0.9997 | val loss 0.0159 acc 0.9962 f1 0.9962 err 0.3844%  | 161s 1093 img/s
val 30/30:   0%|          | 0/102 [00:00<?, ?it/s]
epoca 30/30: train 0.0017/0.9996 | val loss 0.0159 acc 0.9964 f1 0.9964 err 0.3588% * | 160s 1094 img/s
test:   0%|          | 0/436 [00:00<?, ?it/s]
TESTE (best.pt, epoca 30): acc 0.9973  f1 0.9973  erro 0.2691% (225 / 83613)
-> runs/eixo2b_prunefirst_resnet50_p98_s2/metrics.json
resnet50: params 23.54 M (nao-nulos 0.56 M, esparsidade 97.6%) | MACs 4.11 G @ 224px | FP32 90.1 MiB, gzip 8.9 MiB [1.9s]
-> runs/eixo2b_prunefirst_resnet50_p98_s2/cost.json
