poda global por magnitude: alvo 98.00% -> obtida 98.0000% dos pesos podáveis (0.52 M não-nulos de 23.54 M)
run       : eixo2_prune_resnet50_p98_s0
arch      : resnet50 (pretrained=False)  seed=0
manifesto : v2 ed5c1eb749ec9e72...  mask=None
fit/val/test: 175,591 / 19,511 / 83,613 imgs  (11,805 / 2,268 / 6,044 sujeitos)
batch 96 | steps/epoch 1,829 | epochs 5 | warmup 0 ep | early stop patience off
epoch 1/5:   0%|          | 0/1829 [00:00<?, ?it/s]/home/ezenere/Documents/Faculdade/TCC/src/train.py:128: UserWarning: Detected call of `lr_scheduler.step()` before `optimizer.step()`. In PyTorch 1.1.0 and later, you should call them in the opposite order: `optimizer.step()` before `lr_scheduler.step()`.  Failure to do this will result in PyTorch skipping the first value of the learning rate schedule. See more details at https://pytorch.org/docs/stable/optim.html#how-to-adjust-learning-rate
  scheduler.step()
val 1/5:   0%|          | 0/102 [00:00<?, ?it/s]
epoca 1/5: train 0.2015/0.9610 | val loss 0.0308 acc 0.9922 f1 0.9922 err 0.7790% * | 168s 1043 img/s
epoch 2/5:  33%|███▎      | 610/1829 [01:13<01:59, 10.16it/s, acc=0.9941, loss=0.0260, lr=3.07e-03]poda global por magnitude: alvo 98.00% -> obtida 98.0000% dos pesos podáveis (0.52 M não-nulos de 23.54 M)
run       : eixo2_prune_resnet50_p98_s0
arch      : resnet50 (pretrained=False)  seed=0
manifesto : v2 ed5c1eb749ec9e72...  mask=None
fit/val/test: 175,591 / 19,511 / 83,613 imgs  (11,805 / 2,268 / 6,044 sujeitos)
batch 96 | steps/epoch 1,829 | epochs 5 | warmup 0 ep | early stop patience off
retomando: epoca 2/5, best F1 0.9922 (epoca 1)
val 2/5:   0%|          | 0/102 [00:00<?, ?it/s]
epoca 2/5: train 0.0239/0.9944 | val loss 0.0222 acc 0.9938 f1 0.9938 err 0.6202% * | 176s 1000 img/s
val 3/5:   0%|          | 0/102 [00:00<?, ?it/s]
epoca 3/5: train 0.0175/0.9957 | val loss 0.0190 acc 0.9943 f1 0.9943 err 0.5689% * | 162s 1084 img/s
val 4/5:   0%|          | 0/102 [00:00<?, ?it/s]
epoca 4/5: train 0.0140/0.9967 | val loss 0.0179 acc 0.9950 f1 0.9950 err 0.5023% * | 163s 1076 img/s
val 5/5:   0%|          | 0/102 [00:00<?, ?it/s]
epoca 5/5: train 0.0128/0.9970 | val loss 0.0175 acc 0.9950 f1 0.9950 err 0.5023% * | 161s 1094 img/s
test:   0%|          | 0/436 [00:00<?, ?it/s]
TESTE (best.pt, epoca 5): acc 0.9961  f1 0.9962  erro 0.3863% (323 / 83613)
-> runs/eixo2_prune_resnet50_p98_s0/metrics.json
resnet50: params 23.54 M (nao-nulos 0.52 M, esparsidade 97.8%) | MACs 4.11 G @ 224px | FP32 90.1 MiB, gzip 8.8 MiB [2.0s]
-> runs/eixo2_prune_resnet50_p98_s0/cost.json
