poda global por magnitude: alvo 98.00% -> obtida 98.0000% dos pesos podáveis (0.22 M não-nulos de 6.97 M)
run       : eixo2_prune_densenet121_p98_s0
arch      : densenet121 (pretrained=False)  seed=0
manifesto : v2 ed5c1eb749ec9e72...  mask=None
fit/val/test: 175,591 / 19,511 / 83,613 imgs  (11,805 / 2,268 / 6,044 sujeitos)
batch 96 | steps/epoch 1,829 | epochs 5 | warmup 0 ep | early stop patience off
val 1/5:   0%|          | 0/102 [00:00<?, ?it/s]
epoca 1/5: train 0.0785/0.9846 | val loss 0.0271 acc 0.9931 f1 0.9931 err 0.6919% * | 209s 838 img/s
val 2/5:   0%|          | 0/102 [00:00<?, ?it/s]
epoca 2/5: train 0.0195/0.9954 | val loss 0.0195 acc 0.9945 f1 0.9945 err 0.5484% * | 197s 890 img/s
val 3/5:   0%|          | 0/102 [00:00<?, ?it/s]
epoca 3/5: train 0.0137/0.9969 | val loss 0.0179 acc 0.9947 f1 0.9947 err 0.5330% * | 197s 890 img/s
val 4/5:   0%|          | 0/102 [00:00<?, ?it/s]
epoca 4/5: train 0.0106/0.9976 | val loss 0.0164 acc 0.9954 f1 0.9954 err 0.4562% * | 197s 891 img/s
val 5/5:   0%|          | 0/102 [00:00<?, ?it/s]
epoca 5/5: train 0.0092/0.9981 | val loss 0.0163 acc 0.9954 f1 0.9954 err 0.4562% * | 197s 890 img/s
test:   0%|          | 0/436 [00:00<?, ?it/s]
TESTE (best.pt, epoca 5): acc 0.9969  f1 0.9969  erro 0.3133% (262 / 83613)
-> runs/eixo2_prune_densenet121_p98_s0/metrics.json
densenet121: params 6.97 M (nao-nulos 0.22 M, esparsidade 96.8%) | MACs 2.86 G @ 224px | FP32 27.2 MiB, gzip 3.2 MiB [0.8s]
-> runs/eixo2_prune_densenet121_p98_s0/cost.json
