run       : eixo4_resnet50_f050_s1
arch      : resnet50 (pretrained=True)  seed=1
manifesto : v3 40f0951659609108...  mask=frac_50_s1
fit/val/test: 87,798 / 19,511 / 83,613 imgs  (8,851 / 2,268 / 6,044 sujeitos)
batch 96 | steps/epoch 914 | epochs 30 | warmup 2 ep | early stop patience 5
val 1/30:   0%|          | 0/102 [00:00<?, ?it/s]
epoca 1/30: train 0.5594/0.8436 | val loss 0.0523 acc 0.9841 f1 0.9840 err 1.5940% * | 88s 992 img/s
val 2/30:   0%|          | 0/102 [00:00<?, ?it/s]
epoca 2/30: train 0.0372/0.9890 | val loss 0.0452 acc 0.9863 f1 0.9862 err 1.3736% * | 81s 1090 img/s
val 3/30:   0%|          | 0/102 [00:00<?, ?it/s]
epoca 3/30: train 0.0277/0.9918 | val loss 0.0348 acc 0.9897 f1 0.9898 err 1.0251% * | 81s 1085 img/s
val 4/30:   0%|          | 0/102 [00:00<?, ?it/s]
epoca 4/30: train 0.0174/0.9950 | val loss 0.0319 acc 0.9912 f1 0.9913 err 0.8764% * | 80s 1090 img/s
val 5/30:   0%|          | 0/102 [00:00<?, ?it/s]
epoca 5/30: train 0.0141/0.9960 | val loss 0.0204 acc 0.9945 f1 0.9945 err 0.5535% * | 80s 1091 img/s
val 6/30:   0%|          | 0/102 [00:00<?, ?it/s]
epoca 6/30: train 0.0127/0.9963 | val loss 0.0281 acc 0.9923 f1 0.9923 err 0.7739%  | 81s 1090 img/s
val 7/30:   0%|          | 0/102 [00:00<?, ?it/s]
epoca 7/30: train 0.0090/0.9974 | val loss 0.0194 acc 0.9948 f1 0.9948 err 0.5228% * | 81s 1089 img/s
val 8/30:   0%|          | 0/102 [00:00<?, ?it/s]
epoca 8/30: train 0.0083/0.9976 | val loss 0.0236 acc 0.9930 f1 0.9929 err 0.7022%  | 81s 1089 img/s
val 9/30:   0%|          | 0/102 [00:00<?, ?it/s]
epoca 9/30: train 0.0083/0.9976 | val loss 0.0241 acc 0.9936 f1 0.9936 err 0.6407%  | 81s 1090 img/s
val 10/30:   0%|          | 0/102 [00:00<?, ?it/s]
epoca 10/30: train 0.0071/0.9980 | val loss 0.0249 acc 0.9930 f1 0.9930 err 0.7022%  | 80s 1091 img/s
val 11/30:   0%|          | 0/102 [00:00<?, ?it/s]
epoca 11/30: train 0.0068/0.9979 | val loss 0.0250 acc 0.9935 f1 0.9935 err 0.6458%  | 80s 1091 img/s
val 12/30:   0%|          | 0/102 [00:00<?, ?it/s]
epoca 12/30: train 0.0051/0.9986 | val loss 0.0203 acc 0.9954 f1 0.9954 err 0.4613% * | 81s 1090 img/s
val 13/30:   0%|          | 0/102 [00:00<?, ?it/s]
epoca 13/30: train 0.0041/0.9988 | val loss 0.0191 acc 0.9949 f1 0.9949 err 0.5074%  | 81s 1090 img/s
val 14/30:   0%|          | 0/102 [00:00<?, ?it/s]
epoca 14/30: train 0.0027/0.9992 | val loss 0.0225 acc 0.9945 f1 0.9945 err 0.5535%  | 80s 1095 img/s
val 15/30:   0%|          | 0/102 [00:00<?, ?it/s]
epoca 15/30: train 0.0024/0.9994 | val loss 0.0178 acc 0.9960 f1 0.9960 err 0.3998% * | 80s 1092 img/s
val 16/30:   0%|          | 0/102 [00:00<?, ?it/s]
epoca 16/30: train 0.0022/0.9993 | val loss 0.0190 acc 0.9956 f1 0.9956 err 0.4408%  | 81s 1089 img/s
val 17/30:   0%|          | 0/102 [00:00<?, ?it/s]
epoca 17/30: train 0.0018/0.9995 | val loss 0.0177 acc 0.9964 f1 0.9964 err 0.3639% * | 81s 1088 img/s
val 18/30:   0%|          | 0/102 [00:00<?, ?it/s]
epoca 18/30: train 0.0012/0.9997 | val loss 0.0173 acc 0.9961 f1 0.9961 err 0.3895%  | 81s 1087 img/s
val 19/30:   0%|          | 0/102 [00:00<?, ?it/s]
epoca 19/30: train 0.0008/0.9997 | val loss 0.0167 acc 0.9968 f1 0.9968 err 0.3178% * | 80s 1090 img/s
val 20/30:   0%|          | 0/102 [00:00<?, ?it/s]
epoca 20/30: train 0.0006/0.9998 | val loss 0.0172 acc 0.9966 f1 0.9966 err 0.3434%  | 81s 1089 img/s
val 21/30:   0%|          | 0/102 [00:00<?, ?it/s]
epoca 21/30: train 0.0006/0.9998 | val loss 0.0163 acc 0.9962 f1 0.9962 err 0.3844%  | 81s 1088 img/s
val 22/30:   0%|          | 0/102 [00:00<?, ?it/s]
epoca 22/30: train 0.0004/0.9999 | val loss 0.0173 acc 0.9967 f1 0.9967 err 0.3280%  | 81s 1089 img/s
val 23/30:   0%|          | 0/102 [00:00<?, ?it/s]
epoca 23/30: train 0.0004/0.9999 | val loss 0.0176 acc 0.9966 f1 0.9966 err 0.3383%  | 80s 1091 img/s
val 24/30:   0%|          | 0/102 [00:00<?, ?it/s]
epoca 24/30: train 0.0003/0.9999 | val loss 0.0174 acc 0.9966 f1 0.9966 err 0.3383%  | 80s 1090 img/s
early stopping: 5 epocas sem melhora em val (best epoca 19)
test:   0%|          | 0/436 [00:00<?, ?it/s]
TESTE (best.pt, epoca 19): acc 0.9970  f1 0.9970  erro 0.2990% (250 / 83613)
-> runs/eixo4_resnet50_f050_s1/metrics.json
run       : eixo4_resnet50_f050_s1
arch      : resnet50 (pretrained=True)  seed=1
manifesto : v3 40f0951659609108...  mask=frac_50_s1
fit/val/test: 87,798 / 19,511 / 83,613 imgs  (8,851 / 2,268 / 6,044 sujeitos)
batch 96 | steps/epoch 914 | epochs 30 | warmup 2 ep | early stop patience off
retomando: epoca 25/30, best F1 0.9968 (epoca 19)
val 25/30:   0%|          | 0/102 [00:00<?, ?it/s]
epoca 25/30: train 0.0004/0.9999 | val loss 0.0170 acc 0.9966 f1 0.9966 err 0.3383%  | 91s 965 img/s
val 26/30:   0%|          | 0/102 [00:00<?, ?it/s]
epoca 26/30: train 0.0003/1.0000 | val loss 0.0170 acc 0.9966 f1 0.9966 err 0.3383%  | 83s 1055 img/s
val 27/30:   0%|          | 0/102 [00:00<?, ?it/s]
epoca 27/30: train 0.0003/1.0000 | val loss 0.0167 acc 0.9968 f1 0.9968 err 0.3229%  | 83s 1054 img/s
val 28/30:   0%|          | 0/102 [00:00<?, ?it/s]
epoca 28/30: train 0.0002/1.0000 | val loss 0.0172 acc 0.9967 f1 0.9967 err 0.3280%  | 83s 1059 img/s
val 29/30:   0%|          | 0/102 [00:00<?, ?it/s]
epoca 29/30: train 0.0002/1.0000 | val loss 0.0173 acc 0.9966 f1 0.9966 err 0.3434%  | 83s 1062 img/s
val 30/30:   0%|          | 0/102 [00:00<?, ?it/s]
epoca 30/30: train 0.0002/1.0000 | val loss 0.0171 acc 0.9967 f1 0.9967 err 0.3280%  | 87s 1010 img/s
test:   0%|          | 0/436 [00:00<?, ?it/s]
TESTE (best.pt, epoca 19): acc 0.9970  f1 0.9970  erro 0.2990% (250 / 83613)
-> runs/eixo4_resnet50_f050_s1/metrics.json
