poda global por magnitude: alvo 95.00% -> obtida 95.0000% dos pesos podáveis (1.26 M não-nulos de 23.54 M)
run       : eixo2b_prunefirst_resnet50_p95_s2
arch      : resnet50 (pretrained=True)  seed=2
manifesto : v2 ed5c1eb749ec9e72...  mask=None
fit/val/test: 175,591 / 19,511 / 83,613 imgs  (11,805 / 2,268 / 6,044 sujeitos)
batch 96 | steps/epoch 1,829 | epochs 30 | warmup 2 ep | early stop patience off
epoch 1/30:   0%|          | 0/1829 [00:00<?, ?it/s]/home/ezenere/Documents/Faculdade/TCC/src/train.py:132: UserWarning: Detected call of `lr_scheduler.step()` before `optimizer.step()`. In PyTorch 1.1.0 and later, you should call them in the opposite order: `optimizer.step()` before `lr_scheduler.step()`.  Failure to do this will result in PyTorch skipping the first value of the learning rate schedule. See more details at https://pytorch.org/docs/stable/optim.html#how-to-adjust-learning-rate
  scheduler.step()
val 1/30:   0%|          | 0/102 [00:00<?, ?it/s]
epoca 1/30: train 0.9129/0.7295 | val loss 0.0567 acc 0.9828 f1 0.9828 err 1.7170% * | 168s 1042 img/s
val 2/30:   0%|          | 0/102 [00:00<?, ?it/s]
epoca 2/30: train 0.0435/0.9870 | val loss 0.0345 acc 0.9908 f1 0.9908 err 0.9174% * | 162s 1086 img/s
val 3/30:   0%|          | 0/102 [00:00<?, ?it/s]
epoca 3/30: train 0.0257/0.9924 | val loss 0.0250 acc 0.9923 f1 0.9923 err 0.7739% * | 162s 1085 img/s
val 4/30:   0%|          | 0/102 [00:00<?, ?it/s]
epoca 4/30: train 0.0191/0.9943 | val loss 0.0229 acc 0.9941 f1 0.9941 err 0.5894% * | 161s 1089 img/s
val 5/30:   0%|          | 0/102 [00:00<?, ?it/s]
epoca 5/30: train 0.0154/0.9955 | val loss 0.0204 acc 0.9944 f1 0.9943 err 0.5638% * | 161s 1089 img/s
val 6/30:   0%|          | 0/102 [00:00<?, ?it/s]
epoca 6/30: train 0.0126/0.9964 | val loss 0.0205 acc 0.9946 f1 0.9946 err 0.5433% * | 161s 1088 img/s
val 7/30:   0%|          | 0/102 [00:00<?, ?it/s]
epoca 7/30: train 0.0117/0.9966 | val loss 0.0178 acc 0.9948 f1 0.9948 err 0.5228% * | 161s 1091 img/s
val 8/30:   0%|          | 0/102 [00:00<?, ?it/s]
epoca 8/30: train 0.0099/0.9971 | val loss 0.0209 acc 0.9939 f1 0.9939 err 0.6099%  | 161s 1091 img/s
val 9/30:   0%|          | 0/102 [00:00<?, ?it/s]
epoca 9/30: train 0.0102/0.9970 | val loss 0.0215 acc 0.9933 f1 0.9934 err 0.6663%  | 161s 1090 img/s
val 10/30:   0%|          | 0/102 [00:00<?, ?it/s]
epoca 10/30: train 0.0094/0.9972 | val loss 0.0177 acc 0.9959 f1 0.9959 err 0.4100% * | 161s 1088 img/s
val 11/30:   0%|          | 0/102 [00:00<?, ?it/s]
epoca 11/30: train 0.0082/0.9977 | val loss 0.0189 acc 0.9956 f1 0.9956 err 0.4408%  | 161s 1090 img/s
val 12/30:   0%|          | 0/102 [00:00<?, ?it/s]
epoca 12/30: train 0.0080/0.9977 | val loss 0.0184 acc 0.9951 f1 0.9951 err 0.4920%  | 161s 1090 img/s
val 13/30:   0%|          | 0/102 [00:00<?, ?it/s]
epoca 13/30: train 0.0067/0.9981 | val loss 0.0147 acc 0.9960 f1 0.9960 err 0.3998% * | 161s 1090 img/s
val 14/30:   0%|          | 0/102 [00:00<?, ?it/s]
epoca 14/30: train 0.0063/0.9982 | val loss 0.0173 acc 0.9954 f1 0.9954 err 0.4562%  | 161s 1089 img/s
val 15/30:   0%|          | 0/102 [00:00<?, ?it/s]
epoca 15/30: train 0.0054/0.9985 | val loss 0.0164 acc 0.9963 f1 0.9963 err 0.3690% * | 161s 1088 img/s
val 16/30:   0%|          | 0/102 [00:00<?, ?it/s]
epoca 16/30: train 0.0047/0.9987 | val loss 0.0164 acc 0.9962 f1 0.9962 err 0.3844%  | 161s 1089 img/s
val 17/30:   0%|          | 0/102 [00:00<?, ?it/s]
epoca 17/30: train 0.0039/0.9990 | val loss 0.0184 acc 0.9956 f1 0.9957 err 0.4357%  | 161s 1087 img/s
val 18/30:   0%|          | 0/102 [00:00<?, ?it/s]
epoca 18/30: train 0.0035/0.9991 | val loss 0.0153 acc 0.9962 f1 0.9962 err 0.3793%  | 161s 1090 img/s
val 19/30:   0%|          | 0/102 [00:00<?, ?it/s]
epoca 19/30: train 0.0030/0.9992 | val loss 0.0152 acc 0.9964 f1 0.9964 err 0.3588% * | 161s 1090 img/s
val 20/30:   0%|          | 0/102 [00:00<?, ?it/s]
epoca 20/30: train 0.0022/0.9994 | val loss 0.0154 acc 0.9964 f1 0.9964 err 0.3588% * | 161s 1090 img/s
val 21/30:   0%|          | 0/102 [00:00<?, ?it/s]
epoca 21/30: train 0.0019/0.9995 | val loss 0.0156 acc 0.9967 f1 0.9967 err 0.3280% * | 161s 1090 img/s
val 22/30:   0%|          | 0/102 [00:00<?, ?it/s]
epoca 22/30: train 0.0014/0.9997 | val loss 0.0169 acc 0.9969 f1 0.9969 err 0.3126% * | 161s 1090 img/s
val 23/30:   0%|          | 0/102 [00:00<?, ?it/s]
epoca 23/30: train 0.0011/0.9997 | val loss 0.0153 acc 0.9968 f1 0.9968 err 0.3178%  | 161s 1092 img/s
val 24/30:   0%|          | 0/102 [00:00<?, ?it/s]
epoca 24/30: train 0.0011/0.9998 | val loss 0.0155 acc 0.9969 f1 0.9969 err 0.3075% * | 161s 1092 img/s
val 25/30:   0%|          | 0/102 [00:00<?, ?it/s]
epoca 25/30: train 0.0009/0.9998 | val loss 0.0159 acc 0.9969 f1 0.9969 err 0.3126%  | 161s 1093 img/s
val 26/30:   0%|          | 0/102 [00:00<?, ?it/s]
epoca 26/30: train 0.0009/0.9998 | val loss 0.0158 acc 0.9970 f1 0.9970 err 0.3024% * | 161s 1091 img/s
val 27/30:   0%|          | 0/102 [00:00<?, ?it/s]
epoca 27/30: train 0.0008/0.9998 | val loss 0.0156 acc 0.9968 f1 0.9968 err 0.3229%  | 161s 1093 img/s
val 28/30:   0%|          | 0/102 [00:00<?, ?it/s]
epoca 28/30: train 0.0008/0.9999 | val loss 0.0155 acc 0.9971 f1 0.9971 err 0.2921% * | 161s 1093 img/s
val 29/30:   0%|          | 0/102 [00:00<?, ?it/s]
epoca 29/30: train 0.0007/0.9999 | val loss 0.0155 acc 0.9969 f1 0.9969 err 0.3075%  | 161s 1094 img/s
val 30/30:   0%|          | 0/102 [00:00<?, ?it/s]
epoca 30/30: train 0.0007/0.9999 | val loss 0.0157 acc 0.9971 f1 0.9971 err 0.2921% * | 161s 1091 img/s
test:   0%|          | 0/436 [00:00<?, ?it/s]
TESTE (best.pt, epoca 30): acc 0.9975  f1 0.9975  erro 0.2500% (209 / 83613)
-> runs/eixo2b_prunefirst_resnet50_p95_s2/metrics.json
resnet50: params 23.54 M (nao-nulos 1.26 M, esparsidade 94.6%) | MACs 4.11 G @ 224px | FP32 90.1 MiB, gzip 12.3 MiB [2.1s]
-> runs/eixo2b_prunefirst_resnet50_p95_s2/cost.json
