run       : eixo4_resnet50_f005_s1
arch      : resnet50 (pretrained=True)  seed=1
manifesto : v3 40f0951659609108...  mask=frac_5_s1
fit/val/test: 8,782 / 19,511 / 83,613 imgs  (2,612 / 2,268 / 6,044 sujeitos)
batch 96 | steps/epoch 91 | epochs 30 | warmup 2 ep | early stop patience 5
val 1/30:   0%|          | 0/102 [00:00<?, ?it/s]
epoca 1/30: train 1.8208/0.4826 | val loss 0.2442 acc 0.9207 f1 0.9204 err 7.9289% * | 17s 521 img/s
val 2/30:   0%|          | 0/102 [00:00<?, ?it/s]
epoca 2/30: train 0.1240/0.9621 | val loss 0.1521 acc 0.9531 f1 0.9532 err 4.6897% * | 9s 997 img/s
val 3/30:   0%|          | 0/102 [00:00<?, ?it/s]
epoca 3/30: train 0.0745/0.9781 | val loss 0.1234 acc 0.9614 f1 0.9611 err 3.8594% * | 9s 980 img/s
val 4/30:   0%|          | 0/102 [00:00<?, ?it/s]
epoca 4/30: train 0.0527/0.9843 | val loss 0.0928 acc 0.9717 f1 0.9716 err 2.8343% * | 9s 987 img/s
val 5/30:   0%|          | 0/102 [00:00<?, ?it/s]
epoca 5/30: train 0.0242/0.9935 | val loss 0.0569 acc 0.9839 f1 0.9839 err 1.6093% * | 9s 958 img/s
val 6/30:   0%|          | 0/102 [00:00<?, ?it/s]
epoca 6/30: train 0.0207/0.9929 | val loss 0.0720 acc 0.9806 f1 0.9806 err 1.9374%  | 9s 976 img/s
val 7/30:   0%|          | 0/102 [00:00<?, ?it/s]
epoca 7/30: train 0.0197/0.9937 | val loss 0.1189 acc 0.9670 f1 0.9667 err 3.3007%  | 9s 1001 img/s
val 8/30:   0%|          | 0/102 [00:00<?, ?it/s]
epoca 8/30: train 0.0215/0.9934 | val loss 0.0607 acc 0.9837 f1 0.9836 err 1.6350%  | 9s 974 img/s
val 9/30:   0%|          | 0/102 [00:00<?, ?it/s]
epoca 9/30: train 0.0094/0.9969 | val loss 0.0430 acc 0.9882 f1 0.9882 err 1.1839% * | 9s 960 img/s
val 10/30:   0%|          | 0/102 [00:00<?, ?it/s]
epoca 10/30: train 0.0044/0.9990 | val loss 0.0465 acc 0.9878 f1 0.9878 err 1.2198%  | 9s 952 img/s
val 11/30:   0%|          | 0/102 [00:00<?, ?it/s]
epoca 11/30: train 0.0036/0.9990 | val loss 0.0400 acc 0.9902 f1 0.9902 err 0.9841% * | 9s 977 img/s
val 12/30:   0%|          | 0/102 [00:00<?, ?it/s]
epoca 12/30: train 0.0012/0.9999 | val loss 0.0420 acc 0.9906 f1 0.9906 err 0.9431% * | 9s 963 img/s
val 13/30:   0%|          | 0/102 [00:00<?, ?it/s]
epoca 13/30: train 0.0023/0.9992 | val loss 0.0434 acc 0.9885 f1 0.9885 err 1.1481%  | 9s 962 img/s
val 14/30:   0%|          | 0/102 [00:00<?, ?it/s]
epoca 14/30: train 0.0016/0.9998 | val loss 0.0408 acc 0.9906 f1 0.9906 err 0.9379% * | 9s 964 img/s
val 15/30:   0%|          | 0/102 [00:00<?, ?it/s]
epoca 15/30: train 0.0008/0.9999 | val loss 0.0373 acc 0.9913 f1 0.9913 err 0.8713% * | 9s 953 img/s
val 16/30:   0%|          | 0/102 [00:00<?, ?it/s]
epoca 16/30: train 0.0004/1.0000 | val loss 0.0375 acc 0.9915 f1 0.9915 err 0.8457% * | 9s 978 img/s
val 17/30:   0%|          | 0/102 [00:00<?, ?it/s]
epoca 17/30: train 0.0003/1.0000 | val loss 0.0393 acc 0.9918 f1 0.9918 err 0.8201% * | 9s 985 img/s
val 18/30:   0%|          | 0/102 [00:00<?, ?it/s]
epoca 18/30: train 0.0003/1.0000 | val loss 0.0363 acc 0.9919 f1 0.9918 err 0.8149% * | 9s 954 img/s
val 19/30:   0%|          | 0/102 [00:00<?, ?it/s]
epoca 19/30: train 0.0003/1.0000 | val loss 0.0367 acc 0.9920 f1 0.9920 err 0.7995% * | 9s 967 img/s
val 20/30:   0%|          | 0/102 [00:00<?, ?it/s]
epoca 20/30: train 0.0003/1.0000 | val loss 0.0366 acc 0.9917 f1 0.9918 err 0.8252%  | 9s 980 img/s
val 21/30:   0%|          | 0/102 [00:00<?, ?it/s]
epoca 21/30: train 0.0002/1.0000 | val loss 0.0371 acc 0.9919 f1 0.9919 err 0.8149%  | 9s 975 img/s
val 22/30:   0%|          | 0/102 [00:00<?, ?it/s]
epoca 22/30: train 0.0002/1.0000 | val loss 0.0360 acc 0.9920 f1 0.9920 err 0.8047%  | 9s 991 img/s
val 23/30:   0%|          | 0/102 [00:00<?, ?it/s]
epoca 23/30: train 0.0003/1.0000 | val loss 0.0366 acc 0.9918 f1 0.9918 err 0.8201%  | 9s 1016 img/s
val 24/30:   0%|          | 0/102 [00:00<?, ?it/s]
epoca 24/30: train 0.0002/1.0000 | val loss 0.0376 acc 0.9916 f1 0.9916 err 0.8406%  | 9s 1000 img/s
early stopping: 5 epocas sem melhora em val (best epoca 19)
test:   0%|          | 0/436 [00:00<?, ?it/s]
TESTE (best.pt, epoca 19): acc 0.9933  f1 0.9933  erro 0.6686% (559 / 83613)
-> runs/eixo4_resnet50_f005_s1/metrics.json
run       : eixo4_resnet50_f005_s1
arch      : resnet50 (pretrained=True)  seed=1
manifesto : v3 40f0951659609108...  mask=frac_5_s1
fit/val/test: 8,782 / 19,511 / 83,613 imgs  (2,612 / 2,268 / 6,044 sujeitos)
batch 96 | steps/epoch 91 | epochs 30 | warmup 2 ep | early stop patience off
retomando: epoca 25/30, best F1 0.9920 (epoca 19)
val 25/30:   0%|          | 0/102 [00:00<?, ?it/s]
epoca 25/30: train 0.0002/1.0000 | val loss 0.0361 acc 0.9919 f1 0.9919 err 0.8098%  | 17s 525 img/s
val 26/30:   0%|          | 0/102 [00:00<?, ?it/s]
epoca 26/30: train 0.0003/1.0000 | val loss 0.0365 acc 0.9916 f1 0.9917 err 0.8354%  | 9s 997 img/s
val 27/30:   0%|          | 0/102 [00:00<?, ?it/s]
epoca 27/30: train 0.0002/1.0000 | val loss 0.0371 acc 0.9919 f1 0.9919 err 0.8098%  | 9s 984 img/s
val 28/30:   0%|          | 0/102 [00:00<?, ?it/s]
epoca 28/30: train 0.0002/1.0000 | val loss 0.0366 acc 0.9917 f1 0.9918 err 0.8252%  | 9s 997 img/s
val 29/30:   0%|          | 0/102 [00:00<?, ?it/s]
epoca 29/30: train 0.0003/0.9999 | val loss 0.0379 acc 0.9914 f1 0.9914 err 0.8611%  | 9s 995 img/s
val 30/30:   0%|          | 0/102 [00:00<?, ?it/s]
epoca 30/30: train 0.0003/1.0000 | val loss 0.0369 acc 0.9917 f1 0.9918 err 0.8252%  | 9s 984 img/s
test:   0%|          | 0/436 [00:00<?, ?it/s]
TESTE (best.pt, epoca 19): acc 0.9933  f1 0.9933  erro 0.6686% (559 / 83613)
-> runs/eixo4_resnet50_f005_s1/metrics.json
