poda global por magnitude: alvo 50.00% -> obtida 50.0000% dos pesos podáveis (11.80 M não-nulos de 23.54 M)
run       : eixo2_prune_resnet50_p50_s1
arch      : resnet50 (pretrained=False)  seed=1
manifesto : v2 ed5c1eb749ec9e72...  mask=None
fit/val/test: 175,591 / 19,511 / 83,613 imgs  (11,805 / 2,268 / 6,044 sujeitos)
batch 96 | steps/epoch 1,829 | epochs 5 | warmup 0 ep | early stop patience off
val 1/5:   0%|          | 0/102 [00:00<?, ?it/s]
epoca 1/5: train 0.0005/0.9999 | val loss 0.0147 acc 0.9971 f1 0.9971 err 0.2921% * | 170s 1030 img/s
val 2/5:   0%|          | 0/102 [00:00<?, ?it/s]
epoca 2/5: train 0.0005/0.9999 | val loss 0.0145 acc 0.9972 f1 0.9973 err 0.2768% * | 170s 1031 img/s
val 3/5:   0%|          | 0/102 [00:00<?, ?it/s]
epoca 3/5: train 0.0004/0.9999 | val loss 0.0145 acc 0.9969 f1 0.9969 err 0.3075%  | 166s 1057 img/s
val 4/5:   0%|          | 0/102 [00:00<?, ?it/s]
epoca 4/5: train 0.0004/0.9999 | val loss 0.0150 acc 0.9972 f1 0.9972 err 0.2819%  | 167s 1054 img/s
val 5/5:   0%|          | 0/102 [00:00<?, ?it/s]
epoca 5/5: train 0.0004/0.9999 | val loss 0.0150 acc 0.9971 f1 0.9971 err 0.2921%  | 165s 1066 img/s
test:   0%|          | 0/436 [00:00<?, ?it/s]
TESTE (best.pt, epoca 2): acc 0.9980  f1 0.9981  erro 0.1961% (164 / 83613)
-> runs/eixo2_prune_resnet50_p50_s1/metrics.json
resnet50: params 23.54 M (nao-nulos 11.80 M, esparsidade 49.9%) | MACs 4.11 G @ 224px | FP32 90.1 MiB, gzip 51.0 MiB [3.3s]
-> runs/eixo2_prune_resnet50_p50_s1/cost.json
